02-17 10:43:12.864  2213  2223 I chatty  : uid=1000(system) Binder:2213_1 expire 1 line
02-17 10:43:14.287  2213  2228 I chatty  : uid=1000(system) ActivityManager expire 10 lines
02-17 10:43:29.757  2213  2329 I chatty  : uid=1000(system) WifiService expire 2 lines
02-17 10:43:31.089  2213  2230 I chatty  : uid=1000(system) ActivityManager expire 7 lines
02-17 10:43:31.095  2213  4079 I chatty  : uid=1000(system) Binder:2213_E expire 3 lines
02-17 10:43:31.204  2213  7723 I chatty  : uid=1000(system) Binder:2213_18 expire 5 lines
02-17 10:43:31.257  2213  2223 I chatty  : uid=1000(system) Binder:2213_1 expire 2 lines
02-17 10:43:32.114  2213 27113 I chatty  : uid=1000(system) Binder:2213_1F expire 8 lines
02-17 10:43:33.922  2213  2236 I chatty  : uid=1000(system) android.display expire 3 lines
02-17 10:43:36.232  2213  2293 I chatty  : uid=1000(system) UEventObserver expire 10 lines
02-17 10:43:37.544  2213 19663 I chatty  : uid=1000(system) Binder:2213_1B expire 4 lines
02-17 10:43:37.576  2213  6645 I chatty  : uid=1000(system) Binder:2213_16 expire 5 lines
02-17 10:43:37.596  2213  2312 I chatty  : uid=1000(system) InputDispatcher expire 1 line
02-17 10:44:00.364  1302  1507 E storaged: getDiskStats failed with result NOT_SUPPORTED and size 0
02-17 10:44:00.971  2213  2350 I chatty  : uid=1000(system) ConnectivitySer expire 1 line
02-17 10:44:47.327  2213  4256 I chatty  : uid=1000(system) Binder:2213_F expire 1 line
02-17 10:45:00.365  1302  1507 E storaged: getDiskStats failed with result NOT_SUPPORTED and size 0
02-17 10:45:06.472  2213  2293 I chatty  : uid=1000(system) UEventObserver expire 12 lines
02-17 10:46:00.365  1302  1507 E storaged: getDiskStats failed with result NOT_SUPPORTED and size 0
02-17 10:47:00.366  1302  1507 E storaged: getDiskStats failed with result NOT_SUPPORTED and size 0
02-17 10:47:06.792  2213  2293 I chatty  : uid=1000(system) UEventObserver expire 12 lines
02-17 10:48:00.366  1302  1507 E storaged: getDiskStats failed with result NOT_SUPPORTED and size 0
02-17 10:48:20.896  2213  3871 I chatty  : uid=1000(system) Binder:2213_C expire 1 line
02-17 10:48:28.175  2213  2213 I chatty  : uid=1000 system_server expire 4 lines
02-17 10:49:02.301  1302  1507 E storaged: getDiskStats failed with result NOT_SUPPORTED and size 0
02-17 10:49:07.113  2213  2293 I chatty  : uid=1000(system) UEventObserver expire 12 lines
02-17 10:50:02.301  1302  1507 E storaged: getDiskStats failed with result NOT_SUPPORTED and size 0
02-17 10:51:02.302  1302  1507 E storaged: getDiskStats failed with result NOT_SUPPORTED and size 0
02-17 10:51:07.444  2213  2293 I chatty  : uid=1000(system) UEventObserver expire 13 lines
02-17 10:52:02.303  1302  1507 E storaged: getDiskStats failed with result NOT_SUPPORTED and size 0
02-17 10:53:02.303  1302  1507 E storaged: getDiskStats failed with result NOT_SUPPORTED and size 0
02-17 10:53:07.752  2213  2293 I chatty  : uid=1000(system) UEventObserver expire 12 lines
02-17 10:54:02.304  1302  1507 E storaged: getDiskStats failed with result NOT_SUPPORTED and size 0
02-17 10:55:02.304  1302  1507 E storaged: getDiskStats failed with result NOT_SUPPORTED and size 0
02-17 10:55:08.075  2213  2293 I chatty  : uid=1000(system) UEventObserver expire 12 lines
02-17 10:56:02.305  1302  1507 E storaged: getDiskStats failed with result NOT_SUPPORTED and size 0
02-17 10:56:35.718  2213  2227 I chatty  : uid=1000(system) android.bg expire 1 line
02-17 10:56:38.920  2213  2228 I chatty  : uid=1000(system) ActivityManager expire 12 lines
02-17 10:56:39.184  2213  2234 I chatty  : uid=1000(system) android.fg expire 1 line
02-17 10:56:42.708  2213  2229 I chatty  : uid=1000(system) android.ui expire 1 line
02-17 10:57:02.305  1302  1507 E storaged: getDiskStats failed with result NOT_SUPPORTED and size 0
02-17 10:57:08.392  2213  2293 I chatty  : uid=1000(system) UEventObserver expire 12 lines
02-17 10:58:02.306  1302  1507 E storaged: getDiskStats failed with result NOT_SUPPORTED and size 0
02-17 10:59:02.306  1302  1507 E storaged: getDiskStats failed with result NOT_SUPPORTED and size 0
02-17 10:59:08.724  2213  2293 I chatty  : uid=1000(system) UEventObserver expire 12 lines
02-17 11:00:02.307  1302  1507 E storaged: getDiskStats failed with result NOT_SUPPORTED and size 0
02-17 11:01:02.307  1302  1507 E storaged: getDiskStats failed with result NOT_SUPPORTED and size 0
02-17 11:01:09.035  2213  2293 I chatty  : uid=1000(system) UEventObserver expire 12 lines
02-17 11:02:02.308  1302  1507 E storaged: getDiskStats failed with result NOT_SUPPORTED and size 0
02-17 11:03:02.308  1302  1507 E storaged: getDiskStats failed with result NOT_SUPPORTED and size 0
02-17 11:03:09.353  2213  2293 I chatty  : uid=1000(system) UEventObserver expire 13 lines
02-17 11:03:09.620  2213  2230 I chatty  : uid=1000(system) ActivityManager expire 5 lines
02-17 11:03:31.976  2213  3871 I chatty  : uid=1000(system) Binder:2213_C expire 1 line
02-17 11:03:37.784  2213  2228 I chatty  : uid=1000(system) ActivityManager expire 9 lines
02-17 11:03:38.266  2213 27113 I chatty  : uid=1000(system) Binder:2213_1F expire 2 lines
02-17 11:04:02.309  1302  1507 E storaged: getDiskStats failed with result NOT_SUPPORTED and size 0
02-17 11:04:47.502  2213  2227 I chatty  : uid=1000(system) android.bg expire 1 line
02-17 11:05:02.309  1302  1507 E storaged: getDiskStats failed with result NOT_SUPPORTED and size 0
02-17 11:05:09.673  2213  2293 I chatty  : uid=1000(system) UEventObserver expire 12 lines
02-17 11:06:02.310  1302  1507 E storaged: getDiskStats failed with result NOT_SUPPORTED and size 0
02-17 11:06:03.648  2213  2213 I chatty  : uid=1000 system_server expire 4 lines
02-17 11:07:01.791  2213  3097 I chatty  : uid=1000(system) Binder:2213_9 expire 2 lines
02-17 11:07:02.310  1302  1507 E storaged: getDiskStats failed with result NOT_SUPPORTED and size 0
02-17 11:07:09.992  2213  2293 I chatty  : uid=1000(system) UEventObserver expire 12 lines
02-17 11:07:11.899  2213  2223 I chatty  : uid=1000(system) Binder:2213_1 expire 1 line
02-17 11:07:14.755  2213  3843 I chatty  : uid=1000(system) Binder:2213_B expire 2 lines
02-17 11:07:21.435  2213  7723 I chatty  : uid=1000(system) Binder:2213_18 expire 2 lines
02-17 11:07:21.437  2213  2350 I chatty  : uid=1000(system) ConnectivitySer expire 1 line
02-17 11:08:02.311  1302  1507 E storaged: getDiskStats failed with result NOT_SUPPORTED and size 0
02-17 11:08:29.183 30050 30050 D SystemConfig: Removed unavailable feature android.hardware.nfc.any
02-17 11:08:29.183 30050 30050 D SystemConfig: Removed unavailable feature android.hardware.nfc.hce
02-17 11:08:29.197 30050 30050 D SystemConfig: Removed unavailable feature android.hardware.nfc.hcef
02-17 11:08:29.197 30050 30050 D SystemConfig: Removed unavailable feature android.hardware.nfc.any
02-17 11:08:29.215 30050 30050 D SystemConfig: Removed unavailable feature android.hardware.nfc
02-17 11:08:29.215 30050 30050 D SystemConfig: Removed unavailable feature android.hardware.nfc.any
02-17 11:08:29.267 30050 30050 D SystemConfig: Removed unavailable feature com.motorola.hardware.dtv
02-17 11:08:29.313 30050 30050 D SystemConfig: Removed unavailable feature android.hardware.sensor.compass
02-17 11:08:29.326 30050 30050 D SystemConfig: Removed unavailable feature android.hardware.sensor.compass
02-17 11:08:29.395 30050 30050 W SystemConfig: No directory /oem/etc/motorola/sysconfig, skipping
02-17 11:08:29.712  2213 20400 I chatty  : uid=1000(system) Binder:2213_1C expire 8 lines
02-17 11:09:02.312  1302  1507 E storaged: getDiskStats failed with result NOT_SUPPORTED and size 0
02-17 11:09:10.319  2213  2293 I chatty  : uid=1000(system) UEventObserver expire 12 lines
02-17 11:09:54.012  7895  8767 E ActivityThread: Failed to find provider info for com.motorola.ccc.cce.datausage
02-17 11:09:56.707  7895 25105 E ActivityThread: Failed to find provider info for com.motorola.ccc.cce.datausage
02-17 11:10:02.312  1302  1507 E storaged: getDiskStats failed with result NOT_SUPPORTED and size 0
02-17 11:11:02.313  1302  1507 E storaged: getDiskStats failed with result NOT_SUPPORTED and size 0
02-17 11:11:10.633  2213  2293 I chatty  : uid=1000(system) UEventObserver expire 10 lines
02-17 11:12:02.313  1302  1507 E storaged: getDiskStats failed with result NOT_SUPPORTED and size 0
02-17 11:12:50.899  2213  2293 I chatty  : uid=1000(system) UEventObserver expire 14 lines
02-17 11:13:02.314  1302  1507 E storaged: getDiskStats failed with result NOT_SUPPORTED and size 0
02-17 11:13:56.075  2213 20400 I chatty  : uid=1000(system) Binder:2213_1C expire 1 line
02-17 11:14:02.314  1302  1507 E storaged: getDiskStats failed with result NOT_SUPPORTED and size 0
02-17 11:15:02.315  1302  1507 E storaged: getDiskStats failed with result NOT_SUPPORTED and size 0
02-17 11:15:11.272  2213  2293 I chatty  : uid=1000(system) UEventObserver expire 12 lines
02-17 11:16:02.315  1302  1507 E storaged: getDiskStats failed with result NOT_SUPPORTED and size 0
02-17 11:16:38.836  2213  2227 I chatty  : uid=1000(system) android.bg expire 1 line
02-17 11:17:02.316  1302  1507 E storaged: getDiskStats failed with result NOT_SUPPORTED and size 0
02-17 11:17:11.594  2213  2293 I chatty  : uid=1000(system) UEventObserver expire 12 lines
02-17 11:18:02.316  1302  1507 E storaged: getDiskStats failed with result NOT_SUPPORTED and size 0
02-17 11:19:02.317  1302  1507 E storaged: getDiskStats failed with result NOT_SUPPORTED and size 0
02-17 11:19:11.912  2213  2293 I chatty  : uid=1000(system) UEventObserver expire 13 lines
02-17 11:20:02.317  1302  1507 E storaged: getDiskStats failed with result NOT_SUPPORTED and size 0
02-17 11:21:02.318  1302  1507 E storaged: getDiskStats failed with result NOT_SUPPORTED and size 0
02-17 11:21:12.232  2213  2293 I chatty  : uid=1000(system) UEventObserver expire 11 lines
02-17 11:22:02.318  1302  1507 E storaged: getDiskStats failed with result NOT_SUPPORTED and size 0
02-17 11:22:40.394  2213  2213 I chatty  : uid=1000 system_server expire 2 lines
02-17 11:23:02.319  1302  1507 E storaged: getDiskStats failed with result NOT_SUPPORTED and size 0
02-17 11:23:02.537  2213  2293 I chatty  : uid=1000(system) UEventObserver expire 12 lines
02-17 11:24:02.319  1302  1507 E storaged: getDiskStats failed with result NOT_SUPPORTED and size 0
02-17 11:25:02.320  1302  1507 E storaged: getDiskStats failed with result NOT_SUPPORTED and size 0
02-17 11:25:02.845  2213  2293 I chatty  : uid=1000(system) UEventObserver expire 12 lines
02-17 11:26:02.320  1302  1507 E storaged: getDiskStats failed with result NOT_SUPPORTED and size 0
02-17 11:26:42.384  2213  2228 I chatty  : uid=1000(system) ActivityManager expire 12 lines
02-17 11:26:42.461  2213  2234 I chatty  : uid=1000(system) android.fg expire 1 line
02-17 11:26:45.975  2213  2229 I chatty  : uid=1000(system) android.ui expire 1 line
02-17 11:26:56.075  2213  3097 I chatty  : uid=1000(system) Binder:2213_9 expire 1 line
02-17 11:27:02.321  1302  1507 E storaged: getDiskStats failed with result NOT_SUPPORTED and size 0
02-17 11:27:03.165  2213  2293 I chatty  : uid=1000(system) UEventObserver expire 4 lines
02-17 11:27:30.298 10810 10965 I Diag_Lib: ImsCmServiceImplRCS_IPC_ID_CONFIGURATION_CHANGE_INDStart
02-17 11:27:30.298 10810 10965 I Diag_Lib: ImsCmServiceImplRCS_IPC_ID_CONFIGURATION_CHANGE_INDEnd
02-17 11:27:30.299 10810 10965 I Diag_Lib: ImsCmServiceImplRCS_IPC_ID_CONFIGURATION_CHANGE_INDStart
02-17 11:27:30.299 10810 10965 I Diag_Lib: ImsCmServiceImplRCS_IPC_ID_CONFIGURATION_CHANGE_INDEnd
02-17 11:27:30.341  2213  2230 I chatty  : uid=1000(system) ActivityManager expire 1 line
02-17 11:27:41.429  2213  2228 I chatty  : uid=1000(system) ActivityManager expire 12 lines
02-17 11:27:43.280  2213  2293 I chatty  : uid=1000(system) UEventObserver expire 14 lines
02-17 11:28:02.322  1302  1507 E storaged: getDiskStats failed with result NOT_SUPPORTED and size 0
02-17 11:29:02.322  1302  1507 E storaged: getDiskStats failed with result NOT_SUPPORTED and size 0
02-17 11:30:02.323  1302  1507 E storaged: getDiskStats failed with result NOT_SUPPORTED and size 0
02-17 11:30:03.653  2213  2293 I chatty  : uid=1000(system) UEventObserver expire 12 lines
02-17 11:30:06.169  2213  2228 I chatty  : uid=1000(system) ActivityManager expire 13 lines
02-17 11:31:02.324  1302  1507 E storaged: getDiskStats failed with result NOT_SUPPORTED and size 0
02-17 11:32:02.324  1302  1507 E storaged: getDiskStats failed with result NOT_SUPPORTED and size 0
02-17 11:32:03.969  2213  2293 I chatty  : uid=1000(system) UEventObserver expire 12 lines
02-17 11:33:02.325  1302  1507 E storaged: getDiskStats failed with result NOT_SUPPORTED and size 0
02-17 11:34:02.325  1302  1507 E storaged: getDiskStats failed with result NOT_SUPPORTED and size 0
02-17 11:34:04.286  2213  2293 I chatty  : uid=1000(system) UEventObserver expire 12 lines
02-17 11:35:02.326  1302  1507 E storaged: getDiskStats failed with result NOT_SUPPORTED and size 0
02-17 11:36:02.326  1302  1507 E storaged: getDiskStats failed with result NOT_SUPPORTED and size 0
02-17 11:36:04.606  2213  2293 I chatty  : uid=1000(system) UEventObserver expire 12 lines
02-17 11:37:02.327  1302  1507 E storaged: getDiskStats failed with result NOT_SUPPORTED and size 0
02-17 11:37:11.257  2213  2228 I chatty  : uid=1000(system) ActivityManager expire 15 lines
02-17 11:38:02.327  1302  1507 E storaged: getDiskStats failed with result NOT_SUPPORTED and size 0
02-17 11:38:04.926  2213  2293 I chatty  : uid=1000(system) UEventObserver expire 11 lines
02-17 11:38:33.834  2213  2227 I chatty  : uid=1000(system) android.bg expire 1 line
02-17 11:38:44.436  2213  3097 I chatty  : uid=1000(system) Binder:2213_9 expire 1 line
02-17 11:38:44.603  2213  2230 I chatty  : uid=1000(system) ActivityManager expire 6 lines
02-17 11:38:45.117  2213 27127 I chatty  : uid=1000(system) Binder:2213_20 expire 3 lines
02-17 11:39:02.328  1302  1507 E storaged: getDiskStats failed with result NOT_SUPPORTED and size 0
02-17 11:39:07.096  2213  2848 I chatty  : uid=1000(system) Binder:2213_8 expire 4 lines
02-17 11:39:11.206  2213  2213 I chatty  : uid=1000 system_server expire 1 line
02-17 11:39:11.454  1303  1303 I wificond: Unsubscribe scan result for interface with index: 82
02-17 11:39:11.478  1149  1149 E android.hardware.wifi@1.0-service: create file failed: Permission denied
02-17 11:39:11.478  1149  1149 E android.hardware.wifi@1.0-service: Error writing files to flash
02-17 11:39:11.478  1149 26479 I android.hardware.wifi@1.0-service: Legacy HAL stop complete callback received
02-17 11:39:11.837  1037  1070 D NetlinkEvent: Unknown ifindex 82 in RTM_DELADDR
02-17 11:39:11.843  2213  2350 I chatty  : uid=1000(system) ConnectivitySer expire 8 lines
02-17 11:39:12.530  1149  1149 I android.hardware.wifi@1.0-service: Wifi HAL stopped
02-17 11:39:12.579  2213  3872 I chatty  : uid=1000(system) Binder:2213_D expire 5 lines
02-17 11:39:12.595  2213  2349 I chatty  : uid=1000(system) WifiP2pService expire 1 line
02-17 11:39:12.611  1149  1149 E android.hardware.wifi@1.0-service:  Start logging service...
02-17 11:39:12.973  2213  2422 I chatty  : uid=1000(system) Binder:2213_4 expire 4 lines
02-17 11:39:13.103  1149  1149 I android.hardware.wifi@1.0-service: Wifi HAL started
02-17 11:39:13.315  1149  1149 I android.hardware.wifi@1.0-service: Adding interface handle for wlan0
02-17 11:39:13.315  1149  1149 I android.hardware.wifi@1.0-service: Adding interface handle for p2p0
02-17 11:39:13.324  1149  1149 I android.hardware.wifi@1.0-service: Configured chip in mode 0
02-17 11:39:13.339  1303  1303 I wificond: create scanner for interface with index: 84
02-17 11:39:13.339  1303  1303 I wificond: subscribe scan result for interface with index: 84
02-17 11:39:13.344  1303  1303 E wificond: No Offload Service available
02-17 11:39:13.344  1303  1303 I wificond: Offload HAL not supported 
02-17 11:39:13.442  1303  1303 W wificond: No pno scan started
02-17 11:39:13.443  1303  1303 W wificond: Scheduled scan is not running!
02-17 11:39:13.455  2213  2232 I chatty  : uid=1000(system) batterystats-wo expire 3 lines
02-17 11:39:36.277  4634  4634 W TextClassifierService: Package or service not found in package com.google.android.as
02-17 11:39:36.278  4634  4634 W TextClassifierService: Package or service not found in package com.google.android.as
02-17 11:39:36.281  4634  3113 W TextClassifierService: Package or service not found in package com.google.android.as
02-17 11:39:36.362  4634  3113 D androidtc: Loading ModelFile { path=/data/misc/textclassifier/textclassifier.model name=textclassifier.model version=609 locales=en }
02-17 11:39:36.480  4634  3113 W TextClassifierService: Package or service not found in package com.google.android.as
02-17 11:39:45.194  2213  2293 I chatty  : uid=1000(system) UEventObserver expire 1 line
02-17 11:39:50.438  2213  2228 I chatty  : uid=1000(system) ActivityManager expire 1 line
02-17 11:39:51.519  2213  2236 I chatty  : uid=1000(system) android.display expire 3 lines
02-17 11:39:55.220  2213  2293 I chatty  : uid=1000(system) UEventObserver expire 13 lines
02-17 11:39:59.886  2213  3872 I chatty  : uid=1000(system) Binder:2213_D expire 2 lines
02-17 11:40:02.328  1302  1507 E storaged: getDiskStats failed with result NOT_SUPPORTED and size 0
02-17 11:40:59.625  2213  2213 I chatty  : uid=1000 system_server expire 9 lines
02-17 11:41:02.329  1302  1507 E storaged: getDiskStats failed with result NOT_SUPPORTED and size 0
02-17 11:41:13.053  2213 20400 I chatty  : uid=1000(system) Binder:2213_1C expire 2 lines
02-17 11:42:02.329  1302  1507 E storaged: getDiskStats failed with result NOT_SUPPORTED and size 0
02-17 11:42:05.566  2213  2293 I chatty  : uid=1000(system) UEventObserver expire 12 lines
02-17 11:42:12.308  2213  2232 I chatty  : uid=1000(system) batterystats-wo expire 3 lines
02-17 11:42:32.290  2213  2422 I chatty  : uid=1000(system) Binder:2213_4 expire 2 lines
02-17 11:42:33.469  2213  6501 I chatty  : uid=1000(system) Binder:2213_14 expire 4 lines
02-17 11:43:02.330  1302  1507 E storaged: getDiskStats failed with result NOT_SUPPORTED and size 0
02-17 11:44:02.331  1302  1507 E storaged: getDiskStats failed with result NOT_SUPPORTED and size 0
02-17 11:44:05.886  2213  2293 I chatty  : uid=1000(system) UEventObserver expire 11 lines
02-17 11:45:02.331  1302  1507 E storaged: getDiskStats failed with result NOT_SUPPORTED and size 0
02-17 11:45:45.832  2213  2228 I chatty  : uid=1000(system) ActivityManager expire 12 lines
02-17 11:45:47.534  4634  4634 W TextClassifierService: Package or service not found in package com.google.android.as
02-17 11:45:47.536  4634  4634 W TextClassifierService: Package or service not found in package com.google.android.as
02-17 11:45:47.537  4634  4473 W TextClassifierService: Package or service not found in package com.google.android.as
02-17 11:45:47.540  4634  4473 D androidtc: Loading ModelFile { path=/data/misc/textclassifier/textclassifier.model name=textclassifier.model version=609 locales=en }
02-17 11:45:47.623  4634  4473 W TextClassifierService: Package or service not found in package com.google.android.as
02-17 11:45:56.181  2213  2293 I chatty  : uid=1000(system) UEventObserver expire 13 lines
02-17 11:46:02.332  1302  1507 E storaged: getDiskStats failed with result NOT_SUPPORTED and size 0
02-17 11:46:23.586  2213  2235 I chatty  : uid=1000(system) android.io expire 2 lines
02-17 11:47:02.332  1302  1507 E storaged: getDiskStats failed with result NOT_SUPPORTED and size 0
02-17 11:48:02.333  1302  1507 E storaged: getDiskStats failed with result NOT_SUPPORTED and size 0
02-17 11:48:06.525  2213  2293 I chatty  : uid=1000(system) UEventObserver expire 12 lines
02-17 11:49:04.164  1302  1507 E storaged: getDiskStats failed with result NOT_SUPPORTED and size 0
02-17 11:49:49.084  2213  2230 I chatty  : uid=1000(system) ActivityManager expire 2 lines
02-17 11:50:04.164  1302  1507 E storaged: getDiskStats failed with result NOT_SUPPORTED and size 0
02-17 11:50:06.846  2213  2293 I chatty  : uid=1000(system) UEventObserver expire 13 lines
02-17 11:51:04.165  1302  1507 E storaged: getDiskStats failed with result NOT_SUPPORTED and size 0
02-17 11:52:04.165  1302  1507 E storaged: getDiskStats failed with result NOT_SUPPORTED and size 0
02-17 11:52:07.165  2213  2293 I chatty  : uid=1000(system) UEventObserver expire 9 lines
02-17 11:52:22.016  2213  2228 I chatty  : uid=1000(system) ActivityManager expire 18 lines
02-17 11:53:04.166  1302  1507 E storaged: getDiskStats failed with result NOT_SUPPORTED and size 0
02-17 11:53:37.405  2213  2293 I chatty  : uid=1000(system) UEventObserver expire 15 lines
02-17 11:54:04.167  1302  1507 E storaged: getDiskStats failed with result NOT_SUPPORTED and size 0
02-17 11:54:39.262  2213  2213 I chatty  : uid=1000 system_server expire 15 lines
02-17 11:55:04.167  1302  1507 E storaged: getDiskStats failed with result NOT_SUPPORTED and size 0
02-17 11:56:04.167  1302  1507 E storaged: getDiskStats failed with result NOT_SUPPORTED and size 0
02-17 11:56:07.817  2213  2293 I chatty  : uid=1000(system) UEventObserver expire 12 lines
02-17 11:57:04.168  1302  1507 E storaged: getDiskStats failed with result NOT_SUPPORTED and size 0
02-17 11:58:04.169  1302  1507 E storaged: getDiskStats failed with result NOT_SUPPORTED and size 0
02-17 11:58:08.134  2213  2293 I chatty  : uid=1000(system) UEventObserver expire 12 lines
02-17 11:58:45.139  2213  2227 I chatty  : uid=1000(system) android.bg expire 3 lines
02-17 11:59:04.169  1302  1507 E storaged: getDiskStats failed with result NOT_SUPPORTED and size 0
02-17 11:59:44.020  2213  2313 I chatty  : uid=1000(system) InputReader expire 7 lines
02-17 11:59:44.530  2213  2239 I chatty  : uid=1000(system) PowerManagerSer expire 14 lines
02-17 11:59:44.621  2213  2236 I chatty  : uid=1000(system) android.display expire 7 lines
02-17 11:59:44.969  2213  8346 I chatty  : uid=1000(system) Binder:2213_19 expire 2 lines
02-17 11:59:44.978  2213  2234 I chatty  : uid=1000(system) android.fg expire 2 lines
02-17 12:00:10.093  2213  2230 I chatty  : uid=1000(system) ActivityManager expire 2 lines
02-17 12:00:10.557  2213  2422 I chatty  : uid=1000(system) Binder:2213_4 expire 3 lines
02-17 12:00:10.560  2213  6501 I chatty  : uid=1000(system) Binder:2213_14 expire 5 lines
02-17 12:00:13.165  2213  6015 I chatty  : uid=1000(system) Binder:2213_12 expire 3 lines
02-17 12:00:13.165  2213  2228 I chatty  : uid=1000(system) ActivityManager expire 14 lines
02-17 12:00:20.122  1302  1507 E storaged: getDiskStats failed with result NOT_SUPPORTED and size 0
02-17 12:00:24.398  2213  2293 I chatty  : uid=1000(system) UEventObserver expire 12 lines
02-17 12:01:17.261  2213  2848 I chatty  : uid=1000(system) Binder:2213_8 expire 1 line
02-17 12:01:20.123  1302  1507 E storaged: getDiskStats failed with result NOT_SUPPORTED and size 0
02-17 12:02:02.954  2213  2213 I chatty  : uid=1000 system_server expire 14 lines
02-17 12:02:52.000  1302  1507 E storaged: getDiskStats failed with result NOT_SUPPORTED and size 0
02-17 12:02:56.668  2213  2293 I chatty  : uid=1000(system) UEventObserver expire 3 lines
02-17 12:07:30.128  2213  2291 I chatty  : uid=1000(system) Binder:2213_3 expire 4 lines
02-17 12:08:47.491 21607 21607 W ActivityThread: serviceStart lasts for 36324 ms, ServiceArgsData = ServiceArgsData{token=android.os.BinderProxy@799513 startId=3068 args=Intent { act=com.google.android.location.internal.action.AR_TRANSITION_RESULT pkg=com.google.android.gms cmp=com.google.android.gms/com.google.android.location.internal.PendingIntentCallbackService (has extras) }}
02-17 12:08:49.316  2213  2239 I chatty  : uid=1000(system) PowerManagerSer expire 2 lines
02-17 12:08:52.747  2213  2228 I chatty  : uid=1000(system) ActivityManager expire 4 lines
02-17 12:08:53.081  2213  6516 I chatty  : uid=1000(system) Binder:2213_15 expire 2 lines
02-17 12:08:53.102  2213  2228 I chatty  : uid=1000(system) ActivityManager expire 14 lines
02-17 12:08:53.791  2213  2213 I chatty  : uid=1000 system_server expire 15 lines
02-17 12:08:59.675  2213  2293 I chatty  : uid=1000(system) UEventObserver expire 10 lines
02-17 12:09:16.691  2213 27127 I chatty  : uid=1000(system) Binder:2213_20 expire 3 lines
02-17 12:09:24.934  1302  1507 E storaged: getDiskStats failed with result NOT_SUPPORTED and size 0
02-17 12:10:10.523  2213  2313 I chatty  : uid=1000(system) InputReader expire 6 lines
02-17 12:10:10.999  2213  2239 I chatty  : uid=1000(system) PowerManagerSer expire 10 lines
02-17 12:10:11.054  2213  2236 I chatty  : uid=1000(system) android.display expire 6 lines
02-17 12:10:11.381  2213  2234 I chatty  : uid=1000(system) android.fg expire 2 lines
02-17 12:11:13.112  2213  2230 I chatty  : uid=1000(system) ActivityManager expire 5 lines
02-17 12:11:20.787  1302  1507 E storaged: getDiskStats failed with result NOT_SUPPORTED and size 0
02-17 12:13:15.023 21607 21607 W ActivityThread: serviceStart lasts for 60690 ms, ServiceArgsData = ServiceArgsData{token=android.os.BinderProxy@799513 startId=3080 args=Intent { act=com.google.android.location.internal.action.AR_TRANSITION_RESULT pkg=com.google.android.gms cmp=com.google.android.gms/com.google.android.location.internal.PendingIntentCallbackService (has extras) }}
02-17 12:14:16.062  2213  2227 I chatty  : uid=1000(system) android.bg expire 4 lines
02-17 12:16:56.020 21607 21607 W ActivityThread: serviceStart lasts for 38825 ms, ServiceArgsData = ServiceArgsData{token=android.os.BinderProxy@799513 startId=3088 args=Intent { act=com.google.android.location.internal.action.AR_TRANSITION_RESULT pkg=com.google.android.gms cmp=com.google.android.gms/com.google.android.location.internal.PendingIntentCallbackService (has extras) }}
02-17 12:17:21.382 10810 10965 I Diag_Lib: ImsCmServiceImplRCS_IPC_ID_CONFIGURATION_CHANGE_INDStart
02-17 12:17:21.382 10810 10965 I Diag_Lib: ImsCmServiceImplRCS_IPC_ID_CONFIGURATION_CHANGE_INDEnd
02-17 12:17:21.383 10810 10965 I Diag_Lib: ImsCmServiceImplRCS_IPC_ID_CONFIGURATION_CHANGE_INDStart
02-17 12:17:21.383 10810 10965 I Diag_Lib: ImsCmServiceImplRCS_IPC_ID_CONFIGURATION_CHANGE_INDEnd
02-17 12:17:21.590  2213  3872 I chatty  : uid=1000(system) Binder:2213_D expire 4 lines
02-17 12:17:43.217  2213  2293 I chatty  : uid=1000(system) UEventObserver expire 11 lines
02-17 12:22:48.023 21607 21607 W ActivityThread: serviceStart lasts for 21822 ms, ServiceArgsData = ServiceArgsData{token=android.os.BinderProxy@799513 startId=3108 args=Intent { act=com.google.android.location.internal.action.AR_TRANSITION_RESULT pkg=com.google.android.gms cmp=com.google.android.gms/com.google.android.location.internal.PendingIntentCallbackService (has extras) }}
02-17 12:29:34.026 21607 21607 W ActivityThread: serviceStart lasts for 60871 ms, ServiceArgsData = ServiceArgsData{token=android.os.BinderProxy@799513 startId=3120 args=Intent { act=com.google.android.location.internal.action.AR_TRANSITION_RESULT pkg=com.google.android.gms cmp=com.google.android.gms/com.google.android.location.internal.PendingIntentCallbackService (has extras) }}
02-17 12:29:40.694  2213  2228 I chatty  : uid=1000(system) ActivityManager expire 20 lines
02-17 12:29:40.713  2213  8346 I chatty  : uid=1000(system) Binder:2213_19 expire 5 lines
02-17 12:29:41.021  2213 20400 I chatty  : uid=1000(system) Binder:2213_1C expire 1 line
02-17 12:30:03.722  1302  1507 E storaged: getDiskStats failed with result NOT_SUPPORTED and size 0
02-17 12:30:31.312  2213  2213 I chatty  : uid=1000 system_server expire 13 lines
02-17 12:31:03.723  1302  1507 E storaged: getDiskStats failed with result NOT_SUPPORTED and size 0
02-17 12:31:09.115  2213  2293 I chatty  : uid=1000(system) UEventObserver expire 13 lines
02-17 12:31:46.140  2213  4256 I chatty  : uid=1000(system) Binder:2213_F expire 1 line
02-17 12:31:46.140  2213  2291 I chatty  : uid=1000(system) Binder:2213_3 expire 2 lines
02-17 12:31:46.141  2213  2350 I chatty  : uid=1000(system) ConnectivitySer expire 1 line
02-17 12:31:48.529  2213 27005 I chatty  : uid=1000(system) Binder:2213_1D expire 5 lines
02-17 12:31:50.106  2213  2831 I chatty  : uid=1000(system) Binder:2213_7 expire 4 lines
02-17 12:32:03.723  1302  1507 E storaged: getDiskStats failed with result NOT_SUPPORTED and size 0
02-17 12:34:43.257  2213  2228 I chatty  : uid=1000(system) ActivityManager expire 7 lines
02-17 12:34:43.276  2213  2224 I chatty  : uid=1000(system) Binder:2213_2 expire 4 lines
02-17 12:34:46.847  1302  1507 E storaged: getDiskStats failed with result NOT_SUPPORTED and size 0
02-17 12:34:47.121  2213  2312 I chatty  : uid=1000(system) InputDispatcher expire 1 line
02-17 12:34:50.407  2213  6750 I chatty  : uid=1000(system) Binder:2213_17 expire 4 lines
02-17 12:34:50.744  2213  2228 I chatty  : uid=1000(system) ActivityManager expire 35 lines
02-17 12:34:51.109  2213  2224 I chatty  : uid=1000(system) Binder:2213_2 expire 6 lines
02-17 12:34:51.119  2213  7723 I chatty  : uid=1000(system) Binder:2213_18 expire 3 lines
02-17 12:34:51.149  2213  2230 I chatty  : uid=1000(system) ActivityManager expire 14 lines
02-17 12:34:51.357  2213  2236 I chatty  : uid=1000(system) android.display expire 7 lines
02-17 12:34:51.479  2213 27031 I chatty  : uid=1000(system) Binder:2213_1E expire 3 lines
02-17 12:34:51.480  2213  2329 I chatty  : uid=1000(system) WifiService expire 1 line
02-17 12:34:52.563  2213  2293 I chatty  : uid=1000(system) UEventObserver expire 12 lines
02-17 12:34:57.670  2213  4256 I chatty  : uid=1000(system) Binder:2213_F expire 1 line
02-17 12:34:57.799  2213  2223 I chatty  : uid=1000(system) Binder:2213_1 expire 1 line
02-17 12:34:58.627  2213  2213 I chatty  : uid=1000 system_server expire 14 lines
02-17 12:34:58.819  1303  1303 I wificond: Unsubscribe scan result for interface with index: 84
02-17 12:34:58.841  1149  2951 I android.hardware.wifi@1.0-service: Legacy HAL stop complete callback received
02-17 12:34:59.916  1149  1149 I android.hardware.wifi@1.0-service: Wifi HAL stopped
02-17 12:34:59.918  2213  2232 I chatty  : uid=1000(system) batterystats-wo expire 2 lines
02-17 12:34:59.919  1149  1149 E android.hardware.wifi@1.0-service:  Start logging service...
02-17 12:35:00.494  1149  1149 I android.hardware.wifi@1.0-service: Wifi HAL started
02-17 12:35:00.547  1303  1303 E wificond: Failed to find expected wiphy info from NL80211_CMD_GET_WIPHY responses
02-17 12:35:00.547  1303  1303 E wificond: Failed to get wiphy info from kernel
02-17 12:35:00.567  1303  1303 E wificond: Failed to find expected wiphy info from NL80211_CMD_GET_WIPHY responses
02-17 12:35:00.567  1303  1303 E wificond: Failed to get wiphy info from kernel
02-17 12:35:00.567  1303  1303 E wificond: Failed to find expected wiphy info from NL80211_CMD_GET_WIPHY responses
02-17 12:35:00.568  1303  1303 E wificond: Failed to get wiphy info from kernel
02-17 12:35:00.708  1149  1149 I android.hardware.wifi@1.0-service: Adding interface handle for wlan0
02-17 12:35:00.708  1149  1149 I android.hardware.wifi@1.0-service: Adding interface handle for p2p0
02-17 12:35:00.708  1149  1149 I android.hardware.wifi@1.0-service: Configured chip in mode 0
02-17 12:35:00.716  1303  1303 I wificond: create scanner for interface with index: 86
02-17 12:35:00.716  1303  1303 I wificond: subscribe scan result for interface with index: 86
02-17 12:35:00.717  1303  1303 E wificond: No Offload Service available
02-17 12:35:00.717  1303  1303 I wificond: Offload HAL not supported 
02-17 12:35:00.803  1303  1303 W wificond: No pno scan started
02-17 12:35:00.803  1303  1303 W wificond: Scheduled scan is not running!
02-17 12:35:00.838  2213  2349 I chatty  : uid=1000(system) WifiP2pService expire 2 lines
02-17 12:35:06.492  1303  1303 W wificond: Scan is not started. Ignore abort request
02-17 12:35:06.890  2213  2330 I chatty  : uid=1000(system) WifiStateMachin expire 1 line
02-17 12:35:06.890  2213  2350 I chatty  : uid=1000(system) ConnectivitySer expire 15 lines
02-17 12:35:46.848  1302  1507 E storaged: getDiskStats failed with result NOT_SUPPORTED and size 0
02-17 12:36:46.849  1302  1507 E storaged: getDiskStats failed with result NOT_SUPPORTED and size 0
02-17 12:36:52.880  2213  2293 I chatty  : uid=1000(system) UEventObserver expire 12 lines
02-17 12:37:46.850  1302  1507 E storaged: getDiskStats failed with result NOT_SUPPORTED and size 0
02-17 12:38:10.457  2213  2239 I chatty  : uid=1000(system) PowerManagerSer expire 6 lines
02-17 12:38:15.481  2213  2291 I chatty  : uid=1000(system) Binder:2213_3 expire 3 lines
02-17 12:38:15.488  2213  2234 I chatty  : uid=1000(system) android.fg expire 1 line
02-17 12:38:23.410  2213  2313 I chatty  : uid=1000(system) InputReader expire 1 line
02-17 12:38:31.086  2213  2312 I chatty  : uid=1000(system) InputDispatcher expire 1 line
02-17 12:38:33.817  2213 27005 I chatty  : uid=1000(system) Binder:2213_1D expire 3 lines
02-17 12:38:34.524  2213  4261 I chatty  : uid=1000(system) Binder:2213_10 expire 4 lines
02-17 12:38:35.430  2213  2350 I chatty  : uid=1000(system) ConnectivitySer expire 2 lines
02-17 12:38:35.595  2213 20400 I chatty  : uid=1000(system) Binder:2213_1C expire 4 lines
02-17 12:38:37.856  2213 27113 I chatty  : uid=1000(system) Binder:2213_1F expire 3 lines
02-17 12:38:38.148  2213  4079 I chatty  : uid=1000(system) Binder:2213_E expire 4 lines
02-17 12:38:43.955  2213  3871 I chatty  : uid=1000(system) Binder:2213_C expire 2 lines
02-17 12:38:43.956  2213  2756 I chatty  : uid=1000(system) Binder:2213_6 expire 4 lines
02-17 12:38:43.958  2213 20400 I chatty  : uid=1000(system) Binder:2213_1C expire 7 lines
02-17 12:38:44.612  2213  2230 I chatty  : uid=1000(system) ActivityManager expire 7 lines
02-17 12:38:45.184  2213  6516 I chatty  : uid=1000(system) Binder:2213_15 expire 4 lines
02-17 12:38:45.653  2213  4079 I chatty  : uid=1000(system) Binder:2213_E expire 4 lines
02-17 12:38:46.851  1302  1507 E storaged: getDiskStats failed with result NOT_SUPPORTED and size 0
02-17 12:38:53.199  2213  2293 I chatty  : uid=1000(system) UEventObserver expire 12 lines
02-17 12:39:31.659  2213  2228 I chatty  : uid=1000(system) ActivityManager expire 9 lines
02-17 12:39:46.851  1302  1507 E storaged: getDiskStats failed with result NOT_SUPPORTED and size 0
02-17 12:40:46.852  1302  1507 E storaged: getDiskStats failed with result NOT_SUPPORTED and size 0
02-17 12:40:53.518  2213  2293 I chatty  : uid=1000(system) UEventObserver expire 12 lines
02-17 12:41:46.852  1302  1507 E storaged: getDiskStats failed with result NOT_SUPPORTED and size 0
02-17 12:42:46.853  1302  1507 E storaged: getDiskStats failed with result NOT_SUPPORTED and size 0
02-17 12:42:53.838  2213  2293 I chatty  : uid=1000(system) UEventObserver expire 12 lines
02-17 12:43:46.853  1302  1507 E storaged: getDiskStats failed with result NOT_SUPPORTED and size 0
02-17 12:44:00.771  2213  2239 I chatty  : uid=1000(system) PowerManagerSer expire 11 lines
02-17 12:44:00.771  2213  2213 I chatty  : uid=1000 system_server expire 12 lines
02-17 12:44:01.373  2213  2236 I chatty  : uid=1000(system) android.display expire 4 lines
02-17 12:44:07.121  2213  2234 I chatty  : uid=1000(system) android.fg expire 2 lines
02-17 12:44:07.132  2213  2313 I chatty  : uid=1000(system) InputReader expire 4 lines
02-17 12:44:51.288  1302  1507 E storaged: getDiskStats failed with result NOT_SUPPORTED and size 0
02-17 12:44:58.593  2213  2293 I chatty  : uid=1000(system) UEventObserver expire 10 lines
02-17 12:45:51.289  1302  1507 E storaged: getDiskStats failed with result NOT_SUPPORTED and size 0
02-17 12:46:30.874  2213  2227 I chatty  : uid=1000(system) android.bg expire 5 lines
02-17 12:46:33.302  2213  2213 I chatty  : uid=1000 system_server expire 10 lines
02-17 12:46:34.136  2213 27113 I chatty  : uid=1000(system) Binder:2213_1F expire 1 line
02-17 12:47:49.466  2213 19663 I chatty  : uid=1000(system) Binder:2213_1B expire 1 line
02-17 12:47:49.466  2213  6015 I chatty  : uid=1000(system) Binder:2213_12 expire 1 line
02-17 12:47:49.466  2213  2422 I chatty  : uid=1000(system) Binder:2213_4 expire 3 lines
02-17 12:47:49.467  2213  2350 I chatty  : uid=1000(system) ConnectivitySer expire 3 lines
02-17 12:47:49.575 11674 11674 D ActivityThread: Loading provider com.whatsapp.provider.contact: com.whatsapp.contact.ContactProvider
02-17 12:48:18.035  2213  2229 I chatty  : uid=1000(system) android.ui expire 2 lines
02-17 12:49:14.905  2213  2293 I chatty  : uid=1000(system) UEventObserver expire 5 lines
02-17 12:52:45.224  2213  3843 I chatty  : uid=1000(system) Binder:2213_B expire 5 lines
02-17 12:55:00.249  2213  2232 I chatty  : uid=1000(system) batterystats-wo expire 1 line
02-17 12:56:15.971  1302  1507 E storaged: getDiskStats failed with result NOT_SUPPORTED and size 0
02-17 12:59:52.680  2213  2224 I chatty  : uid=1000(system) Binder:2213_2 expire 1 line
02-17 13:01:18.946  2213  2213 I chatty  : uid=1000 system_server expire 10 lines
02-17 13:01:26.353  2213  2703 I chatty  : uid=1000(system) Binder:2213_5 expire 1 line
02-17 13:01:26.384  2213  2228 I chatty  : uid=1000(system) ActivityManager expire 16 lines
02-17 13:01:30.423  2213  2293 I chatty  : uid=1000(system) UEventObserver expire 10 lines
02-17 13:01:32.373  2213  5777 I chatty  : uid=1000(system) Binder:2213_11 expire 1 line
02-17 13:01:32.400  2213  6516 I chatty  : uid=1000(system) Binder:2213_15 expire 2 lines
02-17 13:02:02.534  1302  1507 E storaged: getDiskStats failed with result NOT_SUPPORTED and size 0
02-17 13:02:10.938  2213  2230 I chatty  : uid=1000(system) ActivityManager expire 7 lines
02-17 13:03:02.535  1302  1507 E storaged: getDiskStats failed with result NOT_SUPPORTED and size 0
02-17 13:03:10.695  2213  2293 I chatty  : uid=1000(system) UEventObserver expire 12 lines
02-17 13:03:33.470  2213  3843 I chatty  : uid=1000(system) Binder:2213_B expire 2 lines
02-17 13:04:00.327  2213  2228 I chatty  : uid=1000(system) ActivityManager expire 10 lines
02-17 13:04:02.535  1302  1507 E storaged: getDiskStats failed with result NOT_SUPPORTED and size 0
02-17 13:05:02.536  1302  1507 E storaged: getDiskStats failed with result NOT_SUPPORTED and size 0
02-17 13:05:11.010  2213  2293 I chatty  : uid=1000(system) UEventObserver expire 12 lines
02-17 13:06:02.536  1302  1507 E storaged: getDiskStats failed with result NOT_SUPPORTED and size 0
02-17 13:07:02.537  1302  1507 E storaged: getDiskStats failed with result NOT_SUPPORTED and size 0
02-17 13:07:11.337  2213  2293 I chatty  : uid=1000(system) UEventObserver expire 12 lines
02-17 13:07:12.829 10810 10965 I Diag_Lib: ImsCmServiceImplRCS_IPC_ID_CONFIGURATION_CHANGE_INDStart
02-17 13:07:12.829 10810 10965 I Diag_Lib: ImsCmServiceImplRCS_IPC_ID_CONFIGURATION_CHANGE_INDEnd
02-17 13:07:12.830 10810 10965 I Diag_Lib: ImsCmServiceImplRCS_IPC_ID_CONFIGURATION_CHANGE_INDStart
02-17 13:07:12.831 10810 10965 I Diag_Lib: ImsCmServiceImplRCS_IPC_ID_CONFIGURATION_CHANGE_INDEnd
02-17 13:07:41.413  2213  2213 I chatty  : uid=1000 system_server expire 19 lines
02-17 13:07:50.583  2213  2236 I chatty  : uid=1000(system) android.display expire 6 lines
02-17 13:07:50.679  2213 27031 I chatty  : uid=1000(system) Binder:2213_1E expire 1 line
02-17 13:07:50.684  2213  4079 I chatty  : uid=1000(system) Binder:2213_E expire 1 line
02-17 13:07:50.684  2213  2756 I chatty  : uid=1000(system) Binder:2213_6 expire 1 line
02-17 13:07:50.685  2213  3137 I chatty  : uid=1000(system) Binder:2213_A expire 1 line
02-17 13:07:50.685  2213  2350 I chatty  : uid=1000(system) ConnectivitySer expire 1 line
02-17 13:08:02.537  1302  1507 E storaged: getDiskStats failed with result NOT_SUPPORTED and size 0
02-17 13:09:02.538  1302  1507 E storaged: getDiskStats failed with result NOT_SUPPORTED and size 0
02-17 13:09:11.662  2213  2293 I chatty  : uid=1000(system) UEventObserver expire 12 lines
02-17 13:10:02.539  1302  1507 E storaged: getDiskStats failed with result NOT_SUPPORTED and size 0
02-17 13:10:37.254  2213  2239 I chatty  : uid=1000(system) PowerManagerSer expire 12 lines
02-17 13:10:38.942  2213  2313 I chatty  : uid=1000(system) InputReader expire 2 lines
02-17 13:11:02.539  1302  1507 E storaged: getDiskStats failed with result NOT_SUPPORTED and size 0
02-17 13:11:08.154  2213  2213 I chatty  : uid=1000 system_server expire 13 lines
02-17 13:11:11.972  2213  2293 I chatty  : uid=1000(system) UEventObserver expire 12 lines
02-17 13:11:24.979  2213  2213 I chatty  : uid=1000 system_server expire 16 lines
02-17 13:11:53.634  2213  2239 I chatty  : uid=1000(system) PowerManagerSer expire 15 lines
02-17 13:11:54.166  2213  2236 I chatty  : uid=1000(system) android.display expire 9 lines
02-17 13:12:00.084  2213  2291 I chatty  : uid=1000(system) Binder:2213_3 expire 10 lines
02-17 13:12:00.097  2213  2234 I chatty  : uid=1000(system) android.fg expire 2 lines
02-17 13:14:02.141  1302  1507 E storaged: getDiskStats failed with result NOT_SUPPORTED and size 0
02-17 13:14:58.921  2213  2227 I chatty  : uid=1000(system) android.bg expire 5 lines
02-17 13:17:30.575  2213  2313 I chatty  : uid=1000(system) InputReader expire 4 lines
02-17 13:17:30.887  2213  2230 I chatty  : uid=1000(system) ActivityManager expire 10 lines
02-17 13:17:31.270 13461 13461 D ActivityThread: Loading provider com.google.android.gm.sapi: com.google.android.gm.sapi.SapiUiProvider
02-17 13:17:34.912  2213  2228 I chatty  : uid=1000(system) ActivityManager expire 8 lines
02-17 13:17:34.930  2213  3137 I chatty  : uid=1000(system) Binder:2213_A expire 5 lines
02-17 13:17:36.948  2213  3097 I chatty  : uid=1000(system) Binder:2213_9 expire 2 lines
02-17 13:17:46.094  2213  2312 I chatty  : uid=1000(system) InputDispatcher expire 3 lines
02-17 13:17:53.746  2213  2422 I chatty  : uid=1000(system) Binder:2213_4 expire 1 line
02-17 13:17:55.180  2213  2223 I chatty  : uid=1000(system) Binder:2213_1 expire 2 lines
02-17 13:17:55.830  2213  2703 I chatty  : uid=1000(system) Binder:2213_5 expire 1 line
02-17 13:17:56.019  2213  2350 I chatty  : uid=1000(system) ConnectivitySer expire 6 lines
02-17 13:17:59.898  2213  7723 I chatty  : uid=1000(system) Binder:2213_18 expire 1 line
02-17 13:18:20.195  2213  6750 I chatty  : uid=1000(system) Binder:2213_17 expire 5 lines
02-17 13:18:20.826  1302  1507 E storaged: getDiskStats failed with result NOT_SUPPORTED and size 0
02-17 13:18:30.790  2213  2293 I chatty  : uid=1000(system) UEventObserver expire 11 lines
02-17 13:18:56.325  2213  2230 I chatty  : uid=1000(system) ActivityManager expire 8 lines
02-17 13:18:56.475  2213 27031 I chatty  : uid=1000(system) Binder:2213_1E expire 1 line
02-17 13:18:57.166  2213  2291 I chatty  : uid=1000(system) Binder:2213_3 expire 1 line
02-17 13:18:57.889  2213  3843 I chatty  : uid=1000(system) Binder:2213_B expire 2 lines
02-17 13:19:10.020 14485 14520 E ActivityThread: Failed to find provider info for com.google.android.instantapps.supervisor.SupervisorArchiveProvider
02-17 13:19:20.827  1302  1507 E storaged: getDiskStats failed with result NOT_SUPPORTED and size 0
02-17 13:20:20.827  1302  1507 E storaged: getDiskStats failed with result NOT_SUPPORTED and size 0
02-17 13:20:21.082  2213  2293 I chatty  : uid=1000(system) UEventObserver expire 11 lines
02-17 13:21:06.826  2213  2213 I chatty  : uid=1000 system_server expire 11 lines
02-17 13:21:07.341  2213  2232 I chatty  : uid=1000(system) batterystats-wo expire 8 lines
02-17 13:21:07.752  2213  6184 I chatty  : uid=1000(system) Binder:2213_13 expire 1 line
02-17 13:22:17.865 21607 21607 W ActivityThread: serviceStart lasts for 7627 ms, ServiceArgsData = ServiceArgsData{token=android.os.BinderProxy@799513 startId=3366 args=Intent { act=com.google.android.location.internal.action.AR_TRANSITION_RESULT pkg=com.google.android.gms cmp=com.google.android.gms/com.google.android.location.internal.PendingIntentCallbackService (has extras) }}
02-17 13:23:33.135  1302  1507 E storaged: getDiskStats failed with result NOT_SUPPORTED and size 0
02-17 13:24:23.048 21607 21607 W ActivityThread: serviceStart lasts for 10801 ms, ServiceArgsData = ServiceArgsData{token=android.os.BinderProxy@799513 startId=3369 args=Intent { act=com.google.android.location.internal.action.FLP_AR_RESULT pkg=com.google.android.gms cmp=com.google.android.gms/com.google.android.location.internal.PendingIntentCallbackService (has extras) }}
02-17 13:24:23.048 21607 21607 W ActivityThread: serviceStart starts in 10801 ms, ServiceArgsData = ServiceArgsData{token=android.os.BinderProxy@799513 startId=3370 args=Intent { act=com.google.android.location.internal.action.AR_TRANSITION_RESULT pkg=com.google.android.gms cmp=com.google.android.gms/com.google.android.location.internal.PendingIntentCallbackService (has extras) }}
02-17 13:26:57.318 10810 10965 I Diag_Lib: ImsCmServiceImplRCS_IPC_ID_CONFIGURATION_CHANGE_INDStart
02-17 13:26:57.318 10810 10965 I Diag_Lib: ImsCmServiceImplRCS_IPC_ID_CONFIGURATION_CHANGE_INDEnd
02-17 13:26:57.319 10810 10965 I Diag_Lib: ImsCmServiceImplRCS_IPC_ID_CONFIGURATION_CHANGE_INDStart
02-17 13:26:57.319 10810 10965 I Diag_Lib: ImsCmServiceImplRCS_IPC_ID_CONFIGURATION_CHANGE_INDEnd
02-17 13:26:57.398  2687  2687 E ActivityThread: Failed to find provider info for com.roaming.android.gsimcontentprovider.GSimContentProvider
02-17 13:26:57.598  2213 27113 I chatty  : uid=1000(system) Binder:2213_1F expire 1 line
02-17 13:26:57.652  2213  8346 I chatty  : uid=1000(system) Binder:2213_19 expire 1 line
02-17 13:28:25.187  2213  2293 I chatty  : uid=1000(system) UEventObserver expire 11 lines
02-17 13:29:25.972 10810 10965 I Diag_Lib: ImsCmServiceImplRCS_IPC_ID_CONFIGURATION_CHANGE_INDStart
02-17 13:29:25.972 10810 10965 I Diag_Lib: ImsCmServiceImplRCS_IPC_ID_CONFIGURATION_CHANGE_INDEnd
02-17 13:29:25.973 10810 10965 I Diag_Lib: ImsCmServiceImplRCS_IPC_ID_CONFIGURATION_CHANGE_INDStart
02-17 13:29:25.973 10810 10965 I Diag_Lib: ImsCmServiceImplRCS_IPC_ID_CONFIGURATION_CHANGE_INDEnd
02-17 13:29:26.004  2687  2687 E ActivityThread: Failed to find provider info for com.roaming.android.gsimcontentprovider.GSimContentProvider
02-17 13:29:26.140  2213  2350 I chatty  : uid=1000(system) ConnectivitySer expire 11 lines
02-17 13:29:26.188  2213  6750 I chatty  : uid=1000(system) Binder:2213_17 expire 3 lines
02-17 13:32:29.055  2213  2213 I chatty  : uid=1000 system_server expire 34 lines
02-17 13:33:50.785  1302  1507 E storaged: getDiskStats failed with result NOT_SUPPORTED and size 0
02-17 13:33:51.821  2213  2228 I chatty  : uid=1000(system) ActivityManager expire 10 lines
02-17 13:33:53.303 10810 10965 I Diag_Lib: ImsCmServiceImplRCS_IPC_ID_CONFIGURATION_CHANGE_INDStart
02-17 13:33:53.303 10810 10965 I Diag_Lib: ImsCmServiceImplRCS_IPC_ID_CONFIGURATION_CHANGE_INDEnd
02-17 13:33:53.304 10810 10965 I Diag_Lib: ImsCmServiceImplRCS_IPC_ID_CONFIGURATION_CHANGE_INDStart
02-17 13:33:53.304 10810 10965 I Diag_Lib: ImsCmServiceImplRCS_IPC_ID_CONFIGURATION_CHANGE_INDEnd
02-17 13:33:53.340  2687  2687 E ActivityThread: Failed to find provider info for com.roaming.android.gsimcontentprovider.GSimContentProvider
02-17 13:35:32.073  2213  2227 I chatty  : uid=1000(system) android.bg expire 10 lines
02-17 13:37:40.176  2213 20400 I chatty  : uid=1000(system) Binder:2213_1C expire 9 lines
02-17 13:37:40.182  2687  2687 E ActivityThread: Failed to find provider info for com.roaming.android.gsimcontentprovider.GSimContentProvider
02-17 13:37:40.329  2213  2831 I chatty  : uid=1000(system) Binder:2213_7 expire 2 lines
02-17 13:37:41.090  2213  2703 I chatty  : uid=1000(system) Binder:2213_5 expire 1 line
02-17 13:37:43.877  2213  2350 I chatty  : uid=1000(system) ConnectivitySer expire 16 lines
02-17 13:37:44.876  2213  5777 I chatty  : uid=1000(system) Binder:2213_11 expire 1 line
02-17 13:37:44.977  2213  7723 I chatty  : uid=1000(system) Binder:2213_18 expire 1 line
02-17 13:37:47.157 10810 10965 I Diag_Lib: ImsCmServiceImplRCS_IPC_ID_CONFIGURATION_CHANGE_INDStart
02-17 13:37:47.157 10810 10965 I Diag_Lib: ImsCmServiceImplRCS_IPC_ID_CONFIGURATION_CHANGE_INDEnd
02-17 13:37:47.158 10810 10965 I Diag_Lib: ImsCmServiceImplRCS_IPC_ID_CONFIGURATION_CHANGE_INDStart
02-17 13:37:47.158 10810 10965 I Diag_Lib: ImsCmServiceImplRCS_IPC_ID_CONFIGURATION_CHANGE_INDEnd
02-17 13:38:07.147  1037 15274 W SocketClient: write error (Broken pipe)
02-17 13:39:40.724  2213  2350 I chatty  : uid=1000(system) ConnectivitySer expire 5 lines
02-17 13:39:40.732  2213  6645 I chatty  : uid=1000(system) Binder:2213_16 expire 1 line
02-17 13:41:47.729 21607 21607 W ActivityThread: serviceStart lasts for 5826 ms, ServiceArgsData = ServiceArgsData{token=android.os.BinderProxy@799513 startId=3444 args=Intent { act=com.google.android.location.internal.action.AR_TRANSITION_RESULT pkg=com.google.android.gms cmp=com.google.android.gms/com.google.android.location.internal.PendingIntentCallbackService (has extras) }}
02-17 13:42:28.379  1302  1507 E storaged: getDiskStats failed with result NOT_SUPPORTED and size 0
02-17 13:42:48.590 21607 21607 W ActivityThread: serviceStart lasts for 4633 ms, ServiceArgsData = ServiceArgsData{token=android.os.BinderProxy@799513 startId=3446 args=Intent { act=com.google.android.location.internal.action.AR_TRANSITION_RESULT pkg=com.google.android.gms cmp=com.google.android.gms/com.google.android.location.internal.PendingIntentCallbackService (has extras) }}
02-17 13:44:21.340 10810 10965 I Diag_Lib: ImsCmServiceImplRCS_IPC_ID_CONFIGURATION_CHANGE_INDStart
02-17 13:44:21.340 10810 10965 I Diag_Lib: ImsCmServiceImplRCS_IPC_ID_CONFIGURATION_CHANGE_INDEnd
02-17 13:44:21.342 10810 10965 I Diag_Lib: ImsCmServiceImplRCS_IPC_ID_CONFIGURATION_CHANGE_INDStart
02-17 13:44:21.343 10810 10965 I Diag_Lib: ImsCmServiceImplRCS_IPC_ID_CONFIGURATION_CHANGE_INDEnd
02-17 13:44:21.400  2687  2687 E ActivityThread: Failed to find provider info for com.roaming.android.gsimcontentprovider.GSimContentProvider
