02-18 09:44:54.364  2213  2350 I chatty  : uid=1000(system) ConnectivitySer expire 24 lines
02-18 09:44:54.421  2213  2422 I chatty  : uid=1000(system) Binder:2213_4 expire 5 lines
02-18 09:44:54.884  2213  3871 I chatty  : uid=1000(system) Binder:2213_C expire 5 lines
02-18 09:44:55.040  2213  2848 I chatty  : uid=1000(system) Binder:2213_8 expire 7 lines
02-18 09:44:55.259  1303  1303 I wificond: Pno scan started
02-18 09:44:55.259  1303  1303 W wificond: Scan aborted
02-18 09:44:56.213  2213  6015 I chatty  : uid=1000(system) Binder:2213_12 expire 4 lines
02-18 09:44:57.259  2213  3097 I chatty  : uid=1000(system) Binder:2213_9 expire 2 lines
02-18 09:44:57.268  1303  1303 E wificond: NL80211_CMD_TRIGGER_SCAN failed: Device or resource busy
02-18 09:44:59.275  1303  1303 E wificond: NL80211_CMD_TRIGGER_SCAN failed: Device or resource busy
02-18 09:45:01.282  1303  1303 E wificond: NL80211_CMD_TRIGGER_SCAN failed: Device or resource busy
02-18 09:45:02.435  1302  1507 E storaged: getDiskStats failed with result NOT_SUPPORTED and size 0
02-18 09:45:03.288  1303  1303 E wificond: NL80211_CMD_TRIGGER_SCAN failed: Device or resource busy
02-18 09:45:05.735  1037  9663 W SocketClient: write error (Broken pipe)
02-18 09:45:08.088  2213 27005 I chatty  : uid=1000(system) Binder:2213_1D expire 2 lines
02-18 09:45:08.294  1303  1303 E wificond: NL80211_CMD_TRIGGER_SCAN failed: Device or resource busy
02-18 09:45:10.993  2213  2350 I chatty  : uid=1000(system) ConnectivitySer expire 11 lines
02-18 09:46:59.152  1303  1303 E wificond: NL80211_CMD_TRIGGER_SCAN failed: Device or resource busy
02-18 09:47:19.158  1303  1303 E wificond: NL80211_CMD_TRIGGER_SCAN failed: Device or resource busy
02-18 09:51:20.191 21607 21607 W ActivityThread: serviceStart lasts for 15821 ms, ServiceArgsData = ServiceArgsData{token=android.os.BinderProxy@799513 startId=4692 args=Intent { act=com.google.android.location.internal.action.AR_TRANSITION_RESULT pkg=com.google.android.gms cmp=com.google.android.gms/com.google.android.location.internal.PendingIntentCallbackService (has extras) }}
02-18 09:51:25.658  2213  2213 I chatty  : uid=1000 system_server expire 10 lines
02-18 09:51:25.705  2213  2239 I chatty  : uid=1000(system) PowerManagerSer expire 2 lines
02-18 09:51:25.761  1303  1303 I wificond: Pno scan stopped
02-18 09:51:30.037  2213  2756 I chatty  : uid=1000(system) Binder:2213_6 expire 4 lines
02-18 09:51:34.453  2213  2312 I chatty  : uid=1000(system) InputDispatcher expire 5 lines
02-18 09:51:44.434  1302  1507 E storaged: getDiskStats failed with result NOT_SUPPORTED and size 0
02-18 09:51:54.348 10810 10965 I Diag_Lib: ImsCmServiceImplRCS_IPC_ID_CONFIGURATION_CHANGE_INDStart
02-18 09:51:54.349 10810 10965 I Diag_Lib: ImsCmServiceImplRCS_IPC_ID_CONFIGURATION_CHANGE_INDEnd
02-18 09:51:54.350 10810 10965 I Diag_Lib: ImsCmServiceImplRCS_IPC_ID_CONFIGURATION_CHANGE_INDStart
02-18 09:51:54.350 10810 10965 I Diag_Lib: ImsCmServiceImplRCS_IPC_ID_CONFIGURATION_CHANGE_INDEnd
02-18 09:52:05.451  2213  2213 I chatty  : uid=1000 system_server expire 10 lines
02-18 09:52:44.435  1302  1507 E storaged: getDiskStats failed with result NOT_SUPPORTED and size 0
02-18 09:53:44.436  1302  1507 E storaged: getDiskStats failed with result NOT_SUPPORTED and size 0
02-18 09:54:15.722  2213  2236 I chatty  : uid=1000(system) android.display expire 5 lines
02-18 09:54:16.661  2213  2230 I chatty  : uid=1000(system) ActivityManager expire 6 lines
02-18 09:54:17.077  2213  2703 I chatty  : uid=1000(system) Binder:2213_5 expire 1 line
02-18 09:54:18.386  2213  2291 I chatty  : uid=1000(system) Binder:2213_3 expire 3 lines
02-18 09:54:18.706  2213  2228 I chatty  : uid=1000(system) ActivityManager expire 6 lines
02-18 09:54:18.708  2213  2831 I chatty  : uid=1000(system) Binder:2213_7 expire 1 line
02-18 09:54:18.708  2213 20400 I chatty  : uid=1000(system) Binder:2213_1C expire 4 lines
02-18 09:54:44.437  1302  1507 E storaged: getDiskStats failed with result NOT_SUPPORTED and size 0
02-18 09:55:19.028  2213  5777 I chatty  : uid=1000(system) Binder:2213_11 expire 1 line
02-18 09:55:19.028  2213  3137 I chatty  : uid=1000(system) Binder:2213_A expire 1 line
02-18 09:55:19.029  2213  3872 I chatty  : uid=1000(system) Binder:2213_D expire 2 lines
02-18 09:55:19.033  2213 16299 I chatty  : uid=1000(system) Binder:2213_1A expire 1 line
02-18 09:55:26.285  2213  6516 I chatty  : uid=1000(system) Binder:2213_15 expire 1 line
02-18 09:55:26.285  2213  6184 I chatty  : uid=1000(system) Binder:2213_13 expire 2 lines
02-18 09:55:44.437  1302  1507 E storaged: getDiskStats failed with result NOT_SUPPORTED and size 0
02-18 09:56:30.458  2213  2213 I chatty  : uid=1000 system_server expire 11 lines
02-18 09:56:44.438  1302  1507 E storaged: getDiskStats failed with result NOT_SUPPORTED and size 0
02-18 09:57:03.890  2213  2293 I chatty  : uid=1000(system) UEventObserver expire 10 lines
02-18 09:57:32.812  2213  7723 I chatty  : uid=1000(system) Binder:2213_18 expire 5 lines
02-18 09:57:32.851  2213  2230 I chatty  : uid=1000(system) ActivityManager expire 14 lines
02-18 09:57:33.168  2213  2236 I chatty  : uid=1000(system) android.display expire 11 lines
02-18 09:57:35.067  2213 16299 I chatty  : uid=1000(system) Binder:2213_1A expire 3 lines
02-18 09:57:36.202  2213 27031 I chatty  : uid=1000(system) Binder:2213_1E expire 3 lines
02-18 09:57:39.330  1303  1303 I wificond: Unexpected empty scan result!
02-18 09:57:44.438  1302  1507 E storaged: getDiskStats failed with result NOT_SUPPORTED and size 0
02-18 09:57:54.452  7895  8767 E ActivityThread: Failed to find provider info for com.motorola.ccc.cce.datausage
02-18 09:57:55.066  7895  8768 E ActivityThread: Failed to find provider info for com.motorola.ccc.cce.datausage
02-18 09:58:33.367  2213  2232 I chatty  : uid=1000(system) batterystats-wo expire 6 lines
02-18 09:58:44.439  1302  1507 E storaged: getDiskStats failed with result NOT_SUPPORTED and size 0
02-18 09:59:00.002  2213  2228 I chatty  : uid=1000(system) ActivityManager expire 15 lines
02-18 09:59:00.005 11279 11279 E ActivityThread: Service org.mozilla.fenix.downloads.DownloadService has leaked IntentReceiver mozilla.components.feature.downloads.AbstractFetchDownloadService$broadcastReceiver$2$1@734ebae that was originally registered here. Are you missing a call to unregisterReceiver()?
02-18 09:59:00.005 11279 11279 E ActivityThread: android.app.IntentReceiverLeaked: Service org.mozilla.fenix.downloads.DownloadService has leaked IntentReceiver mozilla.components.feature.downloads.AbstractFetchDownloadService$broadcastReceiver$2$1@734ebae that was originally registered here. Are you missing a call to unregisterReceiver()?
02-18 09:59:00.005 11279 11279 E ActivityThread: 	at android.app.LoadedApk$ReceiverDispatcher.<init>(LoadedApk.java:1438)
02-18 09:59:00.005 11279 11279 E ActivityThread: 	at android.app.LoadedApk.getReceiverDispatcher(LoadedApk.java:1219)
02-18 09:59:00.005 11279 11279 E ActivityThread: 	at android.app.ContextImpl.registerReceiverInternal(ContextImpl.java:1491)
02-18 09:59:00.005 11279 11279 E ActivityThread: 	at android.app.ContextImpl.registerReceiver(ContextImpl.java:1452)
02-18 09:59:00.005 11279 11279 E ActivityThread: 	at android.app.ContextImpl.registerReceiver(ContextImpl.java:1440)
02-18 09:59:00.005 11279 11279 E ActivityThread: 	at android.content.ContextWrapper.registerReceiver(ContextWrapper.java:623)
02-18 09:59:00.005 11279 11279 E ActivityThread: 	at mozilla.components.feature.downloads.AbstractFetchDownloadService.onStartCommand(AbstractFetchDownloadService.kt:18)
02-18 09:59:00.005 11279 11279 E ActivityThread: 	at android.app.ActivityThread.handleServiceArgs(ActivityThread.java:3884)
02-18 09:59:00.005 11279 11279 E ActivityThread: 	at android.app.ActivityThread.access$1700(ActivityThread.java:213)
02-18 09:59:00.005 11279 11279 E ActivityThread: 	at android.app.ActivityThread$H.handleMessage(ActivityThread.java:1847)
02-18 09:59:00.005 11279 11279 E ActivityThread: 	at android.os.Handler.dispatchMessage(Handler.java:106)
02-18 09:59:00.005 11279 11279 E ActivityThread: 	at android.os.Looper.loop(Looper.java:193)
02-18 09:59:00.005 11279 11279 E ActivityThread: 	at android.app.ActivityThread.main(ActivityThread.java:6923)
02-18 09:59:00.005 11279 11279 E ActivityThread: 	at java.lang.reflect.Method.invoke(Native Method)
02-18 09:59:00.005 11279 11279 E ActivityThread: 	at com.android.internal.os.RuntimeInit$MethodAndArgsCaller.run(RuntimeInit.java:493)
02-18 09:59:00.005 11279 11279 E ActivityThread: 	at com.android.internal.os.ZygoteInit.main(ZygoteInit.java:870)
02-18 09:59:44.439  1302  1507 E storaged: getDiskStats failed with result NOT_SUPPORTED and size 0
02-18 09:59:48.253 12596 12596 D ActivityThread: Loading provider com.google.android.gm.sapi: com.google.android.gm.sapi.SapiUiProvider
02-18 09:59:48.955  2213  6501 I chatty  : uid=1000(system) Binder:2213_14 expire 2 lines
02-18 09:59:48.956  2213  6516 I chatty  : uid=1000(system) Binder:2213_15 expire 2 lines
02-18 09:59:51.352  2213  3872 I chatty  : uid=1000(system) Binder:2213_D expire 1 line
02-18 09:59:51.971  2213  3137 I chatty  : uid=1000(system) Binder:2213_A expire 3 lines
02-18 09:59:52.156  2213  2848 I chatty  : uid=1000(system) Binder:2213_8 expire 3 lines
02-18 10:00:06.179  2213  2213 I chatty  : uid=1000 system_server expire 13 lines
02-18 10:00:22.075  2213  6750 I chatty  : uid=1000(system) Binder:2213_17 expire 2 lines
02-18 10:00:22.077  2213  2223 I chatty  : uid=1000(system) Binder:2213_1 expire 2 lines
02-18 10:00:22.089  2213  2239 I chatty  : uid=1000(system) PowerManagerSer expire 1 line
02-18 10:00:23.097  1303  1303 I wificond: Unsubscribe scan result for interface with index: 86
02-18 10:00:23.130  1149  1149 E android.hardware.wifi@1.0-service: create file failed: Permission denied
02-18 10:00:23.130  1149  1149 E android.hardware.wifi@1.0-service: Error writing files to flash
02-18 10:00:23.133  1149  9482 I android.hardware.wifi@1.0-service: Legacy HAL stop complete callback received
02-18 10:00:23.418  2431  2431 V DeadZone: consuming errant click: (487.0,6.0)
02-18 10:00:23.418  2431  2431 V DeadZone: consuming errant click: (487.0,6.0)
02-18 10:00:24.223  1149  1149 I android.hardware.wifi@1.0-service: Wifi HAL stopped
02-18 10:00:24.253  2213  2349 I chatty  : uid=1000(system) WifiP2pService expire 1 line
02-18 10:00:24.258  1149  1149 E android.hardware.wifi@1.0-service:  Start logging service...
02-18 10:00:24.831  1149  1149 I android.hardware.wifi@1.0-service: Wifi HAL started
02-18 10:00:25.052  1149  1149 I android.hardware.wifi@1.0-service: Adding interface handle for wlan0
02-18 10:00:25.052  1149  1149 I android.hardware.wifi@1.0-service: Adding interface handle for p2p0
02-18 10:00:25.053  1149  1149 I android.hardware.wifi@1.0-service: Configured chip in mode 0
02-18 10:00:25.066  1303  1303 I wificond: create scanner for interface with index: 88
02-18 10:00:25.066  1303  1303 I wificond: subscribe scan result for interface with index: 88
02-18 10:00:25.069  1303  1303 E wificond: No Offload Service available
02-18 10:00:25.069  1303  1303 I wificond: Offload HAL not supported 
02-18 10:00:25.178  1303  1303 W wificond: No pno scan started
02-18 10:00:25.178  1303  1303 W wificond: Scheduled scan is not running!
02-18 10:00:25.652  2213  2312 I chatty  : uid=1000(system) InputDispatcher expire 5 lines
02-18 10:00:26.693  2213  2224 I chatty  : uid=1000(system) Binder:2213_2 expire 3 lines
02-18 10:00:30.827  2213  3097 I chatty  : uid=1000(system) Binder:2213_9 expire 2 lines
02-18 10:00:31.773  2213 27005 I chatty  : uid=1000(system) Binder:2213_1D expire 4 lines
02-18 10:00:44.440  1302  1507 E storaged: getDiskStats failed with result NOT_SUPPORTED and size 0
02-18 10:00:47.146  2213  2422 I chatty  : uid=1000(system) Binder:2213_4 expire 1 line
02-18 10:00:58.248  2213  2235 I chatty  : uid=1000(system) android.io expire 2 lines
02-18 10:00:59.502  2213  2291 I chatty  : uid=1000(system) Binder:2213_3 expire 1 line
02-18 10:01:44.441  1302  1507 E storaged: getDiskStats failed with result NOT_SUPPORTED and size 0
02-18 10:02:32.441  2213  2230 I chatty  : uid=1000(system) ActivityManager expire 8 lines
02-18 10:02:44.442  1302  1507 E storaged: getDiskStats failed with result NOT_SUPPORTED and size 0
02-18 10:02:54.802  2213  2213 I chatty  : uid=1000 system_server expire 10 lines
02-18 10:02:55.908  2213  4256 I chatty  : uid=1000(system) Binder:2213_F expire 5 lines
02-18 10:03:04.301  2213  3871 I chatty  : uid=1000(system) Binder:2213_C expire 1 line
02-18 10:03:04.302  2213  2228 I chatty  : uid=1000(system) ActivityManager expire 23 lines
02-18 10:03:05.560  1303  1303 I wificond: Unexpected empty scan result!
02-18 10:03:05.574  2213 20400 I chatty  : uid=1000(system) Binder:2213_1C expire 3 lines
02-18 10:03:06.000 14228 14228 D ActivityThread: Loading provider com.google.android.gm.sapi: com.google.android.gm.sapi.SapiUiProvider
02-18 10:03:08.102  2213 27113 I chatty  : uid=1000(system) Binder:2213_1F expire 1 line
02-18 10:03:08.158  2213  2831 I chatty  : uid=1000(system) Binder:2213_7 expire 1 line
02-18 10:03:08.170  2213  2350 I chatty  : uid=1000(system) ConnectivitySer expire 2 lines
02-18 10:03:08.960  2213  8346 I chatty  : uid=1000(system) Binder:2213_19 expire 1 line
02-18 10:03:46.573  1302  1507 E storaged: getDiskStats failed with result NOT_SUPPORTED and size 0
02-18 10:03:51.611  2213  2213 I chatty  : uid=1000 system_server expire 11 lines
02-18 10:03:54.089  2213  2227 I chatty  : uid=1000(system) android.bg expire 1 line
02-18 10:04:05.674  2213  3843 I chatty  : uid=1000(system) Binder:2213_B expire 3 lines
02-18 10:04:46.574  1302  1507 E storaged: getDiskStats failed with result NOT_SUPPORTED and size 0
02-18 10:05:46.574  1302  1507 E storaged: getDiskStats failed with result NOT_SUPPORTED and size 0
02-18 10:05:59.650  2213  2236 I chatty  : uid=1000(system) android.display expire 7 lines
02-18 10:06:02.461  2213  6645 I chatty  : uid=1000(system) Binder:2213_16 expire 1 line
02-18 10:06:20.439  2213  2213 I chatty  : uid=1000 system_server expire 7 lines
02-18 10:06:46.575  1302  1507 E storaged: getDiskStats failed with result NOT_SUPPORTED and size 0
02-18 10:07:18.289  2213  2293 I chatty  : uid=1000(system) UEventObserver expire 9 lines
02-18 10:07:46.575  1302  1507 E storaged: getDiskStats failed with result NOT_SUPPORTED and size 0
02-18 10:08:37.410  2213  2213 I chatty  : uid=1000 system_server expire 12 lines
02-18 10:08:38.264  2213  2312 I chatty  : uid=1000(system) InputDispatcher expire 3 lines
02-18 10:08:38.356  2213  2236 I chatty  : uid=1000(system) android.display expire 10 lines
02-18 10:08:39.355  2213  3872 I chatty  : uid=1000(system) Binder:2213_D expire 9 lines
02-18 10:08:39.400  2213  2230 I chatty  : uid=1000(system) ActivityManager expire 10 lines
02-18 10:08:39.675  2213  2228 I chatty  : uid=1000(system) ActivityManager expire 14 lines
02-18 10:08:40.381  2213  2223 I chatty  : uid=1000(system) Binder:2213_1 expire 4 lines
02-18 10:08:42.781  2213 16299 I chatty  : uid=1000(system) Binder:2213_1A expire 2 lines
02-18 10:08:44.059  2213  3843 I chatty  : uid=1000(system) Binder:2213_B expire 4 lines
02-18 10:08:46.576  1302  1507 E storaged: getDiskStats failed with result NOT_SUPPORTED and size 0
02-18 10:09:22.029  2213  6645 I chatty  : uid=1000(system) Binder:2213_16 expire 1 line
02-18 10:09:46.577  1302  1507 E storaged: getDiskStats failed with result NOT_SUPPORTED and size 0
02-18 10:09:51.778  2213  6015 I chatty  : uid=1000(system) Binder:2213_12 expire 1 line
02-18 10:09:51.778  2213  4256 I chatty  : uid=1000(system) Binder:2213_F expire 1 line
02-18 10:09:51.779  2213 19663 I chatty  : uid=1000(system) Binder:2213_1B expire 5 lines
02-18 10:09:51.779  2213  2350 I chatty  : uid=1000(system) ConnectivitySer expire 3 lines
02-18 10:09:51.780  2213  2291 I chatty  : uid=1000(system) Binder:2213_3 expire 2 lines
02-18 10:09:56.135  2213  2213 I chatty  : uid=1000 system_server expire 18 lines
02-18 10:10:46.577  1302  1507 E storaged: getDiskStats failed with result NOT_SUPPORTED and size 0
02-18 10:10:51.591  2213  2228 I chatty  : uid=1000(system) ActivityManager expire 10 lines
02-18 10:10:57.274  2213  2313 I chatty  : uid=1000(system) InputReader expire 5 lines
02-18 10:10:57.734  2213  2239 I chatty  : uid=1000(system) PowerManagerSer expire 8 lines
02-18 10:10:57.752  2213  2232 I chatty  : uid=1000(system) batterystats-wo expire 4 lines
02-18 10:10:58.083  2213  2234 I chatty  : uid=1000(system) android.fg expire 1 line
02-18 10:17:37.111  2213  2227 I chatty  : uid=1000(system) android.bg expire 10 lines
02-18 10:17:37.136  2213  2422 I chatty  : uid=1000(system) Binder:2213_4 expire 2 lines
02-18 10:18:02.405  1302  1507 E storaged: getDiskStats failed with result NOT_SUPPORTED and size 0
02-18 10:20:03.002 21607 21607 W ActivityThread: serviceStart lasts for 62930 ms, ServiceArgsData = ServiceArgsData{token=android.os.BinderProxy@799513 startId=4820 args=Intent { act=com.google.android.location.internal.action.AR_TRANSITION_RESULT pkg=com.google.android.gms cmp=com.google.android.gms/com.google.android.location.internal.PendingIntentCallbackService (has extras) }}
02-18 10:23:23.084  2213  2213 I chatty  : uid=1000 system_server expire 42 lines
02-18 10:34:38.006  2213  2229 I chatty  : uid=1000(system) android.ui expire 2 lines
02-18 10:39:02.241  2213  2228 I chatty  : uid=1000(system) ActivityManager expire 18 lines
02-18 10:39:04.291  2213  2224 I chatty  : uid=1000(system) Binder:2213_2 expire 1 line
02-18 10:41:05.017 21607 21607 W ActivityThread: serviceStart lasts for 60903 ms, ServiceArgsData = ServiceArgsData{token=android.os.BinderProxy@799513 startId=4863 args=Intent { act=com.google.android.location.internal.action.AR_TRANSITION_RESULT pkg=com.google.android.gms cmp=com.google.android.gms/com.google.android.location.internal.PendingIntentCallbackService (has extras) }}
02-18 10:41:45.044 10810 10965 I Diag_Lib: ImsCmServiceImplRCS_IPC_ID_CONFIGURATION_CHANGE_INDStart
02-18 10:41:45.045 10810 10965 I Diag_Lib: ImsCmServiceImplRCS_IPC_ID_CONFIGURATION_CHANGE_INDEnd
02-18 10:41:45.046 10810 10965 I Diag_Lib: ImsCmServiceImplRCS_IPC_ID_CONFIGURATION_CHANGE_INDStart
02-18 10:41:45.046 10810 10965 I Diag_Lib: ImsCmServiceImplRCS_IPC_ID_CONFIGURATION_CHANGE_INDEnd
02-18 10:44:08.145  1302  1507 E storaged: getDiskStats failed with result NOT_SUPPORTED and size 0
02-18 10:44:10.435  2213  8346 I chatty  : uid=1000(system) Binder:2213_19 expire 2 lines
02-18 10:44:10.436  2213  3137 I chatty  : uid=1000(system) Binder:2213_A expire 1 line
02-18 10:44:10.437  2213  6501 I chatty  : uid=1000(system) Binder:2213_14 expire 1 line
02-18 10:44:10.445  2213  4261 I chatty  : uid=1000(system) Binder:2213_10 expire 1 line
02-18 11:09:40.524  2213  5777 I chatty  : uid=1000(system) Binder:2213_11 expire 1 line
02-18 11:19:23.515  1302  1507 E storaged: getDiskStats failed with result NOT_SUPPORTED and size 0
02-18 11:19:29.389  2213  2213 I chatty  : uid=1000 system_server expire 1 line
02-18 11:19:32.014  2213 27031 I chatty  : uid=1000(system) Binder:2213_1E expire 2 lines
02-18 11:19:32.041  2213  6184 I chatty  : uid=1000(system) Binder:2213_13 expire 1 line
02-18 11:31:36.312 10810 10965 I Diag_Lib: ImsCmServiceImplRCS_IPC_ID_CONFIGURATION_CHANGE_INDStart
02-18 11:31:36.312 10810 10965 I Diag_Lib: ImsCmServiceImplRCS_IPC_ID_CONFIGURATION_CHANGE_INDEnd
02-18 11:31:36.313 10810 10965 I Diag_Lib: ImsCmServiceImplRCS_IPC_ID_CONFIGURATION_CHANGE_INDStart
02-18 11:31:36.314 10810 10965 I Diag_Lib: ImsCmServiceImplRCS_IPC_ID_CONFIGURATION_CHANGE_INDEnd
02-18 11:37:44.939  2213  2230 I chatty  : uid=1000(system) ActivityManager expire 1 line
02-18 11:37:45.112  2213  2228 I chatty  : uid=1000(system) ActivityManager expire 12 lines
02-18 12:08:05.117  2213  2230 I chatty  : uid=1000(system) ActivityManager expire 16 lines
02-18 12:08:05.224  2213  2224 I chatty  : uid=1000(system) Binder:2213_2 expire 5 lines
02-18 12:08:05.489  2213  6015 I chatty  : uid=1000(system) Binder:2213_12 expire 3 lines
02-18 12:08:06.082 18074 18074 D ActivityThread: Loading provider com.whatsapp.provider.contact: com.whatsapp.contact.ContactProvider
02-18 12:08:06.152  2213  2756 I chatty  : uid=1000(system) Binder:2213_6 expire 6 lines
02-18 12:08:06.601  2213 27031 I chatty  : uid=1000(system) Binder:2213_1E expire 11 lines
02-18 12:08:06.605  2213  2411 I chatty  : uid=1000(system) SyncManager expire 1 line
02-18 12:08:06.638  2213  6516 I chatty  : uid=1000(system) Binder:2213_15 expire 4 lines
02-18 12:08:06.847 18227 18227 D ActivityThread: Loading provider com.google.android.gm.sapi: com.google.android.gm.sapi.SapiUiProvider
02-18 12:08:11.770  2213  3843 I chatty  : uid=1000(system) Binder:2213_B expire 4 lines
02-18 12:08:12.121  2213 20400 I chatty  : uid=1000(system) Binder:2213_1C expire 4 lines
02-18 12:08:13.206  2213  5777 I chatty  : uid=1000(system) Binder:2213_11 expire 8 lines
02-18 12:08:13.442  2213  3871 I chatty  : uid=1000(system) Binder:2213_C expire 2 lines
02-18 12:08:14.203  2213  2350 I chatty  : uid=1000(system) ConnectivitySer expire 8 lines
02-18 12:08:14.206  2213 19663 I chatty  : uid=1000(system) Binder:2213_1B expire 6 lines
02-18 12:08:15.220 19284 19284 D SystemConfig: Removed unavailable feature android.hardware.nfc.any
02-18 12:08:15.220 19284 19284 D SystemConfig: Removed unavailable feature android.hardware.nfc.hce
02-18 12:08:15.238 19284 19284 D SystemConfig: Removed unavailable feature android.hardware.nfc.hcef
02-18 12:08:15.238 19284 19284 D SystemConfig: Removed unavailable feature android.hardware.nfc.any
02-18 12:08:15.251 19284 19284 D SystemConfig: Removed unavailable feature android.hardware.nfc
02-18 12:08:15.251 19284 19284 D SystemConfig: Removed unavailable feature android.hardware.nfc.any
02-18 12:08:15.305 19284 19284 D SystemConfig: Removed unavailable feature com.motorola.hardware.dtv
02-18 12:08:15.349 19284 19284 D SystemConfig: Removed unavailable feature android.hardware.sensor.compass
02-18 12:08:15.363 19284 19284 D SystemConfig: Removed unavailable feature android.hardware.sensor.compass
02-18 12:08:15.405 19284 19284 W SystemConfig: No directory /oem/etc/motorola/sysconfig, skipping
02-18 12:08:15.622  2213  2230 I chatty  : uid=1000(system) ActivityManager expire 11 lines
02-18 12:08:16.002  2213 27127 I chatty  : uid=1000(system) Binder:2213_20 expire 6 lines
02-18 12:08:18.705  2213  6501 I chatty  : uid=1000(system) Binder:2213_14 expire 2 lines
02-18 12:08:21.500  2213  2293 I chatty  : uid=1000(system) UEventObserver expire 2 lines
02-18 12:08:23.137  2213 27113 I chatty  : uid=1000(system) Binder:2213_1F expire 2 lines
02-18 12:08:25.338  2213  2213 I chatty  : uid=1000 system_server expire 11 lines
02-18 12:08:26.146  2213  2227 I chatty  : uid=1000(system) android.bg expire 4 lines
02-18 12:08:32.529  2213  3872 I chatty  : uid=1000(system) Binder:2213_D expire 3 lines
02-18 12:08:34.392  2213  2703 I chatty  : uid=1000(system) Binder:2213_5 expire 1 line
02-18 12:08:35.929  2213 27005 I chatty  : uid=1000(system) Binder:2213_1D expire 2 lines
02-18 12:08:39.713  1302  1507 E storaged: getDiskStats failed with result NOT_SUPPORTED and size 0
02-18 12:21:27.678 10810 10965 I Diag_Lib: ImsCmServiceImplRCS_IPC_ID_CONFIGURATION_CHANGE_INDStart
02-18 12:21:27.678 10810 10965 I Diag_Lib: ImsCmServiceImplRCS_IPC_ID_CONFIGURATION_CHANGE_INDEnd
02-18 12:21:27.679 10810 10965 I Diag_Lib: ImsCmServiceImplRCS_IPC_ID_CONFIGURATION_CHANGE_INDStart
02-18 12:21:27.680 10810 10965 I Diag_Lib: ImsCmServiceImplRCS_IPC_ID_CONFIGURATION_CHANGE_INDEnd
02-18 12:21:27.870  2213  4261 I chatty  : uid=1000(system) Binder:2213_10 expire 3 lines
02-18 12:21:38.347  2213  8346 I chatty  : uid=1000(system) Binder:2213_19 expire 1 line
02-18 12:36:52.049  2213  2228 I chatty  : uid=1000(system) ActivityManager expire 28 lines
02-18 13:11:19.024 10810 10965 I Diag_Lib: ImsCmServiceImplRCS_IPC_ID_CONFIGURATION_CHANGE_INDStart
02-18 13:11:19.024 10810 10965 I Diag_Lib: ImsCmServiceImplRCS_IPC_ID_CONFIGURATION_CHANGE_INDEnd
02-18 13:11:19.025 10810 10965 I Diag_Lib: ImsCmServiceImplRCS_IPC_ID_CONFIGURATION_CHANGE_INDStart
02-18 13:11:19.025 10810 10965 I Diag_Lib: ImsCmServiceImplRCS_IPC_ID_CONFIGURATION_CHANGE_INDEnd
02-18 13:44:11.265  2213  2213 I chatty  : uid=1000 system_server expire 31 lines
02-18 13:54:15.183  2213  3137 I chatty  : uid=1000(system) Binder:2213_A expire 3 lines
02-18 13:54:15.205  2213  2236 I chatty  : uid=1000(system) android.display expire 1 line
02-18 13:56:51.809 20106 20106 D SystemConfig: Removed unavailable feature android.hardware.nfc.any
02-18 13:56:51.810 20106 20106 D SystemConfig: Removed unavailable feature android.hardware.nfc.hce
02-18 13:56:51.853 20106 20106 D SystemConfig: Removed unavailable feature android.hardware.nfc.hcef
02-18 13:56:51.853 20106 20106 D SystemConfig: Removed unavailable feature android.hardware.nfc.any
02-18 13:56:51.889 20106 20106 D SystemConfig: Removed unavailable feature android.hardware.nfc
02-18 13:56:51.890 20106 20106 D SystemConfig: Removed unavailable feature android.hardware.nfc.any
02-18 13:56:52.048 20106 20106 D SystemConfig: Removed unavailable feature com.motorola.hardware.dtv
02-18 13:56:52.126 20106 20106 D SystemConfig: Removed unavailable feature android.hardware.sensor.compass
02-18 13:56:52.152 20106 20106 D SystemConfig: Removed unavailable feature android.hardware.sensor.compass
02-18 13:56:52.251 20106 20106 W SystemConfig: No directory /oem/etc/motorola/sysconfig, skipping
02-18 13:56:52.583  2213  4079 I chatty  : uid=1000(system) Binder:2213_E expire 2 lines
02-18 13:56:52.787  2213  2848 I chatty  : uid=1000(system) Binder:2213_8 expire 4 lines
02-18 13:56:54.228  2213  2230 I chatty  : uid=1000(system) ActivityManager expire 11 lines
02-18 13:56:54.663 20223 20249 E ActivityThread: Failed to find provider info for com.facebook.appmanager.nekodirect
02-18 13:56:55.116 20223 20255 E ActivityThread: Failed to find provider info for com.facebook.services.configuration
02-18 13:56:55.118 20223 20255 E ActivityThread: Failed to find provider info for com.facebook.services.configuration
02-18 13:56:55.786  1302  1507 E storaged: getDiskStats failed with result NOT_SUPPORTED and size 0
02-18 13:56:58.329  2213  2831 I chatty  : uid=1000(system) Binder:2213_7 expire 3 lines
02-18 13:56:58.904 20467 20467 D ActivityThread: Loading provider com.google.android.gm.sapi: com.google.android.gm.sapi.SapiUiProvider
02-18 13:57:02.375  2213  2213 I chatty  : uid=1000 system_server expire 18 lines
02-18 13:57:09.396  2213  2228 I chatty  : uid=1000(system) ActivityManager expire 26 lines
02-18 13:57:09.882  2213  2756 I chatty  : uid=1000(system) Binder:2213_6 expire 1 line
02-18 13:57:10.399  2213  4261 I chatty  : uid=1000(system) Binder:2213_10 expire 3 lines
02-18 13:57:21.548  2213  2227 I chatty  : uid=1000(system) android.bg expire 10 lines
02-18 13:57:23.907  2213 27113 I chatty  : uid=1000(system) Binder:2213_1F expire 9 lines
02-18 14:01:09.343 10810 10965 I Diag_Lib: ImsCmServiceImplRCS_IPC_ID_CONFIGURATION_CHANGE_INDStart
02-18 14:01:09.343 10810 10965 I Diag_Lib: ImsCmServiceImplRCS_IPC_ID_CONFIGURATION_CHANGE_INDEnd
02-18 14:01:09.344 10810 10965 I Diag_Lib: ImsCmServiceImplRCS_IPC_ID_CONFIGURATION_CHANGE_INDStart
02-18 14:01:09.344 10810 10965 I Diag_Lib: ImsCmServiceImplRCS_IPC_ID_CONFIGURATION_CHANGE_INDEnd
02-18 14:01:09.390  2213  2230 I chatty  : uid=1000(system) ActivityManager expire 16 lines
02-18 14:01:10.410  2213  3137 I chatty  : uid=1000(system) Binder:2213_A expire 2 lines
02-18 14:01:10.548  2213  4079 I chatty  : uid=1000(system) Binder:2213_E expire 1 line
02-18 14:24:17.135  2213  2293 I chatty  : uid=1000(system) UEventObserver expire 4 lines
02-18 14:25:32.691  2213  2328 I chatty  : uid=1000(system) tworkPolicy.uid expire 2 lines
02-18 14:25:32.707  2213  2243 I chatty  : uid=1000(system) PackageManager expire 7 lines
02-18 14:25:32.778  2213  2224 I chatty  : uid=1000(system) Binder:2213_2 expire 1 line
02-18 14:25:32.778  2213  2350 I chatty  : uid=1000(system) ConnectivitySer expire 7 lines
02-18 14:25:34.986  2213 27031 I chatty  : uid=1000(system) Binder:2213_1E expire 2 lines
02-18 14:25:34.986  2213  2703 I chatty  : uid=1000(system) Binder:2213_5 expire 2 lines
02-18 14:25:34.987  2213 16299 I chatty  : uid=1000(system) Binder:2213_1A expire 2 lines
02-18 14:25:34.987  2213  8346 I chatty  : uid=1000(system) Binder:2213_19 expire 1 line
02-18 14:25:38.663 20999 20999 W ActivityThread: serviceCreate starts in 2711 ms, CreateServiceData = CreateServiceData{token=android.os.BinderProxy@e7264cb className=com.google.android.finsky.setup.PlaySetupServiceV2 packageName=com.android.vending intent=null}
02-18 14:29:45.656  2213  2848 I chatty  : uid=1000(system) Binder:2213_8 expire 2 lines
02-18 14:29:57.567  2213  2229 I chatty  : uid=1000(system) android.ui expire 2 lines
02-18 14:29:57.754  2213  6184 I chatty  : uid=1000(system) Binder:2213_13 expire 11 lines
02-18 14:30:08.237 21336 21336 W ActivityThread: serviceStart lasts for 10145 ms, ServiceArgsData = ServiceArgsData{token=android.os.BinderProxy@18d090 startId=1 args=Intent { act=android.intent.action.PACKAGE_ADDED dat=package:com.android.vending flg=0x4000010 cmp=com.motorola.invisiblenet/.ShortcutInstallerService (has extras) }}
02-18 14:38:19.222  1302  1507 E storaged: getDiskStats failed with result NOT_SUPPORTED and size 0
02-18 14:39:18.094  2213  2232 I chatty  : uid=1000(system) batterystats-wo expire 3 lines
02-18 14:51:00.471 10810 10965 I Diag_Lib: ImsCmServiceImplRCS_IPC_ID_CONFIGURATION_CHANGE_INDStart
02-18 14:51:00.471 10810 10965 I Diag_Lib: ImsCmServiceImplRCS_IPC_ID_CONFIGURATION_CHANGE_INDEnd
02-18 14:51:00.472 10810 10965 I Diag_Lib: ImsCmServiceImplRCS_IPC_ID_CONFIGURATION_CHANGE_INDStart
02-18 14:51:00.472 10810 10965 I Diag_Lib: ImsCmServiceImplRCS_IPC_ID_CONFIGURATION_CHANGE_INDEnd
02-18 14:53:23.216  2213  6750 I chatty  : uid=1000(system) Binder:2213_17 expire 7 lines
02-18 15:01:30.164  2213  2313 I chatty  : uid=1000(system) InputReader expire 2 lines
02-18 15:01:30.248  2213  2239 I chatty  : uid=1000(system) PowerManagerSer expire 9 lines
02-18 15:01:30.249  2213  2236 I chatty  : uid=1000(system) android.display expire 5 lines
02-18 15:01:30.540  2213  5777 I chatty  : uid=1000(system) Binder:2213_11 expire 1 line
02-18 15:01:30.809  2213  2422 I chatty  : uid=1000(system) Binder:2213_4 expire 4 lines
02-18 15:01:30.811  2213  2228 I chatty  : uid=1000(system) ActivityManager expire 10 lines
02-18 15:01:30.868  2213  2291 I chatty  : uid=1000(system) Binder:2213_3 expire 3 lines
02-18 15:01:31.746  2213  3871 I chatty  : uid=1000(system) Binder:2213_C expire 3 lines
02-18 15:01:32.983  2213  2223 I chatty  : uid=1000(system) Binder:2213_1 expire 3 lines
02-18 15:01:34.492  2213  3097 I chatty  : uid=1000(system) Binder:2213_9 expire 4 lines
02-18 15:01:41.264  2213  2411 I chatty  : uid=1000(system) SyncManager expire 1 line
02-18 15:01:50.362 21273 21969 E ActivityThread: Failed to find provider info for com.google.android.instantapps.supervisor.SupervisorArchiveProvider
02-18 15:01:55.395  2213  2230 I chatty  : uid=1000(system) ActivityManager expire 6 lines
02-18 15:02:06.500  2213  2213 I chatty  : uid=1000 system_server expire 11 lines
02-18 15:02:13.190  2213  2234 I chatty  : uid=1000(system) android.fg expire 1 line
02-18 15:05:48.782  1302  1507 E storaged: getDiskStats failed with result NOT_SUPPORTED and size 0
02-18 15:22:21.122  2213  2228 I chatty  : uid=1000(system) ActivityManager expire 12 lines
02-18 15:32:12.534  1302  1507 E storaged: getDiskStats failed with result NOT_SUPPORTED and size 0
02-18 15:33:31.868  1302  1507 E storaged: getDiskStats failed with result NOT_SUPPORTED and size 0
02-18 15:33:32.891 22530 22530 D ActivityThread: Loading provider com.google.android.gm.sapi: com.google.android.gm.sapi.SapiUiProvider
02-18 15:33:35.013  2213  2213 I chatty  : uid=1000 system_server expire 5 lines
02-18 15:33:35.303  2213  6516 I chatty  : uid=1000(system) Binder:2213_15 expire 1 line
02-18 15:33:36.194  2213  2312 I chatty  : uid=1000(system) InputDispatcher expire 1 line
02-18 15:33:37.554  2213  6501 I chatty  : uid=1000(system) Binder:2213_14 expire 1 line
02-18 15:33:53.344  2213  4256 I chatty  : uid=1000(system) Binder:2213_F expire 3 lines
02-18 15:33:55.376  2213 20400 I chatty  : uid=1000(system) Binder:2213_1C expire 3 lines
02-18 15:34:01.611  2213  2230 I chatty  : uid=1000(system) ActivityManager expire 10 lines
02-18 15:34:01.954  2213  2228 I chatty  : uid=1000(system) ActivityManager expire 12 lines
02-18 15:34:05.717  2213  6015 I chatty  : uid=1000(system) Binder:2213_12 expire 4 lines
02-18 15:34:09.762  2213  2293 I chatty  : uid=1000(system) UEventObserver expire 4 lines
02-18 15:34:09.982  2213  6516 I chatty  : uid=1000(system) Binder:2213_15 expire 1 line
02-18 15:34:10.121  2213  3843 I chatty  : uid=1000(system) Binder:2213_B expire 2 lines
02-18 15:34:10.122  2213  6645 I chatty  : uid=1000(system) Binder:2213_16 expire 4 lines
02-18 15:34:10.122  2213  2350 I chatty  : uid=1000(system) ConnectivitySer expire 5 lines
02-18 15:34:10.266  2213  2213 I chatty  : uid=1000 system_server expire 23 lines
02-18 15:34:15.392  2213  2313 I chatty  : uid=1000(system) InputReader expire 5 lines
02-18 15:34:15.866  2213  2239 I chatty  : uid=1000(system) PowerManagerSer expire 8 lines
02-18 15:34:15.920  2213  2236 I chatty  : uid=1000(system) android.display expire 5 lines
02-18 15:34:16.257  2213  2234 I chatty  : uid=1000(system) android.fg expire 4 lines
02-18 15:35:53.420  2213  2232 I chatty  : uid=1000(system) batterystats-wo expire 2 lines
02-18 15:38:04.134  2213  2227 I chatty  : uid=1000(system) android.bg expire 11 lines
02-18 15:40:51.820 10810 10965 I Diag_Lib: ImsCmServiceImplRCS_IPC_ID_CONFIGURATION_CHANGE_INDStart
02-18 15:40:51.820 10810 10965 I Diag_Lib: ImsCmServiceImplRCS_IPC_ID_CONFIGURATION_CHANGE_INDEnd
02-18 15:40:51.822 10810 10965 I Diag_Lib: ImsCmServiceImplRCS_IPC_ID_CONFIGURATION_CHANGE_INDStart
02-18 15:40:51.822 10810 10965 I Diag_Lib: ImsCmServiceImplRCS_IPC_ID_CONFIGURATION_CHANGE_INDEnd
02-18 15:40:51.952  2213  6184 I chatty  : uid=1000(system) Binder:2213_13 expire 6 lines
02-18 15:40:52.076  2213  4079 I chatty  : uid=1000(system) Binder:2213_E expire 1 line
02-18 15:40:52.129  2213 27127 I chatty  : uid=1000(system) Binder:2213_20 expire 5 lines
02-18 15:40:53.248  1302  1507 E storaged: getDiskStats failed with result NOT_SUPPORTED and size 0
02-18 15:41:02.221  2213  8346 I chatty  : uid=1000(system) Binder:2213_19 expire 1 line
02-18 15:41:10.269  2213  2756 I chatty  : uid=1000(system) Binder:2213_6 expire 3 lines
02-18 15:41:35.723  2213  2228 I chatty  : uid=1000(system) ActivityManager expire 13 lines
02-18 15:41:36.065  2213  2831 I chatty  : uid=1000(system) Binder:2213_7 expire 1 line
02-18 15:41:47.396  2213  2312 I chatty  : uid=1000(system) InputDispatcher expire 1 line
02-18 15:41:49.288  2213  2291 I chatty  : uid=1000(system) Binder:2213_3 expire 1 line
02-18 15:41:50.361  2213  3097 I chatty  : uid=1000(system) Binder:2213_9 expire 3 lines
02-18 15:41:51.031  2213 16299 I chatty  : uid=1000(system) Binder:2213_1A expire 1 line
02-18 15:41:51.072  2213  2224 I chatty  : uid=1000(system) Binder:2213_2 expire 1 line
02-18 15:41:51.072  2213  6750 I chatty  : uid=1000(system) Binder:2213_17 expire 3 lines
02-18 15:41:51.645  2213  3137 I chatty  : uid=1000(system) Binder:2213_A expire 9 lines
02-18 15:46:18.211  1302  1507 E storaged: getDiskStats failed with result NOT_SUPPORTED and size 0
02-18 15:46:44.229  2213  2230 I chatty  : uid=1000(system) ActivityManager expire 8 lines
02-18 15:47:55.719 23764 23764 W ActivityThread: serviceCreate starts in 7366 ms, CreateServiceData = CreateServiceData{token=android.os.BinderProxy@a9a18b8 className=com.tmobile.pr.mytmobile.keepalive.KeepAliveService packageName=com.tmobile.pr.mytmobile intent=null}
02-18 15:53:35.390  2213  2228 I chatty  : uid=1000(system) ActivityManager expire 14 lines
02-18 16:08:33.604 24093 24093 D ActivityThread: Loading provider com.whatsapp.provider.contact: com.whatsapp.contact.ContactProvider
02-18 16:08:45.234  2213  2213 I chatty  : uid=1000 system_server expire 6 lines
02-18 16:24:25.129  2213  2229 I chatty  : uid=1000(system) android.ui expire 2 lines
02-18 16:25:01.163  1302  1507 E storaged: getDiskStats failed with result NOT_SUPPORTED and size 0
02-18 16:30:43.199 10810 10965 I Diag_Lib: ImsCmServiceImplRCS_IPC_ID_CONFIGURATION_CHANGE_INDStart
02-18 16:30:43.199 10810 10965 I Diag_Lib: ImsCmServiceImplRCS_IPC_ID_CONFIGURATION_CHANGE_INDEnd
02-18 16:30:43.200 10810 10965 I Diag_Lib: ImsCmServiceImplRCS_IPC_ID_CONFIGURATION_CHANGE_INDStart
02-18 16:30:43.200 10810 10965 I Diag_Lib: ImsCmServiceImplRCS_IPC_ID_CONFIGURATION_CHANGE_INDEnd
02-18 16:40:04.282  2213  2411 I chatty  : uid=1000(system) SyncManager expire 5 lines
02-18 16:40:07.264  2213  3786 I chatty  : uid=1000(system) backup expire 91 lines
02-18 16:40:17.142  2213  4256 I chatty  : uid=1000(system) Binder:2213_F expire 1 line
02-18 16:40:17.227  2213  2228 I chatty  : uid=1000(system) ActivityManager expire 32 lines
02-18 16:40:18.463  2213  2230 I chatty  : uid=1000(system) ActivityManager expire 9 lines
02-18 16:40:18.905  2213 27127 I chatty  : uid=1000(system) Binder:2213_20 expire 6 lines
02-18 16:40:20.400  2213  2213 I chatty  : uid=1000 system_server expire 32 lines
02-18 16:40:25.002  2213  3872 I chatty  : uid=1000(system) Binder:2213_D expire 2 lines
02-18 16:40:26.508  2213  3843 I chatty  : uid=1000(system) Binder:2213_B expire 3 lines
02-18 16:40:28.073  2213  2848 I chatty  : uid=1000(system) Binder:2213_8 expire 7 lines
02-18 16:44:16.398  2213  2293 I chatty  : uid=1000(system) UEventObserver expire 2 lines
02-18 16:44:28.842  1302  1507 E storaged: getDiskStats failed with result NOT_SUPPORTED and size 0
02-18 16:48:19.142  2213  2213 I chatty  : uid=1000 system_server expire 17 lines
02-18 16:55:11.435  2213  2227 I chatty  : uid=1000(system) android.bg expire 4 lines
02-18 16:55:11.982  2213  2228 I chatty  : uid=1000(system) ActivityManager expire 14 lines
02-18 16:55:12.223  2213  2756 I chatty  : uid=1000(system) Binder:2213_6 expire 4 lines
02-18 16:55:12.378  2213  6184 I chatty  : uid=1000(system) Binder:2213_13 expire 2 lines
02-18 16:55:12.378  2213  2291 I chatty  : uid=1000(system) Binder:2213_3 expire 1 line
02-18 16:55:12.379  2213  2350 I chatty  : uid=1000(system) ConnectivitySer expire 1 line
02-18 16:55:12.612  7895 25105 E ActivityThread: Failed to find provider info for com.motorola.ccc.cce.datausage
02-18 16:55:12.641  7895  8242 E ActivityThread: Failed to find provider info for com.motorola.ccc.cce.datausage
02-18 16:55:13.215  7895  8768 E ActivityThread: Failed to find provider info for com.motorola.ccc.cce.datausage
02-18 16:55:13.372  7895 25105 E ActivityThread: Failed to find provider info for com.motorola.ccc.cce.datausage
02-18 16:55:14.047  7895 25105 E ActivityThread: Failed to find provider info for com.motorola.ccc.cce.datausage
02-18 16:55:14.707  2213  2318 I chatty  : uid=1000(system) NetworkWatchlis expire 2 lines
02-18 16:55:14.802  7895  8242 E ActivityThread: Failed to find provider info for com.motorola.ccc.cce.datausage
02-18 16:55:14.975  7895 25112 E ActivityThread: Failed to find provider info for com.motorola.ccc.cce.datausage
02-18 17:20:35.041 10810 10965 I Diag_Lib: ImsCmServiceImplRCS_IPC_ID_CONFIGURATION_CHANGE_INDStart
02-18 17:20:35.041 10810 10965 I Diag_Lib: ImsCmServiceImplRCS_IPC_ID_CONFIGURATION_CHANGE_INDEnd
02-18 17:20:35.042 10810 10965 I Diag_Lib: ImsCmServiceImplRCS_IPC_ID_CONFIGURATION_CHANGE_INDStart
02-18 17:20:35.042 10810 10965 I Diag_Lib: ImsCmServiceImplRCS_IPC_ID_CONFIGURATION_CHANGE_INDEnd
02-18 17:35:33.437  2213  6750 I chatty  : uid=1000(system) Binder:2213_17 expire 2 lines
02-18 17:35:35.346  2213  2313 I chatty  : uid=1000(system) InputReader expire 1 line
02-18 17:35:35.380  2213  2239 I chatty  : uid=1000(system) PowerManagerSer expire 3 lines
02-18 17:35:35.381  2213  2236 I chatty  : uid=1000(system) android.display expire 2 lines
02-18 17:35:43.092  2213  6516 I chatty  : uid=1000(system) Binder:2213_15 expire 5 lines
02-18 17:35:54.564  1302  1507 E storaged: getDiskStats failed with result NOT_SUPPORTED and size 0
02-18 17:35:57.098  2213  2213 I chatty  : uid=1000 system_server expire 3 lines
02-18 17:36:12.445  2213  2228 I chatty  : uid=1000(system) ActivityManager expire 12 lines
02-18 17:36:16.137  2213  2213 I chatty  : uid=1000 system_server expire 12 lines
02-18 17:36:16.581  2213  2239 I chatty  : uid=1000(system) PowerManagerSer expire 5 lines
02-18 17:36:16.646  2213  2236 I chatty  : uid=1000(system) android.display expire 5 lines
02-18 17:36:21.141  2213  6501 I chatty  : uid=1000(system) Binder:2213_14 expire 2 lines
02-18 17:36:21.148  2213  2234 I chatty  : uid=1000(system) android.fg expire 1 line
02-18 17:39:32.439  2213  2227 I chatty  : uid=1000(system) android.bg expire 6 lines
02-18 17:45:43.174  2213  2293 I chatty  : uid=1000(system) UEventObserver expire 3 lines
02-18 17:45:43.212  2213  2230 I chatty  : uid=1000(system) ActivityManager expire 8 lines
02-18 17:57:38.175  1302  1507 E storaged: getDiskStats failed with result NOT_SUPPORTED and size 0
02-18 18:07:01.622  2213  2229 I chatty  : uid=1000(system) android.ui expire 3 lines
02-18 18:10:26.223 10810 10965 I Diag_Lib: ImsCmServiceImplRCS_IPC_ID_CONFIGURATION_CHANGE_INDStart
02-18 18:10:26.223 10810 10965 I Diag_Lib: ImsCmServiceImplRCS_IPC_ID_CONFIGURATION_CHANGE_INDEnd
02-18 18:10:26.225 10810 10965 I Diag_Lib: ImsCmServiceImplRCS_IPC_ID_CONFIGURATION_CHANGE_INDStart
02-18 18:10:26.225 10810 10965 I Diag_Lib: ImsCmServiceImplRCS_IPC_ID_CONFIGURATION_CHANGE_INDEnd
02-18 18:14:47.329  2213  6516 I chatty  : uid=1000(system) Binder:2213_15 expire 10 lines
02-18 18:18:05.460  2213  2350 I chatty  : uid=1000(system) ConnectivitySer expire 3 lines
02-18 18:20:10.235  2213  2232 I chatty  : uid=1000(system) batterystats-wo expire 3 lines
02-18 18:20:10.271  2213  4261 I chatty  : uid=1000(system) Binder:2213_10 expire 9 lines
02-18 18:20:10.458  2213 26136 I chatty  : uid=1000 system_server expire 1 line
02-18 18:20:10.462  2687  2687 I Telephony: TelephonyConnectionService: notifyCreateConnectionComplete TC@6_1: (...->CSW.hCCC)->CS.crCoC->H.CS.crCoC@E-E-E-E0g
02-18 18:20:10.488  2213  2213 I chatty  : uid=1000 system_server expire 36 lines
02-18 18:20:10.808  2213  5777 I chatty  : uid=1000(system) Binder:2213_11 expire 28 lines
02-18 18:20:10.808  2213  6015 I chatty  : uid=1000(system) Binder:2213_12 expire 2 lines
02-18 18:20:10.808  2213  6184 I chatty  : uid=1000(system) Binder:2213_13 expire 1 line
02-18 18:20:10.810  2213 16299 I chatty  : uid=1000(system) Binder:2213_1A expire 2 lines
02-18 18:20:10.813  2213  4079 I chatty  : uid=1000(system) Binder:2213_E expire 2 lines
02-18 18:20:11.845  2213  2729 I chatty  : uid=1000(system) uteStateMachine expire 13 lines
02-18 18:20:11.845  2213  2736 I chatty  : uid=1000(system) CallAudioModeSt expire 13 lines
02-18 18:20:11.861  2213 27706 I chatty  : uid=1000(system) tonegenerator-d expire 1 line
02-18 18:20:12.281  2213  3137 I chatty  : uid=1000(system) Binder:2213_A expire 2 lines
02-18 18:20:12.285  2213 26304 I chatty  : uid=1000 system_server expire 7 lines
02-18 18:20:12.328  2213  3097 I chatty  : uid=1000(system) Binder:2213_9 expire 9 lines
02-18 18:20:12.341 26137 26164 E ActivityThread: Failed to find provider info for google.ims.sipmsgprovider
02-18 18:20:12.470  2213  2228 I chatty  : uid=1000(system) ActivityManager expire 12 lines
02-18 18:20:17.318 26423 26448 E ActivityThread: Failed to find provider info for com.facebook.appmanager.nekodirect
02-18 18:20:39.923  1302  1507 E storaged: getDiskStats failed with result NOT_SUPPORTED and size 0
02-18 18:20:40.097  2213  2213 I chatty  : uid=1000 system_server expire 2 lines
02-18 18:20:40.108  2213 26479 I chatty  : uid=1000 system_server expire 1 line
02-18 18:20:40.111  2213  2729 I chatty  : uid=1000(system) uteStateMachine expire 4 lines
02-18 18:20:40.181  2213  2213 I TelecomService: MissedCallNotifierImpl: showMissedCallNotification: userHandle=0
02-18 18:20:40.182  2213  2213 W TelecomService: MissedCallNotifierImpl: Showing missed calls through default dialer.
02-18 18:20:40.194  2213  3097 W BroadcastQueue: Permission Denial: receiving Intent { act=android.intent.action.PHONE_STATE flg=0x1000010 (has extras) } to com.google.android.ims/.receivers.PhoneStateChangedReceiver requires android.permission.READ_PHONE_STATE due to sender android (uid 1000)
02-18 18:20:40.201  2213  2228 W BroadcastQueue: Permission Denial: receiving Intent { act=android.intent.action.PHONE_STATE flg=0x1000010 (has extras) } to com.motorola.carriersettingsext/.wfc.WFCReceiver requires android.permission.READ_PHONE_STATE due to sender android (uid 1000)
02-18 18:20:40.202  2213  2729 I TelecomService: CallAudioRouteStateMachine: Message received: SWITCH_FOCUS=4001, arg1=1: CSW.sDc->CAMSM.pM_1002->CARSM.pM_SWITCH_FOCUS@E6Q
02-18 18:20:40.202  2213  2729 I TelecomService: ActiveEarpieceRoute: Processing message SWITCH_FOCUS: CSW.sDc->CAMSM.pM_1002->CARSM.pM_SWITCH_FOCUS@E6Q
02-18 18:20:40.202  2213  2729 I TelecomService: CallAudioRouteStateMachine: turning speaker phone false: CSW.sDc->CAMSM.pM_1002->CARSM.pM_SWITCH_FOCUS@E6Q
02-18 18:20:40.202  2213  2729 I Telecom : Logging.Events: Non-call EVENT: UNMUTE, null
02-18 18:20:40.202  2213  2228 W BroadcastQueue: Permission Denial: receiving Intent { act=android.intent.action.PHONE_STATE flg=0x1000010 (has extras) } to com.tmobile.vvm.application/.service.MissedCallReceiver requires android.permission.READ_CALL_LOG due to sender android (uid 1000)
02-18 18:20:40.202  2213  2228 W BroadcastQueue: Permission Denial: receiving Intent { act=android.intent.action.PHONE_STATE flg=0x1000010 (has extras) } to com.tmobile.vvm.application/com.firstorion.libcyd.PhoneStateReceiver requires android.permission.READ_CALL_LOG due to sender android (uid 1000)
02-18 18:20:40.204  2213  2729 I Telecom : Logging.Events: Non-call EVENT: AUDIO_ROUTE, Leaving state ActiveEarpieceRoute
02-18 18:20:40.205  2213  2729 I Telecom : Logging.Events: Non-call EVENT: AUDIO_ROUTE, Entering state QuiescentEarpieceRoute
02-18 18:20:40.231  2213  2230 I ActivityManager: Start proc 26486:com.android.calllogbackup/u0a21 for broadcast com.android.calllogbackup/.CallLogChangeReceiver
02-18 18:20:40.309  2213  2213 I Telecom : VideoProviderHandler: removeVideoProvider - skipped; not present.
02-18 18:20:40.310  2213  2213 I Telecom : VideoProviderHandler: removeVideoProvider - skipped; not present.
02-18 18:20:40.318  2213  2224 D ActivityManager: found next focusableStack ActivityStack{fcca91a stackId=139 type=standard mode=fullscreen visible=true translucent=true, 1 tasks} with top ActivityRecord{7b808ad u0 com.google.android.gm/.ConversationListActivityGmail t5901} as current stack ActivityStack{c1dcdb7 stackId=148 type=standard mode=fullscreen visible=true translucent=true, 1 tasks}
02-18 18:20:40.357  2213  7723 W ActivityManager: stopServiceToken startId 1 is last, but have 1 remaining args
02-18 18:20:40.399  2213  2230 I ActivityManager: Start proc 26507:com.google.android.apps.tachyon/u0a116 for service com.google.android.apps.tachyon/.contacts.reachability.ReachabilityService
02-18 18:20:40.432  2213  2213 V FingerprintService: startAuthentication(com.android.systemui)
02-18 18:20:40.432  2213  2213 V FingerprintService: starting client AuthenticationClient(com.android.systemui), initiatedByClient = true
02-18 18:20:40.448  2213  2213 W FingerprintService: client com.android.systemui is authenticating...
02-18 18:20:40.624  2213  2213 E NotificationService: Muting recently noisy 0|com.google.android.dialer|1|MissedCall_content://call_log/calls/872?allow_voicemails=true|10098
02-18 18:20:41.181  2213  3097 I ActivityManager: Killing 23332:com.android.providers.calendar/u0a84 (adj 906): empty #17
02-18 18:20:42.116  2213  2213 I TelecomService: EmergencyInCallServiceConnection: Disconnect forced!
02-18 18:20:42.139  2213  2291 I ActivityManager: Killing 24421:com.google.android.calendar/u0a121 (adj 906): empty #17
02-18 18:20:42.256  2213  6750 D ConnectivityService: ConnectivityService NetworkRequestInfo binderDied(NetworkRequest [ TRACK_DEFAULT id=1544, [ Capabilities: INTERNET&NOT_RESTRICTED&TRUSTED Unwanted:  Uid: 10121] ], android.os.BinderProxy@76cba05)
02-18 18:20:42.256  2213  2224 D ConnectivityService: ConnectivityService NetworkRequestInfo binderDied(NetworkRequest [ LISTEN id=1545, [ Capabilities: INTERNET&NOT_RESTRICTED&TRUSTED Unwanted:  Uid: 10121] ], android.os.BinderProxy@ed6ea5a)
02-18 18:20:42.259  2213  2350 D ConnectivityService: releasing NetworkRequest [ TRACK_DEFAULT id=1544, [ Capabilities: INTERNET&NOT_RESTRICTED&TRUSTED Unwanted:  Uid: 10121] ] (release request)
02-18 18:20:45.278  2213  3843 I ActivityManager: Killing 25862:com.google.android.apps.turbo/u0a35 (adj 906): empty #17
02-18 18:20:50.802  2213  2239 I PowerManagerService: Going to sleep due to screen timeout (uid 1000)...
02-18 18:20:50.803  2213  2213 W UsageStatsService: Event reported without a package name
02-18 18:20:51.274  2213  2239 I DisplayPowerController: Blocking screen off
02-18 18:20:51.275  2213  2239 I DisplayPowerController: Unblocked screen off after 0 ms
02-18 18:20:51.314  2213  2236 I DisplayManagerService: Display device changed state: "Built-in Screen", OFF
02-18 18:20:51.608  2213  2239 I PowerManagerService: Sleeping (uid 1000)...
02-18 18:20:56.212  2213  2232 E BatteryExternalStatsWorker: no controller energy info supplied for wifi
