--------- beginning of crash
02-12 10:13:39.047  1559 10436 F libc    : Fatal signal 11 (SIGSEGV), code 1 (SEGV_MAPERR), fault addr 0x58 in tid 10436 (rild), pid 1559 (main)
02-12 10:13:39.129 31122 31122 F DEBUG   : *** *** *** *** *** *** *** *** *** *** *** *** *** *** *** ***
02-12 10:13:39.129 31122 31122 F DEBUG   : Build fingerprint: 'motorola/ocean/ocean:9/PPO29.114-63-2/80ac7:user/release-keys'
02-12 10:13:39.129 31122 31122 F DEBUG   : Revision: 'PVT1'
02-12 10:13:39.129 31122 31122 F DEBUG   : ABI: 'arm64'
02-12 10:13:39.129 31122 31122 F DEBUG   : pid: 1559, tid: 10436, name: rild  >>> /vendor/bin/hw/qcrild <<<
02-12 10:13:39.129 31122 31122 F DEBUG   : signal 11 (SIGSEGV), code 1 (SEGV_MAPERR), fault addr 0x58
02-12 10:13:39.129 31122 31122 F DEBUG   : Cause: null pointer dereference
02-12 10:13:39.129 31122 31122 F DEBUG   :     x0  000000762ca98a40  x1  000000762ca1bf70  x2  0000000000000002  x3  00000076306968a0
02-12 10:13:39.129 31122 31122 F DEBUG   :     x4  000000762bc975b0  x5  000000762856d2f8  x6  0000000000000001  x7  0000000000000000
02-12 10:13:39.129 31122 31122 F DEBUG   :     x8  0000000000000000  x9  0000000000000000  x10 0000000000000001  x11 0000000000000000
02-12 10:13:39.129 31122 31122 F DEBUG   :     x12 00000000000347fd  x13 0000000000002280  x14 0000000000000010  x15 aaaaaaaaaaaaaaab
02-12 10:13:39.129 31122 31122 F DEBUG   :     x16 00000076306c49e0  x17 000000762de2ec28  x18 0000000000000001  x19 000000762ca1bf70
02-12 10:13:39.129 31122 31122 F DEBUG   :     x20 000000762ca98a40  x21 0000000000000002  x22 00000076306c5250  x23 00000076306a78a1
02-12 10:13:39.129 31122 31122 F DEBUG   :     x24 000000762bc975a0  x25 00000076306c54b0  x26 0000000000000001  x27 0000000000000002
02-12 10:13:39.129 31122 31122 F DEBUG   :     x28 00000076306c5250  x29 000000762856d400
02-12 10:13:39.129 31122 31122 F DEBUG   :     sp  000000762856d350  lr  0000007630699280  pc  0000007630696928
02-12 10:13:39.135 31122 31122 F DEBUG   : 
02-12 10:13:39.135 31122 31122 F DEBUG   : backtrace:
02-12 10:13:39.135 31122 31122 F DEBUG   :     #00 pc 0000000000011928  /vendor/lib64/libmdmcutback.so (MdmCutbackNetlinkHandler::fwpathStateChanged(char const*, unsigned int)+136)
02-12 10:13:39.135 31122 31122 F DEBUG   :     #01 pc 0000000000013c4c  /vendor/lib64/libmdmcutback.so (MdmCutbackFileObserver::threadFunc(void*)+124)
02-12 10:13:39.135 31122 31122 F DEBUG   :     #02 pc 0000000000081a30  /system/lib64/libc.so (__pthread_start(void*)+36)
02-12 10:13:39.135 31122 31122 F DEBUG   :     #03 pc 00000000000234b8  /system/lib64/libc.so (__start_thread+68)
02-12 21:29:48.143 27714 27714 E AndroidRuntime: FATAL EXCEPTION: main
02-12 21:29:48.143 27714 27714 E AndroidRuntime: Process: com.android.settings, PID: 27714
02-12 21:29:48.143 27714 27714 E AndroidRuntime: java.lang.RuntimeException: Unable to resume activity {com.android.settings/com.android.settings.SubSettings}: java.lang.RuntimeException: failed to set system property
02-12 21:29:48.143 27714 27714 E AndroidRuntime: 	at android.app.ActivityThread.performResumeActivity(ActivityThread.java:4001)
02-12 21:29:48.143 27714 27714 E AndroidRuntime: 	at android.app.ActivityThread.handleResumeActivity(ActivityThread.java:4033)
02-12 21:29:48.143 27714 27714 E AndroidRuntime: 	at android.app.servertransaction.ResumeActivityItem.execute(ResumeActivityItem.java:51)
02-12 21:29:48.143 27714 27714 E AndroidRuntime: 	at android.app.servertransaction.TransactionExecutor.executeLifecycleState(TransactionExecutor.java:145)
02-12 21:29:48.143 27714 27714 E AndroidRuntime: 	at android.app.servertransaction.TransactionExecutor.execute(TransactionExecutor.java:70)
02-12 21:29:48.143 27714 27714 E AndroidRuntime: 	at android.app.ActivityThread$H.handleMessage(ActivityThread.java:1977)
02-12 21:29:48.143 27714 27714 E AndroidRuntime: 	at android.os.Handler.dispatchMessage(Handler.java:106)
02-12 21:29:48.143 27714 27714 E AndroidRuntime: 	at android.os.Looper.loop(Looper.java:193)
02-12 21:29:48.143 27714 27714 E AndroidRuntime: 	at android.app.ActivityThread.main(ActivityThread.java:6923)
02-12 21:29:48.143 27714 27714 E AndroidRuntime: 	at java.lang.reflect.Method.invoke(Native Method)
02-12 21:29:48.143 27714 27714 E AndroidRuntime: 	at com.android.internal.os.RuntimeInit$MethodAndArgsCaller.run(RuntimeInit.java:493)
02-12 21:29:48.143 27714 27714 E AndroidRuntime: 	at com.android.internal.os.ZygoteInit.main(ZygoteInit.java:870)
02-12 21:29:48.143 27714 27714 E AndroidRuntime: Caused by: java.lang.RuntimeException: failed to set system property
02-12 21:29:48.143 27714 27714 E AndroidRuntime: 	at android.os.SystemProperties.native_set(Native Method)
02-12 21:29:48.143 27714 27714 E AndroidRuntime: 	at android.os.SystemProperties.set(SystemProperties.java:183)
02-12 21:29:48.143 27714 27714 E AndroidRuntime: 	at com.android.settingslib.development.AbstractLogpersistPreferenceController.updateLogpersistValues(AbstractLogpersistPreferenceController.java:178)
02-12 21:29:48.143 27714 27714 E AndroidRuntime: 	at com.android.settings.development.LogPersistPreferenceController.updateState(LogPersistPreferenceController.java:56)
02-12 21:29:48.143 27714 27714 E AndroidRuntime: 	at com.android.settings.dashboard.DashboardFragment.updatePreferenceStates(DashboardFragment.java:307)
02-12 21:29:48.143 27714 27714 E AndroidRuntime: 	at com.android.settings.dashboard.DashboardFragment.onResume(DashboardFragment.java:169)
02-12 21:29:48.143 27714 27714 E AndroidRuntime: 	at com.android.settings.dashboard.RestrictedDashboardFragment.onResume(RestrictedDashboardFragment.java:137)
02-12 21:29:48.143 27714 27714 E AndroidRuntime: 	at android.app.Fragment.performResume(Fragment.java:2568)
02-12 21:29:48.143 27714 27714 E AndroidRuntime: 	at android.app.FragmentManagerImpl.moveToState(FragmentManager.java:1341)
02-12 21:29:48.143 27714 27714 E AndroidRuntime: 	at android.app.FragmentManagerImpl.moveFragmentToExpectedState(FragmentManager.java:1576)
02-12 21:29:48.143 27714 27714 E AndroidRuntime: 	at android.app.FragmentManagerImpl.moveToState(FragmentManager.java:1637)
02-12 21:29:48.143 27714 27714 E AndroidRuntime: 	at android.app.FragmentManagerImpl.dispatchMoveToState(FragmentManager.java:3046)
02-12 21:29:48.143 27714 27714 E AndroidRuntime: 	at android.app.FragmentManagerImpl.dispatchResume(FragmentManager.java:3008)
02-12 21:29:48.143 27714 27714 E AndroidRuntime: 	at android.app.FragmentController.dispatchResume(FragmentController.java:204)
02-12 21:29:48.143 27714 27714 E AndroidRuntime: 	at android.app.Activity.performResume(Activity.java:7326)
02-12 21:29:48.143 27714 27714 E AndroidRuntime: 	at android.app.ActivityThread.performResumeActivity(ActivityThread.java:3993)
02-12 21:29:48.143 27714 27714 E AndroidRuntime: 	... 11 more
02-12 21:30:01.751 27929 27929 E AndroidRuntime: FATAL EXCEPTION: main
02-12 21:30:01.751 27929 27929 E AndroidRuntime: Process: com.android.settings, PID: 27929
02-12 21:30:01.751 27929 27929 E AndroidRuntime: java.lang.RuntimeException: Unable to resume activity {com.android.settings/com.android.settings.SubSettings}: java.lang.RuntimeException: failed to set system property
02-12 21:30:01.751 27929 27929 E AndroidRuntime: 	at android.app.ActivityThread.performResumeActivity(ActivityThread.java:4001)
02-12 21:30:01.751 27929 27929 E AndroidRuntime: 	at android.app.ActivityThread.handleResumeActivity(ActivityThread.java:4033)
02-12 21:30:01.751 27929 27929 E AndroidRuntime: 	at android.app.servertransaction.ResumeActivityItem.execute(ResumeActivityItem.java:51)
02-12 21:30:01.751 27929 27929 E AndroidRuntime: 	at android.app.servertransaction.TransactionExecutor.executeLifecycleState(TransactionExecutor.java:145)
02-12 21:30:01.751 27929 27929 E AndroidRuntime: 	at android.app.servertransaction.TransactionExecutor.execute(TransactionExecutor.java:70)
02-12 21:30:01.751 27929 27929 E AndroidRuntime: 	at android.app.ActivityThread$H.handleMessage(ActivityThread.java:1977)
02-12 21:30:01.751 27929 27929 E AndroidRuntime: 	at android.os.Handler.dispatchMessage(Handler.java:106)
02-12 21:30:01.751 27929 27929 E AndroidRuntime: 	at android.os.Looper.loop(Looper.java:193)
02-12 21:30:01.751 27929 27929 E AndroidRuntime: 	at android.app.ActivityThread.main(ActivityThread.java:6923)
02-12 21:30:01.751 27929 27929 E AndroidRuntime: 	at java.lang.reflect.Method.invoke(Native Method)
02-12 21:30:01.751 27929 27929 E AndroidRuntime: 	at com.android.internal.os.RuntimeInit$MethodAndArgsCaller.run(RuntimeInit.java:493)
02-12 21:30:01.751 27929 27929 E AndroidRuntime: 	at com.android.internal.os.ZygoteInit.main(ZygoteInit.java:870)
02-12 21:30:01.751 27929 27929 E AndroidRuntime: Caused by: java.lang.RuntimeException: failed to set system property
02-12 21:30:01.751 27929 27929 E AndroidRuntime: 	at android.os.SystemProperties.native_set(Native Method)
02-12 21:30:01.751 27929 27929 E AndroidRuntime: 	at android.os.SystemProperties.set(SystemProperties.java:183)
02-12 21:30:01.751 27929 27929 E AndroidRuntime: 	at com.android.settingslib.development.AbstractLogpersistPreferenceController.setLogpersistOff(AbstractLogpersistPreferenceController.java:185)
02-12 21:30:01.751 27929 27929 E AndroidRuntime: 	at com.android.settingslib.development.AbstractLogpersistPreferenceController.writeLogpersistOption(AbstractLogpersistPreferenceController.java:233)
02-12 21:30:01.751 27929 27929 E AndroidRuntime: 	at com.android.settingslib.development.AbstractLogpersistPreferenceController.onLogdSizeSettingUpdate(AbstractLogpersistPreferenceController.java:129)
02-12 21:30:01.751 27929 27929 E AndroidRuntime: 	at com.android.settingslib.development.AbstractLogpersistPreferenceController.access$000(AbstractLogpersistPreferenceController.java:39)
02-12 21:30:01.751 27929 27929 E AndroidRuntime: 	at com.android.settingslib.development.AbstractLogpersistPreferenceController$1.onReceive(AbstractLogpersistPreferenceController.java:65)
02-12 21:30:01.751 27929 27929 E AndroidRuntime: 	at android.support.v4.content.LocalBroadcastManager.executePendingBroadcasts(LocalBroadcastManager.java:312)
02-12 21:30:01.751 27929 27929 E AndroidRuntime: 	at android.support.v4.content.LocalBroadcastManager.sendBroadcastSync(LocalBroadcastManager.java:290)
02-12 21:30:01.751 27929 27929 E AndroidRuntime: 	at com.android.settingslib.development.AbstractLogdSizePreferenceController.updateLogdSizeValues(AbstractLogdSizePreferenceController.java:112)
02-12 21:30:01.751 27929 27929 E AndroidRuntime: 	at com.android.settings.development.LogdSizePreferenceController.updateState(LogdSizePreferenceController.java:34)
02-12 21:30:01.751 27929 27929 E AndroidRuntime: 	at com.android.settings.dashboard.DashboardFragment.updatePreferenceStates(DashboardFragment.java:307)
02-12 21:30:01.751 27929 27929 E AndroidRuntime: 	at com.android.settings.dashboard.DashboardFragment.onResume(DashboardFragment.java:169)
02-12 21:30:01.751 27929 27929 E AndroidRuntime: 	at com.android.settings.dashboard.RestrictedDashboardFragment.onResume(RestrictedDashboardFragment.java:137)
02-12 21:30:01.751 27929 27929 E AndroidRuntime: 	at android.app.Fragment.performResume(Fragment.java:2568)
02-12 21:30:01.751 27929 27929 E AndroidRuntime: 	at android.app.FragmentManagerImpl.moveToState(FragmentManager.java:1341)
02-12 21:30:01.751 27929 27929 E AndroidRuntime: 	at android.app.FragmentManagerImpl.moveFragmentToExpectedState(FragmentManager.java:1576)
02-12 21:30:01.751 27929 27929 E AndroidRuntime: 	at android.app.FragmentManagerImpl.moveToState(FragmentManager.java:1637)
02-12 21:30:01.751 27929 27929 E AndroidRuntime: 	at android.app.FragmentManagerImpl.dispatchMoveToState(FragmentManager.java:3046)
02-12 21:30:01.751 27929 27929 E AndroidRuntime: 	at android.app.FragmentManagerImpl.dispatchResume(FragmentManager.java:3008)
02-12 21:30:01.751 27929 27929 E AndroidRuntime: 	at android.app.FragmentController.dispatchResume(FragmentController.java:204)
02-12 21:30:01.751 27929 27929 E AndroidRuntime: 	at android.app.Activity.performResume(Activity.java:7326)
02-12 21:30:01.751 27929 27929 E AndroidRuntime: 	at android.app.ActivityThread.performResumeActivity(ActivityThread.java:3993)
02-12 21:30:01.751 27929 27929 E AndroidRuntime: 	... 11 more
--------- beginning of system
02-16 16:00:02.342  2213  2213 I chatty  : uid=1000 system_server expire 10 lines
02-16 16:00:51.214  1302  1507 E storaged: getDiskStats failed with result NOT_SUPPORTED and size 0
02-16 16:01:51.214  1302  1507 E storaged: getDiskStats failed with result NOT_SUPPORTED and size 0
02-16 16:02:19.667  2213  6645 I chatty  : uid=1000(system) Binder:2213_16 expire 4 lines
02-16 16:02:51.215  1302  1507 E storaged: getDiskStats failed with result NOT_SUPPORTED and size 0
02-16 16:03:10.300  2213  2293 I chatty  : uid=1000(system) UEventObserver expire 10 lines
02-16 16:03:51.215  1302  1507 E storaged: getDiskStats failed with result NOT_SUPPORTED and size 0
02-16 16:04:51.216  1302  1507 E storaged: getDiskStats failed with result NOT_SUPPORTED and size 0
02-16 16:04:55.373  2213 27031 I chatty  : uid=1000(system) Binder:2213_1E expire 5 lines
02-16 16:04:55.401  2687  2687 E ActivityThread: Failed to find provider info for com.roaming.android.gsimcontentprovider.GSimContentProvider
02-16 16:04:55.507  2213  2350 I chatty  : uid=1000(system) ConnectivitySer expire 14 lines
02-16 16:04:55.579  2213  2228 I chatty  : uid=1000(system) ActivityManager expire 13 lines
02-16 16:04:55.799  2213 27005 I chatty  : uid=1000(system) Binder:2213_1D expire 4 lines
02-16 16:05:05.539  2687  2687 E ActivityThread: Failed to find provider info for com.roaming.android.gsimcontentprovider.GSimContentProvider
02-16 16:05:05.567  2213  2213 I chatty  : uid=1000 system_server expire 10 lines
02-16 16:05:44.703  2213  4261 I chatty  : uid=1000(system) Binder:2213_10 expire 8 lines
02-16 16:05:51.217  1302  1507 E storaged: getDiskStats failed with result NOT_SUPPORTED and size 0
02-16 16:06:51.217  1302  1507 E storaged: getDiskStats failed with result NOT_SUPPORTED and size 0
02-16 16:06:55.451  2213 16299 I chatty  : uid=1000(system) Binder:2213_1A expire 4 lines
02-16 16:07:51.218  1302  1507 E storaged: getDiskStats failed with result NOT_SUPPORTED and size 0
02-16 16:08:33.641  2687  2687 E ActivityThread: Failed to find provider info for com.roaming.android.gsimcontentprovider.GSimContentProvider
02-16 16:08:33.806  2213  2848 I chatty  : uid=1000(system) Binder:2213_8 expire 6 lines
02-16 16:08:33.869  2213  3137 I chatty  : uid=1000(system) Binder:2213_A expire 6 lines
02-16 16:08:33.922  2687  2687 E ActivityThread: Failed to find provider info for com.roaming.android.gsimcontentprovider.GSimContentProvider
02-16 16:08:34.172  2213  3872 I chatty  : uid=1000(system) Binder:2213_D expire 2 lines
02-16 16:08:43.776  2213  6750 I chatty  : uid=1000(system) Binder:2213_17 expire 2 lines
02-16 16:08:43.865  2687  2687 E ActivityThread: Failed to find provider info for com.roaming.android.gsimcontentprovider.GSimContentProvider
02-16 16:08:43.961  2213  2350 I chatty  : uid=1000(system) ConnectivitySer expire 16 lines
02-16 16:08:51.218  1302  1507 E storaged: getDiskStats failed with result NOT_SUPPORTED and size 0
02-16 16:09:05.718  2687  2687 E ActivityThread: Failed to find provider info for com.roaming.android.gsimcontentprovider.GSimContentProvider
02-16 16:09:14.093  2213  3843 I chatty  : uid=1000(system) Binder:2213_B expire 3 lines
02-16 16:09:14.203  2687  2687 E ActivityThread: Failed to find provider info for com.roaming.android.gsimcontentprovider.GSimContentProvider
02-16 16:09:14.236  2213  2213 I chatty  : uid=1000 system_server expire 4 lines
02-16 16:09:31.157  2213  2227 I chatty  : uid=1000(system) android.bg expire 1 line
02-16 16:09:51.219  1302  1507 E storaged: getDiskStats failed with result NOT_SUPPORTED and size 0
02-16 16:10:51.219  1302  1507 E storaged: getDiskStats failed with result NOT_SUPPORTED and size 0
02-16 16:10:51.269  2213  2293 I chatty  : uid=1000(system) UEventObserver expire 11 lines
02-16 16:11:51.220  1302  1507 E storaged: getDiskStats failed with result NOT_SUPPORTED and size 0
02-16 16:12:51.220  1302  1507 E storaged: getDiskStats failed with result NOT_SUPPORTED and size 0
02-16 16:13:20.944  2213  2831 I chatty  : uid=1000(system) Binder:2213_7 expire 1 line
02-16 16:13:51.221  1302  1507 E storaged: getDiskStats failed with result NOT_SUPPORTED and size 0
02-16 16:14:51.222  1302  1507 E storaged: getDiskStats failed with result NOT_SUPPORTED and size 0
02-16 16:15:51.222  1302  1507 E storaged: getDiskStats failed with result NOT_SUPPORTED and size 0
02-16 16:16:51.223  1302  1507 E storaged: getDiskStats failed with result NOT_SUPPORTED and size 0
02-16 16:17:51.223  1302  1507 E storaged: getDiskStats failed with result NOT_SUPPORTED and size 0
02-16 16:18:51.224  1302  1507 E storaged: getDiskStats failed with result NOT_SUPPORTED and size 0
02-16 16:19:33.340  2213  2293 I chatty  : uid=1000(system) UEventObserver expire 1 line
02-16 16:19:41.438  2213 27113 I chatty  : uid=1000(system) Binder:2213_1F expire 2 lines
02-16 16:19:41.498  2687  2687 E ActivityThread: Failed to find provider info for com.roaming.android.gsimcontentprovider.GSimContentProvider
02-16 16:19:41.609  2213  2350 I chatty  : uid=1000(system) ConnectivitySer expire 11 lines
02-16 16:19:41.668  2213  2228 I chatty  : uid=1000(system) ActivityManager expire 9 lines
02-16 16:19:51.224  1302  1507 E storaged: getDiskStats failed with result NOT_SUPPORTED and size 0
02-16 16:20:02.367 31415 31415 D SystemConfig: Removed unavailable feature android.hardware.nfc.any
02-16 16:20:02.368 31415 31415 D SystemConfig: Removed unavailable feature android.hardware.nfc.hce
02-16 16:20:02.382 31415 31415 D SystemConfig: Removed unavailable feature android.hardware.nfc.hcef
02-16 16:20:02.382 31415 31415 D SystemConfig: Removed unavailable feature android.hardware.nfc.any
02-16 16:20:02.401 31415 31415 D SystemConfig: Removed unavailable feature android.hardware.nfc
02-16 16:20:02.401 31415 31415 D SystemConfig: Removed unavailable feature android.hardware.nfc.any
02-16 16:20:02.449 31415 31415 D SystemConfig: Removed unavailable feature com.motorola.hardware.dtv
02-16 16:20:02.499 31415 31415 D SystemConfig: Removed unavailable feature android.hardware.sensor.compass
02-16 16:20:02.510 31415 31415 D SystemConfig: Removed unavailable feature android.hardware.sensor.compass
02-16 16:20:02.551 31415 31415 W SystemConfig: No directory /oem/etc/motorola/sysconfig, skipping
02-16 16:20:22.295 31473 31473 D ActivityThread: Loading provider com.whatsapp.provider.contact: com.whatsapp.contact.ContactProvider
02-16 16:20:27.068  2213  2350 I chatty  : uid=1000(system) ConnectivitySer expire 19 lines
02-16 16:20:27.079  2213 16299 I chatty  : uid=1000(system) Binder:2213_1A expire 5 lines
02-16 16:20:27.079  2213 27113 I chatty  : uid=1000(system) Binder:2213_1F expire 3 lines
02-16 16:20:27.079  2213  6750 I chatty  : uid=1000(system) Binder:2213_17 expire 1 line
02-16 16:20:29.576  2687  2687 E ActivityThread: Failed to find provider info for com.roaming.android.gsimcontentprovider.GSimContentProvider
02-16 16:20:29.694  2213  3137 I chatty  : uid=1000(system) Binder:2213_A expire 6 lines
02-16 16:20:34.780  2213  2293 I chatty  : uid=1000(system) UEventObserver expire 14 lines
02-16 16:20:51.225  1302  1507 E storaged: getDiskStats failed with result NOT_SUPPORTED and size 0
02-16 16:20:59.511  2687  2687 E ActivityThread: Failed to find provider info for com.roaming.android.gsimcontentprovider.GSimContentProvider
02-16 16:20:59.543  2213  2213 I chatty  : uid=1000 system_server expire 4 lines
02-16 16:20:59.668  2213  4261 I chatty  : uid=1000(system) Binder:2213_10 expire 4 lines
02-16 16:20:59.906  1037 31696 W SocketClient: write error (Broken pipe)
02-16 16:21:01.825  2213  2848 I chatty  : uid=1000(system) Binder:2213_8 expire 3 lines
02-16 16:21:01.931  2213  3097 I chatty  : uid=1000(system) Binder:2213_9 expire 3 lines
02-16 16:21:01.931  2213  2350 I chatty  : uid=1000(system) ConnectivitySer expire 7 lines
02-16 16:21:03.421  1303  1303 I wificond: Unexpected empty scan result!
02-16 16:21:04.119 10810 10965 I Diag_Lib: ImsCmServiceImplRCS_IPC_ID_CONFIGURATION_CHANGE_INDStart
02-16 16:21:04.120 10810 10965 I Diag_Lib: ImsCmServiceImplRCS_IPC_ID_CONFIGURATION_CHANGE_INDEnd
02-16 16:21:04.121 10810 10965 I Diag_Lib: ImsCmServiceImplRCS_IPC_ID_CONFIGURATION_CHANGE_INDStart
02-16 16:21:04.121 10810 10965 I Diag_Lib: ImsCmServiceImplRCS_IPC_ID_CONFIGURATION_CHANGE_INDEnd
02-16 16:21:05.468  2213  2756 I chatty  : uid=1000(system) Binder:2213_6 expire 1 line
02-16 16:21:10.248  2213 20400 I chatty  : uid=1000(system) Binder:2213_1C expire 1 line
02-16 16:21:10.268  2213  2230 I chatty  : uid=1000(system) ActivityManager expire 3 lines
02-16 16:21:12.129  2213  2223 I chatty  : uid=1000(system) Binder:2213_1 expire 3 lines
02-16 16:21:50.585  1302  1507 E storaged: getDiskStats failed with result NOT_SUPPORTED and size 0
02-16 16:22:33.249  2213  4079 I chatty  : uid=1000(system) Binder:2213_E expire 2 lines
02-16 16:22:46.681  2213  2241 I chatty  : uid=1000(system) HwBinder:2213_1 expire 11 lines
02-16 16:22:46.702  2213  2234 I chatty  : uid=1000(system) android.fg expire 10 lines
02-16 16:22:46.754  2213  2232 I chatty  : uid=1000(system) batterystats-wo expire 2 lines
02-16 16:22:50.585  1302  1507 E storaged: getDiskStats failed with result NOT_SUPPORTED and size 0
02-16 16:22:56.747  2213  2239 I chatty  : uid=1000(system) PowerManagerSer expire 4 lines
02-16 16:22:57.514  2213  2236 I chatty  : uid=1000(system) android.display expire 1 line
02-16 16:23:00.931  2213  2311 I chatty  : uid=1000(system) HwBinder:2213_2 expire 15 lines
02-16 16:23:00.994  2213  2419 I chatty  : uid=1000(system) UsbService host expire 12 lines
02-16 16:23:26.347 21607 21607 W ActivityThread: serviceStart lasts for 3514 ms, ServiceArgsData = ServiceArgsData{token=android.os.BinderProxy@799513 startId=1607 args=Intent { act=com.google.android.location.internal.action.AR_TRANSITION_RESULT pkg=com.google.android.gms cmp=com.google.android.gms/com.google.android.location.internal.PendingIntentCallbackService (has extras) }}
02-16 16:23:26.369  2213  2234 I chatty  : uid=1000(system) android.fg expire 16 lines
02-16 16:23:26.412  2213  2293 I chatty  : uid=1000(system) UEventObserver expire 12 lines
02-16 16:23:26.496  2213  2241 I chatty  : uid=1000(system) HwBinder:2213_1 expire 38 lines
02-16 16:24:15.949  2213  2234 I chatty  : uid=1000(system) android.fg expire 34 lines
02-16 16:24:15.976  2213  2293 I chatty  : uid=1000(system) UEventObserver expire 38 lines
02-16 16:24:16.135  2213  2419 I chatty  : uid=1000(system) UsbService host expire 16 lines
02-16 16:24:28.233  2213  2229 I chatty  : uid=1000(system) android.ui expire 2 lines
02-16 16:24:28.258  2213  2311 I chatty  : uid=1000(system) HwBinder:2213_2 expire 30 lines
02-16 16:25:51.876  2213  4261 I chatty  : uid=1000(system) Binder:2213_10 expire 2 lines
02-16 16:25:53.212  2213  2235 I chatty  : uid=1000(system) android.io expire 1 line
02-16 16:25:53.214  2213  2228 I chatty  : uid=1000(system) ActivityManager expire 7 lines
02-16 16:25:53.214  2213  2239 I chatty  : uid=1000(system) PowerManagerSer expire 3 lines
02-16 16:25:53.222  2213  2232 I chatty  : uid=1000(system) batterystats-wo expire 4 lines
02-16 16:25:53.251  2213  2213 I chatty  : uid=1000 system_server expire 2 lines
02-16 16:25:53.332  2213  2236 I chatty  : uid=1000(system) android.display expire 1 line
02-16 16:25:56.068  2213  4079 I chatty  : uid=1000(system) Binder:2213_E expire 1 line
02-16 16:26:02.191  2213  6750 I chatty  : uid=1000(system) Binder:2213_17 expire 1 line
02-16 16:26:02.896  1302  1507 E storaged: getDiskStats failed with result NOT_SUPPORTED and size 0
02-16 16:26:24.915  2213  2230 I chatty  : uid=1000(system) ActivityManager expire 1 line
02-16 16:26:29.594  2213  2293 I chatty  : uid=1000(system) UEventObserver expire 3 lines
02-16 16:26:29.646  2213  2241 I chatty  : uid=1000(system) HwBinder:2213_1 expire 3 lines
02-16 16:26:29.686  2213  2234 I chatty  : uid=1000(system) android.fg expire 35 lines
02-16 16:26:29.771  2213  2293 I chatty  : uid=1000(system) UEventObserver expire 27 lines
02-16 16:26:29.786  2213  2228 I chatty  : uid=1000(system) ActivityManager expire 1 line
02-16 16:26:31.775  2213  2235 I chatty  : uid=1000(system) android.io expire 2 lines
02-16 16:26:34.498  2213  6015 I chatty  : uid=1000(system) Binder:2213_12 expire 1 line
02-16 16:26:39.726  2213  2239 I chatty  : uid=1000(system) PowerManagerSer expire 4 lines
02-16 16:26:39.726  2213  2213 I chatty  : uid=1000 system_server expire 1 line
02-16 16:26:40.225  2213  2236 I chatty  : uid=1000(system) android.display expire 1 line
02-16 16:26:42.604  2213  2311 I chatty  : uid=1000(system) HwBinder:2213_2 expire 40 lines
02-16 16:26:42.779  2213  2419 I chatty  : uid=1000(system) UsbService host expire 16 lines
02-16 16:26:54.915  2213  2241 I chatty  : uid=1000(system) HwBinder:2213_1 expire 11 lines
02-16 16:28:19.546  1302  1507 E storaged: getDiskStats failed with result NOT_SUPPORTED and size 0
02-16 16:28:19.567  2213  2293 I chatty  : uid=1000(system) UEventObserver expire 9 lines
02-16 16:28:19.642  2213  2241 I chatty  : uid=1000(system) HwBinder:2213_1 expire 15 lines
02-16 16:28:19.642  2213  2234 I chatty  : uid=1000(system) android.fg expire 10 lines
02-16 16:28:19.652  2213  2419 I chatty  : uid=1000(system) UsbService host expire 22 lines
02-16 16:28:55.481  2213  2234 I chatty  : uid=1000(system) android.fg expire 32 lines
02-16 16:28:55.502  2213  2241 I chatty  : uid=1000(system) HwBinder:2213_1 expire 35 lines
02-16 16:28:55.558  2213  2293 I chatty  : uid=1000(system) UEventObserver expire 24 lines
02-16 16:29:07.459  2213  2311 I chatty  : uid=1000(system) HwBinder:2213_2 expire 10 lines
02-16 16:29:31.190  2213  2236 I chatty  : uid=1000(system) android.display expire 1 line
02-16 16:30:27.398  1302  1507 E storaged: getDiskStats failed with result NOT_SUPPORTED and size 0
02-16 16:30:29.885  2213  2227 I chatty  : uid=1000(system) android.bg expire 1 line
02-16 16:30:30.879  2213  2311 I chatty  : uid=1000(system) HwBinder:2213_2 expire 10 lines
02-16 16:30:30.882  2213  2234 I chatty  : uid=1000(system) android.fg expire 15 lines
02-16 16:30:30.882  2213  2241 I chatty  : uid=1000(system) HwBinder:2213_1 expire 15 lines
02-16 16:30:30.955  2213  2293 I chatty  : uid=1000(system) UEventObserver expire 11 lines
02-16 16:30:31.029  2213  2419 I chatty  : uid=1000(system) UsbService host expire 18 lines
02-16 16:31:06.742  2213  2234 I chatty  : uid=1000(system) android.fg expire 21 lines
02-16 16:31:06.770  2213  2293 I chatty  : uid=1000(system) UEventObserver expire 18 lines
02-16 16:31:18.504  2213  2241 I chatty  : uid=1000(system) HwBinder:2213_1 expire 25 lines
02-16 16:31:42.169  2213  2311 I chatty  : uid=1000(system) HwBinder:2213_2 expire 8 lines
02-16 16:32:06.897  1302  1507 E storaged: getDiskStats failed with result NOT_SUPPORTED and size 0
02-16 16:32:17.719  2213  2241 I chatty  : uid=1000(system) HwBinder:2213_1 expire 17 lines
02-16 16:32:17.720  2213  2234 I chatty  : uid=1000(system) android.fg expire 11 lines
02-16 16:32:17.777  2213  2419 I chatty  : uid=1000(system) UsbService host expire 4 lines
02-16 16:32:17.786  2213  2293 I chatty  : uid=1000(system) UEventObserver expire 24 lines
02-16 16:32:31.511  2213  6015 I chatty  : uid=1000(system) Binder:2213_12 expire 2 lines
02-16 16:32:32.304  2213  6750 I chatty  : uid=1000(system) Binder:2213_17 expire 1 line
02-16 16:32:32.882  2213  2235 I chatty  : uid=1000(system) android.io expire 1 line
02-16 16:32:32.885  2213  2228 I chatty  : uid=1000(system) ActivityManager expire 6 lines
02-16 16:32:32.891  2213  2239 I chatty  : uid=1000(system) PowerManagerSer expire 3 lines
02-16 16:32:32.896  2213  2232 I chatty  : uid=1000(system) batterystats-wo expire 1 line
02-16 16:32:32.903  2213  2213 I chatty  : uid=1000 system_server expire 6 lines
02-16 16:32:32.906  2213  2227 I chatty  : uid=1000(system) android.bg expire 2 lines
02-16 16:32:32.958  2213  2236 I chatty  : uid=1000(system) android.display expire 1 line
02-16 16:32:35.798  2213  4261 I chatty  : uid=1000(system) Binder:2213_10 expire 1 line
02-16 16:33:06.897  1302  1507 E storaged: getDiskStats failed with result NOT_SUPPORTED and size 0
02-16 16:33:39.024  2213  2293 I chatty  : uid=1000(system) UEventObserver expire 3 lines
02-16 16:34:06.898  1302  1507 E storaged: getDiskStats failed with result NOT_SUPPORTED and size 0
02-16 16:35:06.898  1302  1507 E storaged: getDiskStats failed with result NOT_SUPPORTED and size 0
02-16 16:35:15.329  2213  2230 I chatty  : uid=1000(system) ActivityManager expire 1 line
02-16 16:35:41.063  2213  2223 I chatty  : uid=1000(system) Binder:2213_1 expire 3 lines
02-16 16:35:41.126  2687  2687 E ActivityThread: Failed to find provider info for com.roaming.android.gsimcontentprovider.GSimContentProvider
02-16 16:35:41.161  2213 16299 I chatty  : uid=1000(system) Binder:2213_1A expire 5 lines
02-16 16:35:41.231  2213  2350 I chatty  : uid=1000(system) ConnectivitySer expire 14 lines
02-16 16:36:06.044  2687  2687 E ActivityThread: Failed to find provider info for com.roaming.android.gsimcontentprovider.GSimContentProvider
02-16 16:36:06.263  2213  4079 I chatty  : uid=1000(system) Binder:2213_E expire 6 lines
02-16 16:36:06.316  2213  3871 I chatty  : uid=1000(system) Binder:2213_C expire 3 lines
02-16 16:36:06.899  1302  1507 E storaged: getDiskStats failed with result NOT_SUPPORTED and size 0
02-16 16:36:07.047  2213  2228 I chatty  : uid=1000(system) ActivityManager expire 10 lines
02-16 16:36:38.363  2213  2293 I chatty  : uid=1000(system) UEventObserver expire 10 lines
02-16 16:37:06.900  1302  1507 E storaged: getDiskStats failed with result NOT_SUPPORTED and size 0
02-16 16:37:41.195  2213  2848 I chatty  : uid=1000(system) Binder:2213_8 expire 2 lines
02-16 16:38:06.900  1302  1507 E storaged: getDiskStats failed with result NOT_SUPPORTED and size 0
02-16 16:39:06.901  1302  1507 E storaged: getDiskStats failed with result NOT_SUPPORTED and size 0
02-16 16:40:06.901  1302  1507 E storaged: getDiskStats failed with result NOT_SUPPORTED and size 0
02-16 16:41:06.902  1302  1507 E storaged: getDiskStats failed with result NOT_SUPPORTED and size 0
02-16 16:41:35.179  2213  2213 I chatty  : uid=1000 system_server expire 32 lines
02-16 16:42:06.902  1302  1507 E storaged: getDiskStats failed with result NOT_SUPPORTED and size 0
02-16 16:42:33.007  2213 20400 I chatty  : uid=1000(system) Binder:2213_1C expire 9 lines
02-16 16:42:39.053  2213  6015 I chatty  : uid=1000(system) Binder:2213_12 expire 11 lines
02-16 16:43:06.903  1302  1507 E storaged: getDiskStats failed with result NOT_SUPPORTED and size 0
02-16 16:43:49.455  7895 25105 E ActivityThread: Failed to find provider info for com.motorola.ccc.cce.datausage
02-16 16:43:50.313  7895  8768 E ActivityThread: Failed to find provider info for com.motorola.ccc.cce.datausage
02-16 16:43:51.165  7895 25112 E ActivityThread: Failed to find provider info for com.motorola.ccc.cce.datausage
02-16 16:43:56.229  2213 27127 I chatty  : uid=1000(system) Binder:2213_20 expire 8 lines
02-16 16:44:06.903  1302  1507 E storaged: getDiskStats failed with result NOT_SUPPORTED and size 0
02-16 16:44:08.863  2213  2293 I chatty  : uid=1000(system) UEventObserver expire 8 lines
02-16 16:44:27.194  2687  2687 E ActivityThread: Failed to find provider info for com.roaming.android.gsimcontentprovider.GSimContentProvider
02-16 16:44:27.466  2213  6750 I chatty  : uid=1000(system) Binder:2213_17 expire 11 lines
02-16 16:44:27.472  2213  2213 I chatty  : uid=1000 system_server expire 10 lines
02-16 16:44:35.871  2213  2230 I chatty  : uid=1000(system) ActivityManager expire 3 lines
02-16 16:45:06.904  1302  1507 E storaged: getDiskStats failed with result NOT_SUPPORTED and size 0
02-16 16:45:08.907  2687  2687 E ActivityThread: Failed to find provider info for com.roaming.android.gsimcontentprovider.GSimContentProvider
02-16 16:45:09.275  2213  2350 I chatty  : uid=1000(system) ConnectivitySer expire 13 lines
02-16 16:46:06.904  1302  1507 E storaged: getDiskStats failed with result NOT_SUPPORTED and size 0
02-16 16:46:48.827  2687  2687 E ActivityThread: Failed to find provider info for com.roaming.android.gsimcontentprovider.GSimContentProvider
02-16 16:46:52.876  2687  2687 E ActivityThread: Failed to find provider info for com.roaming.android.gsimcontentprovider.GSimContentProvider
02-16 16:46:53.242  2213 27005 I chatty  : uid=1000(system) Binder:2213_1D expire 3 lines
02-16 16:47:06.905  1302  1507 E storaged: getDiskStats failed with result NOT_SUPPORTED and size 0
02-16 16:47:23.145  2687  2687 E ActivityThread: Failed to find provider info for com.roaming.android.gsimcontentprovider.GSimContentProvider
02-16 16:47:23.387  2687  2687 E ActivityThread: Failed to find provider info for com.roaming.android.gsimcontentprovider.GSimContentProvider
02-16 16:47:23.477  2213  2350 I chatty  : uid=1000(system) ConnectivitySer expire 21 lines
02-16 16:47:23.662  2213 16299 I chatty  : uid=1000(system) Binder:2213_1A expire 5 lines
02-16 16:47:41.176  7895  8242 E ActivityThread: Failed to find provider info for com.motorola.ccc.cce.datausage
02-16 16:47:47.208  2213  2213 I chatty  : uid=1000 system_server expire 3 lines
02-16 16:48:03.692  2213  2228 I chatty  : uid=1000(system) ActivityManager expire 7 lines
02-16 16:48:06.905  1302  1507 E storaged: getDiskStats failed with result NOT_SUPPORTED and size 0
02-16 16:48:50.657  2687  2687 E ActivityThread: Failed to find provider info for com.roaming.android.gsimcontentprovider.GSimContentProvider
02-16 16:49:06.906  1302  1507 E storaged: getDiskStats failed with result NOT_SUPPORTED and size 0
02-16 16:50:06.907  1302  1507 E storaged: getDiskStats failed with result NOT_SUPPORTED and size 0
02-16 16:50:50.699  2213 19663 I chatty  : uid=1000(system) Binder:2213_1B expire 1 line
02-16 16:50:54.206  2687  2687 E ActivityThread: Failed to find provider info for com.roaming.android.gsimcontentprovider.GSimContentProvider
02-16 16:51:03.172  2687  2687 E ActivityThread: Failed to find provider info for com.roaming.android.gsimcontentprovider.GSimContentProvider
02-16 16:51:03.285  2213  6015 I chatty  : uid=1000(system) Binder:2213_12 expire 5 lines
02-16 16:51:06.254  2687  2687 E ActivityThread: Failed to find provider info for com.roaming.android.gsimcontentprovider.GSimContentProvider
02-16 16:51:06.304  2687  2687 E ActivityThread: Failed to find provider info for com.roaming.android.gsimcontentprovider.GSimContentProvider
02-16 16:51:06.432  2213  2223 I chatty  : uid=1000(system) Binder:2213_1 expire 3 lines
02-16 16:51:07.660  1302  1507 E storaged: getDiskStats failed with result NOT_SUPPORTED and size 0
02-16 16:51:11.574  2687  2687 E ActivityThread: Failed to find provider info for com.roaming.android.gsimcontentprovider.GSimContentProvider
02-16 16:51:11.747  2213 27031 I chatty  : uid=1000(system) Binder:2213_1E expire 3 lines
02-16 16:51:12.227  2687  2687 E ActivityThread: Failed to find provider info for com.roaming.android.gsimcontentprovider.GSimContentProvider
02-16 16:51:12.731  2213  2350 I chatty  : uid=1000(system) ConnectivitySer expire 18 lines
02-16 16:51:13.012  1037   873 W SocketClient: write error (Broken pipe)
02-16 16:51:14.897  2213  6184 I chatty  : uid=1000(system) Binder:2213_13 expire 8 lines
02-16 16:51:15.022  2213  4261 I chatty  : uid=1000(system) Binder:2213_10 expire 7 lines
02-16 16:51:32.818  2687  2687 E ActivityThread: Failed to find provider info for com.roaming.android.gsimcontentprovider.GSimContentProvider
02-16 16:51:32.951  2213  6750 I chatty  : uid=1000(system) Binder:2213_17 expire 3 lines
02-16 16:51:32.976  2213  2213 I chatty  : uid=1000 system_server expire 10 lines
02-16 16:51:32.987  2687  2687 E ActivityThread: Failed to find provider info for com.roaming.android.gsimcontentprovider.GSimContentProvider
02-16 16:51:32.988  2213  2228 I chatty  : uid=1000(system) ActivityManager expire 10 lines
02-16 16:51:33.098  2213  2350 I chatty  : uid=1000(system) ConnectivitySer expire 25 lines
02-16 16:51:33.181  2213  5777 I chatty  : uid=1000(system) Binder:2213_11 expire 6 lines
02-16 16:51:33.208  2213 27127 I chatty  : uid=1000(system) Binder:2213_20 expire 7 lines
02-16 16:51:47.300  2687  2687 E ActivityThread: Failed to find provider info for com.roaming.android.gsimcontentprovider.GSimContentProvider
02-16 16:51:49.296  2687  2687 E ActivityThread: Failed to find provider info for com.roaming.android.gsimcontentprovider.GSimContentProvider
02-16 16:51:49.333  2687  2687 E ActivityThread: Failed to find provider info for com.roaming.android.gsimcontentprovider.GSimContentProvider
02-16 16:51:49.578  2213 19663 I chatty  : uid=1000(system) Binder:2213_1B expire 9 lines
02-16 16:51:49.661  2213  4079 I chatty  : uid=1000(system) Binder:2213_E expire 2 lines
02-16 16:52:05.709  2213  2293 I chatty  : uid=1000(system) UEventObserver expire 7 lines
02-16 16:52:05.710  7895 25112 E ActivityThread: Failed to find provider info for com.motorola.ccc.cce.datausage
02-16 16:52:07.661  1302  1507 E storaged: getDiskStats failed with result NOT_SUPPORTED and size 0
02-16 16:52:08.165  2213  2350 I chatty  : uid=1000(system) ConnectivitySer expire 10 lines
02-16 16:52:10.205 10810 10965 I Diag_Lib: ImsCmServiceImplRCS_IPC_ID_CONFIGURATION_CHANGE_INDStart
02-16 16:52:10.205 10810 10965 I Diag_Lib: ImsCmServiceImplRCS_IPC_ID_CONFIGURATION_CHANGE_INDEnd
02-16 16:52:10.206 10810 10965 I Diag_Lib: ImsCmServiceImplRCS_IPC_ID_CONFIGURATION_CHANGE_INDStart
02-16 16:52:10.206 10810 10965 I Diag_Lib: ImsCmServiceImplRCS_IPC_ID_CONFIGURATION_CHANGE_INDEnd
02-16 16:52:31.059  2687  2687 E ActivityThread: Failed to find provider info for com.roaming.android.gsimcontentprovider.GSimContentProvider
02-16 16:52:31.186  2213  7723 I chatty  : uid=1000(system) Binder:2213_18 expire 1 line
02-16 16:52:31.295  2687  2687 E ActivityThread: Failed to find provider info for com.roaming.android.gsimcontentprovider.GSimContentProvider
02-16 16:52:39.892  2687  2687 E ActivityThread: Failed to find provider info for com.roaming.android.gsimcontentprovider.GSimContentProvider
02-16 16:52:39.977  2213  2350 I chatty  : uid=1000(system) ConnectivitySer expire 11 lines
02-16 16:52:44.679  3390  6741 W ContextImpl: Calling a method in the system process without a qualified user: android.app.ContextImpl.sendOrderedBroadcast:1105 android.content.ContextWrapper.sendOrderedBroadcast:481 com.motorola.bach.modemstats.DataStallDetectUtils.keepAlive:636 com.motorola.bach.modemstats.MobileDataStallDetectHandler.handleMessage:109 android.os.Handler.dispatchMessage:106 
02-16 16:52:51.023  2213  6015 I chatty  : uid=1000(system) Binder:2213_12 expire 4 lines
02-16 16:53:07.661  1302  1507 E storaged: getDiskStats failed with result NOT_SUPPORTED and size 0
02-16 16:53:13.152  2687  2687 E ActivityThread: Failed to find provider info for com.roaming.android.gsimcontentprovider.GSimContentProvider
02-16 16:53:13.232  2213  2228 I chatty  : uid=1000(system) ActivityManager expire 8 lines
02-16 16:53:13.403  2687  2687 E ActivityThread: Failed to find provider info for com.roaming.android.gsimcontentprovider.GSimContentProvider
02-16 16:53:13.482  2213  2350 I chatty  : uid=1000(system) ConnectivitySer expire 10 lines
02-16 16:53:13.581  2213 16299 I chatty  : uid=1000(system) Binder:2213_1A expire 4 lines
02-16 16:53:13.684  2213  2848 I chatty  : uid=1000(system) Binder:2213_8 expire 6 lines
02-16 16:54:07.662  1302  1507 E storaged: getDiskStats failed with result NOT_SUPPORTED and size 0
02-16 16:54:20.263  2687  2687 E ActivityThread: Failed to find provider info for com.roaming.android.gsimcontentprovider.GSimContentProvider
02-16 16:54:44.676  2687  2687 E ActivityThread: Failed to find provider info for com.roaming.android.gsimcontentprovider.GSimContentProvider
02-16 16:54:44.712  2213  2213 I chatty  : uid=1000 system_server expire 2 lines
02-16 16:54:44.779  2213  2350 I chatty  : uid=1000(system) ConnectivitySer expire 27 lines
02-16 16:54:54.993  1303  1303 I wificond: Unexpected empty scan result!
02-16 16:54:55.156 10810 10965 I Diag_Lib: ImsCmServiceImplRCS_IPC_ID_CONFIGURATION_CHANGE_INDStart
02-16 16:54:55.156 10810 10965 I Diag_Lib: ImsCmServiceImplRCS_IPC_ID_CONFIGURATION_CHANGE_INDEnd
02-16 16:54:55.157 10810 10965 I Diag_Lib: ImsCmServiceImplRCS_IPC_ID_CONFIGURATION_CHANGE_INDStart
02-16 16:54:55.158 10810 10965 I Diag_Lib: ImsCmServiceImplRCS_IPC_ID_CONFIGURATION_CHANGE_INDEnd
02-16 16:55:07.663  1302  1507 E storaged: getDiskStats failed with result NOT_SUPPORTED and size 0
02-16 16:55:11.459  2213  2350 I chatty  : uid=1000(system) ConnectivitySer expire 2 lines
02-16 16:55:57.118  2213  2227 I chatty  : uid=1000(system) android.bg expire 1 line
02-16 16:56:07.663  1302  1507 E storaged: getDiskStats failed with result NOT_SUPPORTED and size 0
02-16 16:57:07.664  1302  1507 E storaged: getDiskStats failed with result NOT_SUPPORTED and size 0
02-16 16:58:01.723  2687  2687 E ActivityThread: Failed to find provider info for com.roaming.android.gsimcontentprovider.GSimContentProvider
02-16 16:58:01.893  2213  5777 I chatty  : uid=1000(system) Binder:2213_11 expire 4 lines
02-16 16:58:01.959  2213  6645 I chatty  : uid=1000(system) Binder:2213_16 expire 1 line
02-16 16:58:01.968  2213  2213 I chatty  : uid=1000 system_server expire 6 lines
02-16 16:58:02.013  2687  2687 E ActivityThread: Failed to find provider info for com.roaming.android.gsimcontentprovider.GSimContentProvider
02-16 16:58:02.087  2213  2350 I chatty  : uid=1000(system) ConnectivitySer expire 19 lines
02-16 16:58:02.218  2213  4079 I chatty  : uid=1000(system) Binder:2213_E expire 6 lines
02-16 16:58:07.664  1302  1507 E storaged: getDiskStats failed with result NOT_SUPPORTED and size 0
02-16 16:58:12.332  2687  2687 E ActivityThread: Failed to find provider info for com.roaming.android.gsimcontentprovider.GSimContentProvider
02-16 16:58:14.338  2213  2293 I chatty  : uid=1000(system) UEventObserver expire 11 lines
02-16 16:58:14.532  2687  2687 E ActivityThread: Failed to find provider info for com.roaming.android.gsimcontentprovider.GSimContentProvider
02-16 16:58:14.801  2213  6015 I chatty  : uid=1000(system) Binder:2213_12 expire 5 lines
02-16 16:58:14.832  2213 27127 I chatty  : uid=1000(system) Binder:2213_20 expire 4 lines
02-16 16:58:16.402  2213  2228 I chatty  : uid=1000(system) ActivityManager expire 7 lines
02-16 16:58:16.593  2213 19663 I chatty  : uid=1000(system) Binder:2213_1B expire 1 line
02-16 16:58:26.395 10810 10965 I Diag_Lib: ImsCmServiceImplRCS_IPC_ID_CONFIGURATION_CHANGE_INDStart
02-16 16:58:26.395 10810 10965 I Diag_Lib: ImsCmServiceImplRCS_IPC_ID_CONFIGURATION_CHANGE_INDEnd
02-16 16:58:26.396 10810 10965 I Diag_Lib: ImsCmServiceImplRCS_IPC_ID_CONFIGURATION_CHANGE_INDStart
02-16 16:58:26.396 10810 10965 I Diag_Lib: ImsCmServiceImplRCS_IPC_ID_CONFIGURATION_CHANGE_INDEnd
02-16 16:59:00.200  2213  2232 I chatty  : uid=1000(system) batterystats-wo expire 3 lines
02-16 16:59:07.665  1302  1507 E storaged: getDiskStats failed with result NOT_SUPPORTED and size 0
02-16 17:00:07.665  1302  1507 E storaged: getDiskStats failed with result NOT_SUPPORTED and size 0
02-16 17:01:07.666  1302  1507 E storaged: getDiskStats failed with result NOT_SUPPORTED and size 0
02-16 17:02:07.666  1302  1507 E storaged: getDiskStats failed with result NOT_SUPPORTED and size 0
02-16 17:03:07.667  1302  1507 E storaged: getDiskStats failed with result NOT_SUPPORTED and size 0
02-16 17:04:07.667  1302  1507 E storaged: getDiskStats failed with result NOT_SUPPORTED and size 0
02-16 17:05:07.668  1302  1507 E storaged: getDiskStats failed with result NOT_SUPPORTED and size 0
02-16 17:06:07.669  1302  1507 E storaged: getDiskStats failed with result NOT_SUPPORTED and size 0
02-16 17:07:07.669  1302  1507 E storaged: getDiskStats failed with result NOT_SUPPORTED and size 0
02-16 17:08:07.670  1302  1507 E storaged: getDiskStats failed with result NOT_SUPPORTED and size 0
02-16 17:08:28.738  2213  2293 I chatty  : uid=1000(system) UEventObserver expire 14 lines
02-16 17:09:07.670  1302  1507 E storaged: getDiskStats failed with result NOT_SUPPORTED and size 0
02-16 17:10:07.671  1302  1507 E storaged: getDiskStats failed with result NOT_SUPPORTED and size 0
02-16 17:11:07.671  1302  1507 E storaged: getDiskStats failed with result NOT_SUPPORTED and size 0
02-16 17:12:07.672  1302  1507 E storaged: getDiskStats failed with result NOT_SUPPORTED and size 0
02-16 17:13:07.672  1302  1507 E storaged: getDiskStats failed with result NOT_SUPPORTED and size 0
02-16 17:14:03.518   724   724 E ActivityThread: Service com.android.providers.downloads.DownloadJobService has leaked ServiceConnection android.media.MediaScannerConnection@58a9679 that was originally bound here
02-16 17:14:03.518   724   724 E ActivityThread: android.app.ServiceConnectionLeaked: Service com.android.providers.downloads.DownloadJobService has leaked ServiceConnection android.media.MediaScannerConnection@58a9679 that was originally bound here
02-16 17:14:03.518   724   724 E ActivityThread: 	at android.app.LoadedApk$ServiceDispatcher.<init>(LoadedApk.java:1619)
02-16 17:14:03.518   724   724 E ActivityThread: 	at android.app.LoadedApk.getServiceDispatcher(LoadedApk.java:1511)
02-16 17:14:03.518   724   724 E ActivityThread: 	at android.app.ContextImpl.bindServiceCommon(ContextImpl.java:1674)
02-16 17:14:03.518   724   724 E ActivityThread: 	at android.app.ContextImpl.bindService(ContextImpl.java:1627)
02-16 17:14:03.518   724   724 E ActivityThread: 	at android.content.ContextWrapper.bindService(ContextWrapper.java:698)
02-16 17:14:03.518   724   724 E ActivityThread: 	at android.media.MediaScannerConnection.connect(MediaScannerConnection.java:119)
02-16 17:14:03.518   724   724 E ActivityThread: 	at com.android.providers.downloads.DownloadScanner.requestScan(DownloadScanner.java:140)
02-16 17:14:03.518   724   724 E ActivityThread: 	at com.android.providers.downloads.DownloadScanner.requestScanBlocking(DownloadScanner.java:85)
02-16 17:14:03.518   724   724 E ActivityThread: 	at com.android.providers.downloads.DownloadThread.run(DownloadThread.java:434)
02-16 17:14:07.673  1302  1507 E storaged: getDiskStats failed with result NOT_SUPPORTED and size 0
02-16 17:15:07.673  1302  1507 E storaged: getDiskStats failed with result NOT_SUPPORTED and size 0
02-16 17:16:07.674  1302  1507 E storaged: getDiskStats failed with result NOT_SUPPORTED and size 0
02-16 17:16:55.365  2213  2311 I chatty  : uid=1000(system) HwBinder:2213_2 expire 30 lines
02-16 17:16:55.400  2213  2234 I chatty  : uid=1000(system) android.fg expire 23 lines
02-16 17:16:59.003  2213  2848 I chatty  : uid=1000(system) Binder:2213_8 expire 1 line
02-16 17:17:05.418  2213  2239 I chatty  : uid=1000(system) PowerManagerSer expire 4 lines
02-16 17:17:05.976  2213  2236 I chatty  : uid=1000(system) android.display expire 1 line
02-16 17:17:07.675  1302  1507 E storaged: getDiskStats failed with result NOT_SUPPORTED and size 0
02-16 17:17:08.862  2213  2419 I chatty  : uid=1000(system) UsbService host expire 12 lines
02-16 17:17:08.866  2213  2293 I chatty  : uid=1000(system) UEventObserver expire 18 lines
02-16 17:17:33.654  2213  2241 I chatty  : uid=1000(system) HwBinder:2213_1 expire 29 lines
02-16 17:18:10.426  2213  2311 I chatty  : uid=1000(system) HwBinder:2213_2 expire 14 lines
02-16 17:18:10.426  2213  2234 I chatty  : uid=1000(system) android.fg expire 39 lines
02-16 17:18:10.561  2213  2293 I chatty  : uid=1000(system) UEventObserver expire 29 lines
02-16 17:18:22.541  2213  2419 I chatty  : uid=1000(system) UsbService host expire 18 lines
02-16 17:19:10.991  2213  2317 I chatty  : uid=1000(system) HwBinder:2213_4 expire 22 lines
02-16 17:20:10.971  1302  1507 E storaged: getDiskStats failed with result NOT_SUPPORTED and size 0
02-16 17:20:10.989  2213  2317 I chatty  : uid=1000(system) HwBinder:2213_4 expire 10 lines
02-16 17:20:10.990  2213  2234 I chatty  : uid=1000(system) android.fg expire 9 lines
02-16 17:20:11.040  2213  2293 I chatty  : uid=1000(system) UEventObserver expire 6 lines
02-16 17:20:11.140  2213  2419 I chatty  : uid=1000(system) UsbService host expire 4 lines
02-16 17:20:23.149  2213  2241 I chatty  : uid=1000(system) HwBinder:2213_1 expire 51 lines
02-16 17:20:35.043  2213  2293 I chatty  : uid=1000(system) UEventObserver expire 36 lines
02-16 17:20:35.065  2213  2419 I chatty  : uid=1000(system) UsbService host expire 24 lines
02-16 17:20:35.114  2213  2317 I chatty  : uid=1000(system) HwBinder:2213_4 expire 21 lines
02-16 17:20:35.114  2213  2234 I chatty  : uid=1000(system) android.fg expire 49 lines
02-16 17:20:47.399  2213  2227 I chatty  : uid=1000(system) android.bg expire 2 lines
02-16 17:21:34.840  2213  2213 I chatty  : uid=1000 system_server expire 2 lines
02-16 17:22:57.942  2213  2241 I chatty  : uid=1000(system) HwBinder:2213_1 expire 14 lines
02-16 17:22:57.964  2213  2234 I chatty  : uid=1000(system) android.fg expire 31 lines
02-16 17:22:57.964  2213  2317 I chatty  : uid=1000(system) HwBinder:2213_4 expire 34 lines
02-16 17:22:58.015  2213  2293 I chatty  : uid=1000(system) UEventObserver expire 25 lines
02-16 17:22:58.086  2213  2419 I chatty  : uid=1000(system) UsbService host expire 16 lines
02-16 17:24:21.548  1302  1507 E storaged: getDiskStats failed with result NOT_SUPPORTED and size 0
02-16 17:24:32.690  2213  2317 I chatty  : uid=1000(system) HwBinder:2213_4 expire 21 lines
02-16 17:24:32.690  2213  2234 I chatty  : uid=1000(system) android.fg expire 15 lines
02-16 17:24:32.761  2213  2293 I chatty  : uid=1000(system) UEventObserver expire 10 lines
