02-17 21:03:59.887 21607 21607 W ActivityThread: serviceStart lasts for 60825 ms, ServiceArgsData = ServiceArgsData{token=android.os.BinderProxy@799513 startId=4052 args=Intent { act=com.google.android.location.internal.action.AR_TRANSITION_RESULT pkg=com.google.android.gms cmp=com.google.android.gms/com.google.android.location.internal.PendingIntentCallbackService (has extras) }}
02-17 21:11:43.946 21607 21607 W ActivityThread: serviceStart lasts for 35863 ms, ServiceArgsData = ServiceArgsData{token=android.os.BinderProxy@799513 startId=4070 args=Intent { act=com.google.android.location.internal.action.AR_TRANSITION_RESULT pkg=com.google.android.gms cmp=com.google.android.gms/com.google.android.location.internal.PendingIntentCallbackService (has extras) }}
02-17 21:16:18.200  1302  1507 E storaged: getDiskStats failed with result NOT_SUPPORTED and size 0
02-17 21:18:15.897 21607 21607 W ActivityThread: serviceStart lasts for 60816 ms, ServiceArgsData = ServiceArgsData{token=android.os.BinderProxy@799513 startId=4082 args=Intent { act=com.google.android.location.internal.action.AR_TRANSITION_RESULT pkg=com.google.android.gms cmp=com.google.android.gms/com.google.android.location.internal.PendingIntentCallbackService (has extras) }}
02-17 21:18:19.892 21607 21607 W ActivityThread: serviceStart lasts for 3813 ms, ServiceArgsData = ServiceArgsData{token=android.os.BinderProxy@799513 startId=4083 args=Intent { act=com.google.android.location.internal.action.FLP_AR_RESULT pkg=com.google.android.gms cmp=com.google.android.gms/com.google.android.location.internal.PendingIntentCallbackService (has extras) }}
02-17 21:18:19.895 21607 21607 W ActivityThread: serviceStart starts in 3814 ms, ServiceArgsData = ServiceArgsData{token=android.os.BinderProxy@799513 startId=4084 args=Intent { act=com.google.android.location.internal.action.AR_TRANSITION_RESULT pkg=com.google.android.gms cmp=com.google.android.gms/com.google.android.location.internal.PendingIntentCallbackService (has extras) }}
02-17 21:19:23.959 21607 21607 W ActivityThread: serviceStart lasts for 4855 ms, ServiceArgsData = ServiceArgsData{token=android.os.BinderProxy@799513 startId=4086 args=Intent { act=com.google.android.location.internal.action.AR_TRANSITION_RESULT pkg=com.google.android.gms cmp=com.google.android.gms/com.google.android.location.internal.PendingIntentCallbackService (has extras) }}
02-17 21:21:34.350 21607 21607 W ActivityThread: serviceStart lasts for 14291 ms, ServiceArgsData = ServiceArgsData{token=android.os.BinderProxy@799513 startId=4090 args=Intent { act=com.google.android.location.internal.action.AR_TRANSITION_RESULT pkg=com.google.android.gms cmp=com.google.android.gms/com.google.android.location.internal.PendingIntentCallbackService (has extras) }}
02-17 21:22:20.913  2213  2213 I chatty  : uid=1000 system_server expire 12 lines
02-17 21:22:20.920  2213  2227 I chatty  : uid=1000(system) android.bg expire 13 lines
02-17 21:22:21.020  2213  2223 I chatty  : uid=1000(system) Binder:2213_1 expire 1 line
02-17 21:22:21.020  2213  8346 I chatty  : uid=1000(system) Binder:2213_19 expire 3 lines
02-17 21:24:18.765 10810 10965 I Diag_Lib: ImsCmServiceImplRCS_IPC_ID_CONFIGURATION_CHANGE_INDStart
02-17 21:24:18.765 10810 10965 I Diag_Lib: ImsCmServiceImplRCS_IPC_ID_CONFIGURATION_CHANGE_INDEnd
02-17 21:24:18.766 10810 10965 I Diag_Lib: ImsCmServiceImplRCS_IPC_ID_CONFIGURATION_CHANGE_INDStart
02-17 21:24:18.766 10810 10965 I Diag_Lib: ImsCmServiceImplRCS_IPC_ID_CONFIGURATION_CHANGE_INDEnd
02-17 21:28:28.896  2213  2228 I chatty  : uid=1000(system) ActivityManager expire 7 lines
02-17 21:28:29.178  2213  2224 I chatty  : uid=1000(system) Binder:2213_2 expire 3 lines
02-17 21:35:13.261  1302  1507 E storaged: getDiskStats failed with result NOT_SUPPORTED and size 0
02-17 21:39:06.523 21607 21607 W ActivityThread: serviceStart lasts for 38463 ms, ServiceArgsData = ServiceArgsData{token=android.os.BinderProxy@799513 startId=4128 args=Intent { act=com.google.android.location.internal.action.AR_TRANSITION_RESULT pkg=com.google.android.gms cmp=com.google.android.gms/com.google.android.location.internal.PendingIntentCallbackService (has extras) }}
02-17 21:40:46.054 21607 21607 W ActivityThread: serviceStart lasts for 15986 ms, ServiceArgsData = ServiceArgsData{token=android.os.BinderProxy@799513 startId=4131 args=Intent { act=com.google.android.location.internal.action.FLP_AR_RESULT pkg=com.google.android.gms cmp=com.google.android.gms/com.google.android.location.internal.PendingIntentCallbackService (has extras) }}
02-17 21:40:46.055 21607 21607 W ActivityThread: serviceStart starts in 15984 ms, ServiceArgsData = ServiceArgsData{token=android.os.BinderProxy@799513 startId=4132 args=Intent { act=com.google.android.location.internal.action.AR_TRANSITION_RESULT pkg=com.google.android.gms cmp=com.google.android.gms/com.google.android.location.internal.PendingIntentCallbackService (has extras) }}
02-17 21:49:23.610  1302  1507 E storaged: getDiskStats failed with result NOT_SUPPORTED and size 0
02-17 21:49:23.978  2213  2227 I chatty  : uid=1000(system) android.bg expire 10 lines
02-17 21:51:51.022 21607 21607 W ActivityThread: serviceStart lasts for 4941 ms, ServiceArgsData = ServiceArgsData{token=android.os.BinderProxy@799513 startId=4151 args=Intent { act=com.google.android.location.internal.action.FLP_AR_RESULT pkg=com.google.android.gms cmp=com.google.android.gms/com.google.android.location.internal.PendingIntentCallbackService (has extras) }}
02-17 21:51:51.022 21607 21607 W ActivityThread: serviceStart starts in 4940 ms, ServiceArgsData = ServiceArgsData{token=android.os.BinderProxy@799513 startId=4152 args=Intent { act=com.google.android.location.internal.action.AR_TRANSITION_RESULT pkg=com.google.android.gms cmp=com.google.android.gms/com.google.android.location.internal.PendingIntentCallbackService (has extras) }}
02-17 21:53:20.245 21607 21607 W ActivityThread: serviceStart lasts for 33166 ms, ServiceArgsData = ServiceArgsData{token=android.os.BinderProxy@799513 startId=4156 args=Intent { act=com.google.android.location.internal.action.AR_TRANSITION_RESULT pkg=com.google.android.gms cmp=com.google.android.gms/com.google.android.location.internal.PendingIntentCallbackService (has extras) }}
02-17 21:56:09.808 10810 10965 I Diag_Lib: ImsCmServiceImplRCS_IPC_ID_CONFIGURATION_CHANGE_INDStart
02-17 21:56:09.808 10810 10965 I Diag_Lib: ImsCmServiceImplRCS_IPC_ID_CONFIGURATION_CHANGE_INDEnd
02-17 21:56:09.809 10810 10965 I Diag_Lib: ImsCmServiceImplRCS_IPC_ID_CONFIGURATION_CHANGE_INDStart
02-17 21:56:09.809 10810 10965 I Diag_Lib: ImsCmServiceImplRCS_IPC_ID_CONFIGURATION_CHANGE_INDEnd
02-17 21:56:09.858  2687  2687 E ActivityThread: Failed to find provider info for com.roaming.android.gsimcontentprovider.GSimContentProvider
02-17 21:56:09.956  2213  2350 I chatty  : uid=1000(system) ConnectivitySer expire 11 lines
02-17 21:56:10.061  2213  2848 I chatty  : uid=1000(system) Binder:2213_8 expire 2 lines
02-17 21:58:08.091 21607 21607 W ActivityThread: serviceStart lasts for 15820 ms, ServiceArgsData = ServiceArgsData{token=android.os.BinderProxy@799513 startId=4176 args=Intent { act=com.google.android.location.internal.action.AR_TRANSITION_RESULT pkg=com.google.android.gms cmp=com.google.android.gms/com.google.android.location.internal.PendingIntentCallbackService (has extras) }}
02-17 22:01:59.921  2213  2422 I chatty  : uid=1000(system) Binder:2213_4 expire 3 lines
02-17 22:02:04.083  2687  2687 E ActivityThread: Failed to find provider info for com.roaming.android.gsimcontentprovider.GSimContentProvider
02-17 22:02:04.334  2213 27005 I chatty  : uid=1000(system) Binder:2213_1D expire 2 lines
02-17 22:02:07.793  2213  2350 I chatty  : uid=1000(system) ConnectivitySer expire 16 lines
02-17 22:02:09.104  2213 27113 I chatty  : uid=1000(system) Binder:2213_1F expire 2 lines
02-17 22:02:09.180  2213  2293 I chatty  : uid=1000(system) UEventObserver expire 2 lines
02-17 22:02:11.527 10810 10965 I Diag_Lib: ImsCmServiceImplRCS_IPC_ID_CONFIGURATION_CHANGE_INDStart
02-17 22:02:11.527 10810 10965 I Diag_Lib: ImsCmServiceImplRCS_IPC_ID_CONFIGURATION_CHANGE_INDEnd
02-17 22:02:11.528 10810 10965 I Diag_Lib: ImsCmServiceImplRCS_IPC_ID_CONFIGURATION_CHANGE_INDStart
02-17 22:02:11.528 10810 10965 I Diag_Lib: ImsCmServiceImplRCS_IPC_ID_CONFIGURATION_CHANGE_INDEnd
02-17 22:02:13.107  1037 29238 W SocketClient: write error (Broken pipe)
02-17 22:02:41.635  1302  1507 E storaged: getDiskStats failed with result NOT_SUPPORTED and size 0
02-17 22:03:58.443  2213  2213 I chatty  : uid=1000 system_server expire 5 lines
02-17 22:05:06.016  2213  2350 I chatty  : uid=1000(system) ConnectivitySer expire 5 lines
02-17 22:05:06.857 10810 10965 I Diag_Lib: ImsCmServiceImplRCS_IPC_ID_CONFIGURATION_CHANGE_INDStart
02-17 22:05:06.857 10810 10965 I Diag_Lib: ImsCmServiceImplRCS_IPC_ID_CONFIGURATION_CHANGE_INDEnd
02-17 22:05:06.858 10810 10965 I Diag_Lib: ImsCmServiceImplRCS_IPC_ID_CONFIGURATION_CHANGE_INDStart
02-17 22:05:06.858 10810 10965 I Diag_Lib: ImsCmServiceImplRCS_IPC_ID_CONFIGURATION_CHANGE_INDEnd
02-17 22:05:06.887  2687  2687 E ActivityThread: Failed to find provider info for com.roaming.android.gsimcontentprovider.GSimContentProvider
02-17 22:05:07.022  2213  2703 I chatty  : uid=1000(system) Binder:2213_5 expire 1 line
02-17 22:05:07.066  2213  3097 I chatty  : uid=1000(system) Binder:2213_9 expire 2 lines
02-17 22:07:07.867 10810 10965 I Diag_Lib: ImsCmServiceImplRCS_IPC_ID_CONFIGURATION_CHANGE_INDStart
02-17 22:07:07.867 10810 10965 I Diag_Lib: ImsCmServiceImplRCS_IPC_ID_CONFIGURATION_CHANGE_INDEnd
02-17 22:07:07.868 10810 10965 I Diag_Lib: ImsCmServiceImplRCS_IPC_ID_CONFIGURATION_CHANGE_INDStart
02-17 22:07:07.868 10810 10965 I Diag_Lib: ImsCmServiceImplRCS_IPC_ID_CONFIGURATION_CHANGE_INDEnd
02-17 22:07:07.902  2687  2687 E ActivityThread: Failed to find provider info for com.roaming.android.gsimcontentprovider.GSimContentProvider
02-17 22:07:08.100  2213  6501 I chatty  : uid=1000(system) Binder:2213_14 expire 2 lines
02-17 22:10:26.736 21607 21607 W ActivityThread: serviceStart lasts for 21867 ms, ServiceArgsData = ServiceArgsData{token=android.os.BinderProxy@799513 startId=4224 args=Intent { act=com.google.android.location.internal.action.AR_TRANSITION_RESULT pkg=com.google.android.gms cmp=com.google.android.gms/com.google.android.location.internal.PendingIntentCallbackService (has extras) }}
02-17 22:12:06.851  2213  2756 I chatty  : uid=1000(system) Binder:2213_6 expire 1 line
02-17 22:14:09.737  1302  1507 E storaged: getDiskStats failed with result NOT_SUPPORTED and size 0
02-17 22:16:12.209  2213  2230 I chatty  : uid=1000(system) ActivityManager expire 1 line
02-17 22:16:12.492  1037 29460 W SocketClient: write error (Broken pipe)
02-17 22:16:16.831  2213  2227 I chatty  : uid=1000(system) android.bg expire 3 lines
02-17 22:19:42.162 21607 21607 W ActivityThread: serviceStart lasts for 26218 ms, ServiceArgsData = ServiceArgsData{token=android.os.BinderProxy@799513 startId=4250 args=Intent { act=com.google.android.location.internal.action.AR_TRANSITION_RESULT pkg=com.google.android.gms cmp=com.google.android.gms/com.google.android.location.internal.PendingIntentCallbackService (has extras) }}
02-17 22:20:16.759  2213  2303 I chatty  : uid=1000(system) AlarmManager expire 1 line
02-17 22:20:16.805  2213  2230 I chatty  : uid=1000(system) ActivityManager expire 10 lines
02-17 22:21:09.407 21607 21607 W ActivityThread: serviceStart lasts for 52101 ms, ServiceArgsData = ServiceArgsData{token=android.os.BinderProxy@799513 startId=4252 args=Intent { act=com.google.android.location.internal.action.AR_TRANSITION_RESULT pkg=com.google.android.gms cmp=com.google.android.gms/com.google.android.location.internal.PendingIntentCallbackService (has extras) }}
02-17 22:22:19.745 21607 21607 W ActivityThread: serviceStart lasts for 60864 ms, ServiceArgsData = ServiceArgsData{token=android.os.BinderProxy@799513 startId=4254 args=Intent { act=com.google.android.location.internal.action.AR_TRANSITION_RESULT pkg=com.google.android.gms cmp=com.google.android.gms/com.google.android.location.internal.PendingIntentCallbackService (has extras) }}
02-17 22:22:19.747  2213  2293 I chatty  : uid=1000(system) UEventObserver expire 6 lines
02-17 22:22:29.741 21607 21607 W ActivityThread: serviceStart lasts for 9838 ms, ServiceArgsData = ServiceArgsData{token=android.os.BinderProxy@799513 startId=4255 args=Intent { act=com.google.android.location.internal.action.FLP_AR_RESULT pkg=com.google.android.gms cmp=com.google.android.gms/com.google.android.location.internal.PendingIntentCallbackService (has extras) }}
02-17 22:22:29.741 21607 21607 W ActivityThread: serviceStart starts in 9836 ms, ServiceArgsData = ServiceArgsData{token=android.os.BinderProxy@799513 startId=4256 args=Intent { act=com.google.android.location.internal.action.AR_TRANSITION_RESULT pkg=com.google.android.gms cmp=com.google.android.gms/com.google.android.location.internal.PendingIntentCallbackService (has extras) }}
02-17 22:22:29.835  2213  4079 I chatty  : uid=1000(system) Binder:2213_E expire 2 lines
02-17 22:23:20.747  2213  2213 I chatty  : uid=1000 system_server expire 13 lines
02-17 22:23:20.761  2213  2227 I chatty  : uid=1000(system) android.bg expire 12 lines
02-17 22:23:20.949  2213  2228 I chatty  : uid=1000(system) ActivityManager expire 19 lines
02-17 22:24:44.744 21607 21607 W ActivityThread: serviceStart lasts for 22818 ms, ServiceArgsData = ServiceArgsData{token=android.os.BinderProxy@799513 startId=4259 args=Intent { act=com.google.android.location.internal.action.FLP_AR_RESULT pkg=com.google.android.gms cmp=com.google.android.gms/com.google.android.location.internal.PendingIntentCallbackService (has extras) }}
02-17 22:24:44.744 21607 21607 W ActivityThread: serviceStart starts in 22817 ms, ServiceArgsData = ServiceArgsData{token=android.os.BinderProxy@799513 startId=4260 args=Intent { act=com.google.android.location.internal.action.AR_TRANSITION_RESULT pkg=com.google.android.gms cmp=com.google.android.gms/com.google.android.location.internal.PendingIntentCallbackService (has extras) }}
02-17 22:24:44.979  2213  6501 I chatty  : uid=1000(system) Binder:2213_14 expire 6 lines
02-17 22:25:16.741  2213  2229 I chatty  : uid=1000(system) android.ui expire 3 lines
02-17 22:25:17.211 29653 29653 D ActivityThread: Loading provider com.whatsapp.provider.contact: com.whatsapp.contact.ContactProvider
02-17 22:25:17.256  2213  6645 I chatty  : uid=1000(system) Binder:2213_16 expire 3 lines
02-17 22:25:17.544  2213  5777 I chatty  : uid=1000(system) Binder:2213_11 expire 2 lines
02-17 22:28:57.744 21607 21607 W ActivityThread: serviceStart lasts for 31816 ms, ServiceArgsData = ServiceArgsData{token=android.os.BinderProxy@799513 startId=4268 args=Intent { act=com.google.android.location.internal.action.AR_TRANSITION_RESULT pkg=com.google.android.gms cmp=com.google.android.gms/com.google.android.location.internal.PendingIntentCallbackService (has extras) }}
02-17 22:30:59.612 21607 21607 W ActivityThread: serviceStart lasts for 31721 ms, ServiceArgsData = ServiceArgsData{token=android.os.BinderProxy@799513 startId=4274 args=Intent { act=com.google.android.location.internal.action.AR_TRANSITION_RESULT pkg=com.google.android.gms cmp=com.google.android.gms/com.google.android.location.internal.PendingIntentCallbackService (has extras) }}
02-17 22:31:01.117  2213  2313 I chatty  : uid=1000(system) InputReader expire 7 lines
02-17 22:31:01.172  2213  2239 I chatty  : uid=1000(system) PowerManagerSer expire 10 lines
02-17 22:31:01.187  2213  2236 I chatty  : uid=1000(system) android.display expire 7 lines
02-17 22:32:17.746 21607 21607 W ActivityThread: serviceStart lasts for 12852 ms, ServiceArgsData = ServiceArgsData{token=android.os.BinderProxy@799513 startId=4286 args=Intent { act=com.google.android.location.internal.action.AR_TRANSITION_RESULT pkg=com.google.android.gms cmp=com.google.android.gms/com.google.android.location.internal.PendingIntentCallbackService (has extras) }}
02-17 22:37:02.503  2213 27127 I chatty  : uid=1000(system) Binder:2213_20 expire 3 lines
02-17 22:37:02.558  1302  1507 E storaged: getDiskStats failed with result NOT_SUPPORTED and size 0
02-17 22:37:02.889  2213  7723 I chatty  : uid=1000(system) Binder:2213_18 expire 5 lines
02-17 22:37:07.886  2213  6516 I chatty  : uid=1000(system) Binder:2213_15 expire 2 lines
02-17 22:37:10.801 29847 29847 W TextClassifierService: Package or service not found in package com.google.android.as
02-17 22:37:11.178 29847 29866 D androidtc: Loading ModelFile { path=/data/misc/textclassifier/textclassifier.model name=textclassifier.model version=609 locales=en }
02-17 22:37:45.689  2213  2831 I chatty  : uid=1000(system) Binder:2213_7 expire 5 lines
02-17 22:37:45.786  2213 27005 I chatty  : uid=1000(system) Binder:2213_1D expire 1 line
02-17 22:37:45.788  2213  2350 I chatty  : uid=1000(system) ConnectivitySer expire 1 line
02-17 22:37:58.584  2213  4256 I chatty  : uid=1000(system) Binder:2213_F expire 1 line
02-17 22:38:02.558  1302  1507 E storaged: getDiskStats failed with result NOT_SUPPORTED and size 0
02-17 22:38:52.126  2213  2213 I chatty  : uid=1000 system_server expire 11 lines
02-17 22:39:02.559  1302  1507 E storaged: getDiskStats failed with result NOT_SUPPORTED and size 0
02-17 22:39:05.639  2213  2312 I chatty  : uid=1000(system) InputDispatcher expire 1 line
02-17 22:39:07.323  2213  2228 I chatty  : uid=1000(system) ActivityManager expire 10 lines
02-17 22:39:57.704  2213 20400 I chatty  : uid=1000(system) Binder:2213_1C expire 1 line
02-17 22:39:57.709  2213  2234 I chatty  : uid=1000(system) android.fg expire 1 line
02-17 22:42:16.516  1302  1507 E storaged: getDiskStats failed with result NOT_SUPPORTED and size 0
02-17 22:43:30.662  2213  2213 I chatty  : uid=1000 system_server expire 42 lines
02-17 22:54:45.783  2213  2230 I chatty  : uid=1000(system) ActivityManager expire 4 lines
02-17 22:54:46.132 30991 30991 D SystemConfig: Removed unavailable feature android.hardware.nfc.any
02-17 22:54:46.132 30991 30991 D SystemConfig: Removed unavailable feature android.hardware.nfc.hce
02-17 22:54:46.144 30991 30991 D SystemConfig: Removed unavailable feature android.hardware.nfc.hcef
02-17 22:54:46.144 30991 30991 D SystemConfig: Removed unavailable feature android.hardware.nfc.any
02-17 22:54:46.158 30991 30991 D SystemConfig: Removed unavailable feature android.hardware.nfc
02-17 22:54:46.158 30991 30991 D SystemConfig: Removed unavailable feature android.hardware.nfc.any
02-17 22:54:46.204 30991 30991 D SystemConfig: Removed unavailable feature com.motorola.hardware.dtv
02-17 22:54:46.247 30991 30991 D SystemConfig: Removed unavailable feature android.hardware.sensor.compass
02-17 22:54:46.259 30991 30991 D SystemConfig: Removed unavailable feature android.hardware.sensor.compass
02-17 22:54:46.289 30991 30991 W SystemConfig: No directory /oem/etc/motorola/sysconfig, skipping
02-17 22:55:27.775  2213  6015 I chatty  : uid=1000(system) Binder:2213_12 expire 5 lines
02-17 22:55:27.777  2213  2228 I chatty  : uid=1000(system) ActivityManager expire 9 lines
02-17 22:56:58.829 10810 10965 I Diag_Lib: ImsCmServiceImplRCS_IPC_ID_CONFIGURATION_CHANGE_INDStart
02-17 22:56:58.829 10810 10965 I Diag_Lib: ImsCmServiceImplRCS_IPC_ID_CONFIGURATION_CHANGE_INDEnd
02-17 22:56:58.830 10810 10965 I Diag_Lib: ImsCmServiceImplRCS_IPC_ID_CONFIGURATION_CHANGE_INDStart
02-17 22:56:58.830 10810 10965 I Diag_Lib: ImsCmServiceImplRCS_IPC_ID_CONFIGURATION_CHANGE_INDEnd
02-17 23:03:13.794  2213  2227 I chatty  : uid=1000(system) android.bg expire 7 lines
02-17 23:11:37.020  1302  1507 E storaged: getDiskStats failed with result NOT_SUPPORTED and size 0
02-17 23:14:44.759 21607 21607 W ActivityThread: serviceStart lasts for 60834 ms, ServiceArgsData = ServiceArgsData{token=android.os.BinderProxy@799513 startId=4358 args=Intent { act=com.google.android.location.internal.action.AR_TRANSITION_RESULT pkg=com.google.android.gms cmp=com.google.android.gms/com.google.android.location.internal.PendingIntentCallbackService (has extras) }}
02-17 23:18:19.760 21607 21607 W ActivityThread: serviceStart lasts for 30807 ms, ServiceArgsData = ServiceArgsData{token=android.os.BinderProxy@799513 startId=4372 args=Intent { act=com.google.android.location.internal.action.AR_TRANSITION_RESULT pkg=com.google.android.gms cmp=com.google.android.gms/com.google.android.location.internal.PendingIntentCallbackService (has extras) }}
02-17 23:19:01.767  2213  2213 I chatty  : uid=1000 system_server expire 12 lines
02-17 23:23:19.271  2213  2239 I chatty  : uid=1000(system) PowerManagerSer expire 2 lines
02-17 23:23:27.909  2213  3137 I chatty  : uid=1000(system) Binder:2213_A expire 3 lines
02-17 23:23:40.614  2213  2228 I chatty  : uid=1000(system) ActivityManager expire 11 lines
02-17 23:23:47.668  1302  1507 E storaged: getDiskStats failed with result NOT_SUPPORTED and size 0
02-17 23:23:50.017  2213  2293 I chatty  : uid=1000(system) UEventObserver expire 8 lines
02-17 23:23:51.955  2213  2227 I chatty  : uid=1000(system) android.bg expire 12 lines
02-17 23:24:47.669  1302  1507 E storaged: getDiskStats failed with result NOT_SUPPORTED and size 0
02-17 23:25:06.867  2213  2228 I chatty  : uid=1000(system) ActivityManager expire 14 lines
02-17 23:25:24.327  2213  2831 I chatty  : uid=1000(system) Binder:2213_7 expire 2 lines
02-17 23:25:45.017  2431  2431 V DeadZone: consuming errant click: (40.0,48.0)
02-17 23:25:47.669  1302  1507 E storaged: getDiskStats failed with result NOT_SUPPORTED and size 0
02-17 23:26:06.147  2213 19663 I chatty  : uid=1000(system) Binder:2213_1B expire 3 lines
02-17 23:26:13.540  2213  2213 I chatty  : uid=1000 system_server expire 22 lines
02-17 23:26:49.354  1302  1507 E storaged: getDiskStats failed with result NOT_SUPPORTED and size 0
02-17 23:27:01.485  2213  2313 I chatty  : uid=1000(system) InputReader expire 5 lines
02-17 23:27:01.952  2213  2239 I chatty  : uid=1000(system) PowerManagerSer expire 8 lines
02-17 23:27:02.031  2213  2236 I chatty  : uid=1000(system) android.display expire 8 lines
02-17 23:27:02.339  2213  4256 I chatty  : uid=1000(system) Binder:2213_F expire 2 lines
02-17 23:27:02.355  2213  2234 I chatty  : uid=1000(system) android.fg expire 2 lines
02-17 23:30:41.538 21607 21607 W ActivityThread: serviceStart lasts for 7591 ms, ServiceArgsData = ServiceArgsData{token=android.os.BinderProxy@799513 startId=4414 args=Intent { act=com.google.android.location.internal.action.AR_TRANSITION_RESULT pkg=com.google.android.gms cmp=com.google.android.gms/com.google.android.location.internal.PendingIntentCallbackService (has extras) }}
02-17 23:38:35.639  2213  6015 I chatty  : uid=1000(system) Binder:2213_12 expire 6 lines
02-17 23:39:01.712  2213  2312 I chatty  : uid=1000(system) InputDispatcher expire 3 lines
02-17 23:39:02.880  2213  2230 I chatty  : uid=1000(system) ActivityManager expire 11 lines
02-17 23:39:03.517  2213  2291 I chatty  : uid=1000(system) Binder:2213_3 expire 2 lines
02-17 23:39:04.183  2213 20400 I chatty  : uid=1000(system) Binder:2213_1C expire 2 lines
02-17 23:39:06.397  1302  1507 E storaged: getDiskStats failed with result NOT_SUPPORTED and size 0
02-17 23:39:09.097  2213  2213 I chatty  : uid=1000 system_server expire 14 lines
02-17 23:39:09.886  2213  8346 I chatty  : uid=1000(system) Binder:2213_19 expire 1 line
02-17 23:46:50.363 10810 10965 I Diag_Lib: ImsCmServiceImplRCS_IPC_ID_CONFIGURATION_CHANGE_INDStart
02-17 23:46:50.363 10810 10965 I Diag_Lib: ImsCmServiceImplRCS_IPC_ID_CONFIGURATION_CHANGE_INDEnd
02-17 23:46:50.364 10810 10965 I Diag_Lib: ImsCmServiceImplRCS_IPC_ID_CONFIGURATION_CHANGE_INDStart
02-17 23:46:50.364 10810 10965 I Diag_Lib: ImsCmServiceImplRCS_IPC_ID_CONFIGURATION_CHANGE_INDEnd
02-18 00:00:02.141  2213  2228 I chatty  : uid=1000(system) ActivityManager expire 11 lines
02-18 00:18:17.667  1302  1507 E storaged: getDiskStats failed with result NOT_SUPPORTED and size 0
02-18 00:24:18.368  2213  2227 I chatty  : uid=1000(system) android.bg expire 9 lines
02-18 00:24:20.143  2213  6645 I chatty  : uid=1000(system) Binder:2213_16 expire 2 lines
02-18 00:25:18.187 32304 32304 D ActivityThread: Loading provider com.whatsapp.provider.contact: com.whatsapp.contact.ContactProvider
02-18 00:25:19.414  2213  4261 I chatty  : uid=1000(system) Binder:2213_10 expire 1 line
02-18 00:29:36.114  2213  6501 I chatty  : uid=1000(system) Binder:2213_14 expire 1 line
02-18 00:29:49.133  2213  2213 I chatty  : uid=1000 system_server expire 21 lines
02-18 00:35:40.934  1302  1507 E storaged: getDiskStats failed with result NOT_SUPPORTED and size 0
02-18 00:35:51.080  2213  3872 I chatty  : uid=1000(system) Binder:2213_D expire 1 line
02-18 00:36:41.507 10810 10965 I Diag_Lib: ImsCmServiceImplRCS_IPC_ID_CONFIGURATION_CHANGE_INDStart
02-18 00:36:41.507 10810 10965 I Diag_Lib: ImsCmServiceImplRCS_IPC_ID_CONFIGURATION_CHANGE_INDEnd
02-18 00:36:41.508 10810 10965 I Diag_Lib: ImsCmServiceImplRCS_IPC_ID_CONFIGURATION_CHANGE_INDStart
02-18 00:36:41.508 10810 10965 I Diag_Lib: ImsCmServiceImplRCS_IPC_ID_CONFIGURATION_CHANGE_INDEnd
02-18 00:36:41.544  2213  2350 I chatty  : uid=1000(system) ConnectivitySer expire 16 lines
02-18 00:36:53.029  2213  2228 I chatty  : uid=1000(system) ActivityManager expire 4 lines
02-18 00:36:53.031  2213 27127 I chatty  : uid=1000(system) Binder:2213_20 expire 1 line
02-18 00:37:25.172  1037 32573 W SocketClient: write error (Broken pipe)
02-18 00:51:26.727  2213  2350 I chatty  : uid=1000(system) ConnectivitySer expire 18 lines
02-18 01:01:26.124  1302  1507 E storaged: getDiskStats failed with result NOT_SUPPORTED and size 0
02-18 01:26:32.882 10810 10965 I Diag_Lib: ImsCmServiceImplRCS_IPC_ID_CONFIGURATION_CHANGE_INDStart
02-18 01:26:32.882 10810 10965 I Diag_Lib: ImsCmServiceImplRCS_IPC_ID_CONFIGURATION_CHANGE_INDEnd
02-18 01:26:32.883 10810 10965 I Diag_Lib: ImsCmServiceImplRCS_IPC_ID_CONFIGURATION_CHANGE_INDStart
02-18 01:26:32.884 10810 10965 I Diag_Lib: ImsCmServiceImplRCS_IPC_ID_CONFIGURATION_CHANGE_INDEnd
02-18 01:43:32.010  2213  2213 I chatty  : uid=1000 system_server expire 16 lines
02-18 01:46:47.836  2213  2227 I chatty  : uid=1000(system) android.bg expire 5 lines
02-18 01:46:48.053  2213  2228 I chatty  : uid=1000(system) ActivityManager expire 26 lines
02-18 01:46:48.164  2213  2230 I chatty  : uid=1000(system) ActivityManager expire 12 lines
02-18 01:46:48.876  2213  4261 I chatty  : uid=1000(system) Binder:2213_10 expire 1 line
02-18 01:46:55.053  2213  5777 I chatty  : uid=1000(system) Binder:2213_11 expire 5 lines
02-18 01:46:55.060  2213  2236 I chatty  : uid=1000(system) android.display expire 2 lines
02-18 01:47:10.916  2213  6516 I chatty  : uid=1000(system) Binder:2213_15 expire 3 lines
02-18 01:47:16.829  1302  1507 E storaged: getDiskStats failed with result NOT_SUPPORTED and size 0
02-18 01:49:20.928  2213  2213 I chatty  : uid=1000 system_server expire 10 lines
02-18 02:01:41.688  2213  2293 I chatty  : uid=1000(system) UEventObserver expire 5 lines
02-18 02:16:24.257 10810 10965 I Diag_Lib: ImsCmServiceImplRCS_IPC_ID_CONFIGURATION_CHANGE_INDStart
02-18 02:16:24.257 10810 10965 I Diag_Lib: ImsCmServiceImplRCS_IPC_ID_CONFIGURATION_CHANGE_INDEnd
02-18 02:16:24.258 10810 10965 I Diag_Lib: ImsCmServiceImplRCS_IPC_ID_CONFIGURATION_CHANGE_INDStart
02-18 02:16:24.258 10810 10965 I Diag_Lib: ImsCmServiceImplRCS_IPC_ID_CONFIGURATION_CHANGE_INDEnd
02-18 02:16:24.317  2213  7723 I chatty  : uid=1000(system) Binder:2213_18 expire 2 lines
02-18 02:16:37.079  2213 20400 I chatty  : uid=1000(system) Binder:2213_1C expire 1 line
02-18 02:16:37.079  2213  6750 I chatty  : uid=1000(system) Binder:2213_17 expire 1 line
02-18 02:16:37.079  2213 27005 I chatty  : uid=1000(system) Binder:2213_1D expire 2 lines
02-18 02:16:37.080  2213  4256 I chatty  : uid=1000(system) Binder:2213_F expire 2 lines
02-18 02:17:55.681  2213  2232 I chatty  : uid=1000(system) batterystats-wo expire 1 line
02-18 02:22:43.869  1037   753 W SocketClient: write error (Broken pipe)
02-18 02:54:44.092  2213  2350 I chatty  : uid=1000(system) ConnectivitySer expire 14 lines
02-18 02:59:01.974  1302  1507 E storaged: getDiskStats failed with result NOT_SUPPORTED and size 0
02-18 03:06:15.623 10810 10965 I Diag_Lib: ImsCmServiceImplRCS_IPC_ID_CONFIGURATION_CHANGE_INDStart
02-18 03:06:15.624 10810 10965 I Diag_Lib: ImsCmServiceImplRCS_IPC_ID_CONFIGURATION_CHANGE_INDEnd
02-18 03:06:15.625 10810 10965 I Diag_Lib: ImsCmServiceImplRCS_IPC_ID_CONFIGURATION_CHANGE_INDStart
02-18 03:06:15.625 10810 10965 I Diag_Lib: ImsCmServiceImplRCS_IPC_ID_CONFIGURATION_CHANGE_INDEnd
02-18 03:42:34.963  2213  2318 I chatty  : uid=1000(system) NetworkWatchlis expire 2 lines
02-18 03:42:39.742  2213  8346 I chatty  : uid=1000(system) Binder:2213_19 expire 1 line
02-18 03:42:44.519  2213  2224 I chatty  : uid=1000(system) Binder:2213_2 expire 2 lines
02-18 03:42:45.434  2213  2243 I chatty  : uid=1000(system) PackageManager expire 4 lines
02-18 03:42:52.535  2213  6645 I chatty  : uid=1000(system) Binder:2213_16 expire 4 lines
02-18 03:42:52.657  2213  6015 I chatty  : uid=1000(system) Binder:2213_12 expire 2 lines
02-18 03:42:53.001  1602  1638 E ActivityThread: Failed to find provider info for com.facebook.katana.provider.AttributionIdProvider
02-18 03:42:53.045  2213  2230 I chatty  : uid=1000(system) ActivityManager expire 4 lines
02-18 03:42:53.045  2213 16299 I chatty  : uid=1000(system) Binder:2213_1A expire 3 lines
02-18 03:42:53.050  2213  2228 I chatty  : uid=1000(system) ActivityManager expire 6 lines
02-18 03:42:53.174  1650  1670 E ActivityThread: Failed to find provider info for com.facebook.katana.provider.AttributionIdProvider
02-18 03:46:35.760  1302  1507 E storaged: getDiskStats failed with result NOT_SUPPORTED and size 0
02-18 03:56:06.990 10810 10965 I Diag_Lib: ImsCmServiceImplRCS_IPC_ID_CONFIGURATION_CHANGE_INDStart
02-18 03:56:06.990 10810 10965 I Diag_Lib: ImsCmServiceImplRCS_IPC_ID_CONFIGURATION_CHANGE_INDEnd
02-18 03:56:06.991 10810 10965 I Diag_Lib: ImsCmServiceImplRCS_IPC_ID_CONFIGURATION_CHANGE_INDStart
02-18 03:56:06.991 10810 10965 I Diag_Lib: ImsCmServiceImplRCS_IPC_ID_CONFIGURATION_CHANGE_INDEnd
02-18 03:57:23.608  2213 27031 I chatty  : uid=1000(system) Binder:2213_1E expire 1 line
02-18 04:06:31.216  2213  2291 I chatty  : uid=1000(system) Binder:2213_3 expire 2 lines
02-18 04:11:25.005  1037  1819 W SocketClient: write error (Broken pipe)
02-18 04:41:58.849  2213  2350 I chatty  : uid=1000(system) ConnectivitySer expire 6 lines
02-18 04:43:33.044  2213  2213 I chatty  : uid=1000 system_server expire 30 lines
02-18 04:45:58.359 10810 10965 I Diag_Lib: ImsCmServiceImplRCS_IPC_ID_CONFIGURATION_CHANGE_INDStart
02-18 04:45:58.359 10810 10965 I Diag_Lib: ImsCmServiceImplRCS_IPC_ID_CONFIGURATION_CHANGE_INDEnd
02-18 04:45:58.360 10810 10965 I Diag_Lib: ImsCmServiceImplRCS_IPC_ID_CONFIGURATION_CHANGE_INDStart
02-18 04:45:58.360 10810 10965 I Diag_Lib: ImsCmServiceImplRCS_IPC_ID_CONFIGURATION_CHANGE_INDEnd
02-18 04:48:58.981  1302  1507 E storaged: getDiskStats failed with result NOT_SUPPORTED and size 0
02-18 04:49:22.004  2213  2213 I chatty  : uid=1000 system_server expire 11 lines
02-18 05:35:49.701 10810 10965 I Diag_Lib: ImsCmServiceImplRCS_IPC_ID_CONFIGURATION_CHANGE_INDStart
02-18 05:35:49.701 10810 10965 I Diag_Lib: ImsCmServiceImplRCS_IPC_ID_CONFIGURATION_CHANGE_INDEnd
02-18 05:35:49.702 10810 10965 I Diag_Lib: ImsCmServiceImplRCS_IPC_ID_CONFIGURATION_CHANGE_INDStart
02-18 05:35:49.703 10810 10965 I Diag_Lib: ImsCmServiceImplRCS_IPC_ID_CONFIGURATION_CHANGE_INDEnd
02-18 06:25:41.593 10810 10965 I Diag_Lib: ImsCmServiceImplRCS_IPC_ID_CONFIGURATION_CHANGE_INDStart
02-18 06:25:41.593 10810 10965 I Diag_Lib: ImsCmServiceImplRCS_IPC_ID_CONFIGURATION_CHANGE_INDEnd
02-18 06:25:41.594 10810 10965 I Diag_Lib: ImsCmServiceImplRCS_IPC_ID_CONFIGURATION_CHANGE_INDStart
02-18 06:25:41.594 10810 10965 I Diag_Lib: ImsCmServiceImplRCS_IPC_ID_CONFIGURATION_CHANGE_INDEnd
02-18 06:25:54.372  1302  1507 E storaged: getDiskStats failed with result NOT_SUPPORTED and size 0
02-18 06:25:55.307  2213  2350 I chatty  : uid=1000(system) ConnectivitySer expire 11 lines
02-18 06:34:27.724  1037  2392 W SocketClient: write error (Broken pipe)
02-18 06:40:30.368  2213  2293 I chatty  : uid=1000(system) UEventObserver expire 5 lines
02-18 07:01:20.717  2213  2350 I chatty  : uid=1000(system) ConnectivitySer expire 18 lines
02-18 07:01:20.717  2213  2228 I chatty  : uid=1000(system) ActivityManager expire 27 lines
02-18 07:15:32.886 10810 10965 I Diag_Lib: ImsCmServiceImplRCS_IPC_ID_CONFIGURATION_CHANGE_INDStart
02-18 07:15:32.886 10810 10965 I Diag_Lib: ImsCmServiceImplRCS_IPC_ID_CONFIGURATION_CHANGE_INDEnd
02-18 07:15:32.887 10810 10965 I Diag_Lib: ImsCmServiceImplRCS_IPC_ID_CONFIGURATION_CHANGE_INDStart
02-18 07:15:32.888 10810 10965 I Diag_Lib: ImsCmServiceImplRCS_IPC_ID_CONFIGURATION_CHANGE_INDEnd
02-18 07:32:42.003  2213  2227 I chatty  : uid=1000(system) android.bg expire 13 lines
02-18 07:32:42.042  2213  2230 I chatty  : uid=1000(system) ActivityManager expire 10 lines
02-18 07:32:42.868  2774  2774 D ActivityThread: Loading provider com.whatsapp.provider.contact: com.whatsapp.contact.ContactProvider
02-18 07:32:43.145  2213  2223 I chatty  : uid=1000(system) Binder:2213_1 expire 3 lines
02-18 07:32:45.372  2213  6184 I chatty  : uid=1000(system) Binder:2213_13 expire 2 lines
02-18 07:32:45.402  2213  2422 I chatty  : uid=1000(system) Binder:2213_4 expire 1 line
02-18 07:32:45.593  2928  3057 E ActivityThread: Failed to find provider info for com.facebook.appmanager.nekodirect
02-18 07:32:46.194  2213  2848 I chatty  : uid=1000(system) Binder:2213_8 expire 1 line
02-18 07:32:48.618  1302  1507 E storaged: getDiskStats failed with result NOT_SUPPORTED and size 0
02-18 07:36:03.950  2213  2213 I chatty  : uid=1000 system_server expire 49 lines
02-18 07:36:15.953  2213  2291 I chatty  : uid=1000(system) Binder:2213_3 expire 1 line
02-18 07:58:10.676  2213  7723 I chatty  : uid=1000(system) Binder:2213_18 expire 4 lines
02-18 08:01:43.609  1302  1507 E storaged: getDiskStats failed with result NOT_SUPPORTED and size 0
02-18 08:05:23.863  3289  3289 W ActivityThread: serviceCreate starts in 8969 ms, CreateServiceData = CreateServiceData{token=android.os.BinderProxy@8081f12 className=com.google.android.gms.chimera.UiIntentOperationService packageName=com.google.android.gms intent=null}
02-18 08:05:23.899  3289  3289 W ActivityThread: serviceStart starts in 9005 ms, ServiceArgsData = ServiceArgsData{token=android.os.BinderProxy@8081f12 startId=1 args=Intent { act=com.google.android.gms.phenotype.UPDATE flg=0x30 pkg=com.google.android.gms cmp=com.google.android.gms/.chimera.UiIntentOperationService (has extras) }}
02-18 08:05:23.935 10810 10965 I Diag_Lib: ImsCmServiceImplRCS_IPC_ID_CONFIGURATION_CHANGE_INDStart
02-18 08:05:23.935 10810 10965 I Diag_Lib: ImsCmServiceImplRCS_IPC_ID_CONFIGURATION_CHANGE_INDEnd
02-18 08:05:23.936 10810 10965 I Diag_Lib: ImsCmServiceImplRCS_IPC_ID_CONFIGURATION_CHANGE_INDStart
02-18 08:05:23.936 10810 10965 I Diag_Lib: ImsCmServiceImplRCS_IPC_ID_CONFIGURATION_CHANGE_INDEnd
02-18 08:05:37.077  2213  6516 I chatty  : uid=1000(system) Binder:2213_15 expire 2 lines
02-18 08:07:27.079  1037  3403 W SocketClient: write error (Broken pipe)
02-18 08:07:42.046  2213  6015 I chatty  : uid=1000(system) Binder:2213_12 expire 2 lines
02-18 08:19:00.648  2213  2350 I chatty  : uid=1000(system) ConnectivitySer expire 1 line
02-18 08:25:00.972  2213  2213 I chatty  : uid=1000 system_server expire 24 lines
02-18 08:25:01.229  2213  3137 I chatty  : uid=1000(system) Binder:2213_A expire 4 lines
02-18 08:25:01.299  2213  2239 I chatty  : uid=1000(system) PowerManagerSer expire 3 lines
02-18 08:25:01.317  2213  2236 I chatty  : uid=1000(system) android.display expire 2 lines
02-18 08:25:04.125  1302  1507 E storaged: getDiskStats failed with result NOT_SUPPORTED and size 0
02-18 08:25:31.796  2213  2230 I chatty  : uid=1000(system) ActivityManager expire 4 lines
02-18 08:25:32.628  2213  8346 I chatty  : uid=1000(system) Binder:2213_19 expire 4 lines
02-18 08:25:54.344  2213  2224 I chatty  : uid=1000(system) Binder:2213_2 expire 2 lines
02-18 08:26:00.185  2213  3097 I chatty  : uid=1000(system) Binder:2213_9 expire 1 line
02-18 08:26:04.125  1302  1507 E storaged: getDiskStats failed with result NOT_SUPPORTED and size 0
02-18 08:26:23.494  2213  6015 I chatty  : uid=1000(system) Binder:2213_12 expire 6 lines
02-18 08:26:27.539  2213  2293 I chatty  : uid=1000(system) UEventObserver expire 10 lines
02-18 08:27:04.126  1302  1507 E storaged: getDiskStats failed with result NOT_SUPPORTED and size 0
02-18 08:27:34.758  2431  2431 V DeadZone: consuming errant click: (182.0,23.0)
02-18 08:27:34.758  2431  2431 V DeadZone: consuming errant click: (182.0,23.0)
02-18 08:28:04.126  1302  1507 E storaged: getDiskStats failed with result NOT_SUPPORTED and size 0
02-18 08:29:03.033  2213  2227 I chatty  : uid=1000(system) android.bg expire 4 lines
02-18 08:29:04.127  1302  1507 E storaged: getDiskStats failed with result NOT_SUPPORTED and size 0
02-18 08:29:18.439  2213  2228 I chatty  : uid=1000(system) ActivityManager expire 19 lines
02-18 08:30:04.127  1302  1507 E storaged: getDiskStats failed with result NOT_SUPPORTED and size 0
02-18 08:30:04.950  2431  2431 V DeadZone: consuming errant click: (40.0,48.0)
02-18 08:30:54.943  2213  4256 I chatty  : uid=1000(system) Binder:2213_F expire 3 lines
02-18 08:30:54.943  2213  2350 I chatty  : uid=1000(system) ConnectivitySer expire 5 lines
02-18 08:30:55.963  2213  2230 I chatty  : uid=1000(system) ActivityManager expire 11 lines
02-18 08:30:56.722  2213  6516 I chatty  : uid=1000(system) Binder:2213_15 expire 5 lines
02-18 08:30:57.004  2213 20400 I chatty  : uid=1000(system) Binder:2213_1C expire 3 lines
02-18 08:30:57.005  2213  6184 I chatty  : uid=1000(system) Binder:2213_13 expire 6 lines
02-18 08:30:57.328  2213  3843 I chatty  : uid=1000(system) Binder:2213_B expire 1 line
02-18 08:30:57.542  2213  2422 I chatty  : uid=1000(system) Binder:2213_4 expire 1 line
02-18 08:31:00.282  2213  6645 I chatty  : uid=1000(system) Binder:2213_16 expire 1 line
02-18 08:31:00.326  2213  7723 I chatty  : uid=1000(system) Binder:2213_18 expire 1 line
02-18 08:31:03.743  2213  8346 I chatty  : uid=1000(system) Binder:2213_19 expire 7 lines
02-18 08:31:04.128  1302  1507 E storaged: getDiskStats failed with result NOT_SUPPORTED and size 0
02-18 08:32:04.129  1302  1507 E storaged: getDiskStats failed with result NOT_SUPPORTED and size 0
02-18 08:32:27.036  2213  2213 I chatty  : uid=1000 system_server expire 13 lines
02-18 08:32:52.075  2213  2291 I chatty  : uid=1000(system) Binder:2213_3 expire 1 line
02-18 08:32:57.377  2213  2756 I chatty  : uid=1000(system) Binder:2213_6 expire 1 line
02-18 08:33:04.129  1302  1507 E storaged: getDiskStats failed with result NOT_SUPPORTED and size 0
02-18 08:33:41.630  2213  2223 I chatty  : uid=1000(system) Binder:2213_1 expire 1 line
02-18 08:33:41.631  2213  2848 I chatty  : uid=1000(system) Binder:2213_8 expire 3 lines
02-18 08:34:04.130  1302  1507 E storaged: getDiskStats failed with result NOT_SUPPORTED and size 0
02-18 08:35:04.130  1302  1507 E storaged: getDiskStats failed with result NOT_SUPPORTED and size 0
02-18 08:35:59.542  2431  2431 V DeadZone: consuming errant click: (40.0,48.0)
02-18 08:36:04.131  1302  1507 E storaged: getDiskStats failed with result NOT_SUPPORTED and size 0
02-18 08:36:35.257  2431  2431 V DeadZone: consuming errant click: (40.0,48.0)
02-18 08:36:41.930  2213  2293 I chatty  : uid=1000(system) UEventObserver expire 10 lines
02-18 08:37:04.131  1302  1507 E storaged: getDiskStats failed with result NOT_SUPPORTED and size 0
02-18 08:37:25.767  2431  2431 V DeadZone: consuming errant click: (40.0,48.0)
02-18 08:37:26.213  2213 27005 I chatty  : uid=1000(system) Binder:2213_1D expire 2 lines
02-18 08:37:56.023  2431  2431 V DeadZone: consuming errant click: (40.0,48.0)
02-18 08:38:04.132  1302  1507 E storaged: getDiskStats failed with result NOT_SUPPORTED and size 0
02-18 08:39:04.132  1302  1507 E storaged: getDiskStats failed with result NOT_SUPPORTED and size 0
02-18 08:39:06.090  2431  2431 V DeadZone: consuming errant click: (40.0,48.0)
02-18 08:39:33.291  2431  2431 V DeadZone: consuming errant click: (40.0,48.0)
02-18 08:40:04.133  1302  1507 E storaged: getDiskStats failed with result NOT_SUPPORTED and size 0
02-18 08:40:15.747  2431  2431 V DeadZone: consuming errant click: (40.0,48.0)
02-18 08:40:50.225  2431  2431 V DeadZone: consuming errant click: (40.0,48.0)
02-18 08:41:04.134  1302  1507 E storaged: getDiskStats failed with result NOT_SUPPORTED and size 0
02-18 08:41:08.153  2213  2213 I chatty  : uid=1000 system_server expire 15 lines
02-18 08:42:04.134  1302  1507 E storaged: getDiskStats failed with result NOT_SUPPORTED and size 0
02-18 08:43:04.135  1302  1507 E storaged: getDiskStats failed with result NOT_SUPPORTED and size 0
02-18 08:43:34.233  2431  2431 V DeadZone: consuming errant click: (40.0,48.0)
02-18 08:44:04.135  1302  1507 E storaged: getDiskStats failed with result NOT_SUPPORTED and size 0
02-18 08:45:04.136  1302  1507 E storaged: getDiskStats failed with result NOT_SUPPORTED and size 0
02-18 08:45:54.890  2213  2293 I chatty  : uid=1000(system) UEventObserver expire 8 lines
02-18 08:46:04.136  1302  1507 E storaged: getDiskStats failed with result NOT_SUPPORTED and size 0
02-18 08:47:04.137  1302  1507 E storaged: getDiskStats failed with result NOT_SUPPORTED and size 0
02-18 08:48:04.138  1302  1507 E storaged: getDiskStats failed with result NOT_SUPPORTED and size 0
02-18 08:48:40.879  2213  2213 I chatty  : uid=1000 system_server expire 30 lines
02-18 08:49:04.138  1302  1507 E storaged: getDiskStats failed with result NOT_SUPPORTED and size 0
02-18 08:50:04.139  1302  1507 E storaged: getDiskStats failed with result NOT_SUPPORTED and size 0
02-18 08:51:04.139  1302  1507 E storaged: getDiskStats failed with result NOT_SUPPORTED and size 0
02-18 08:52:00.013  2213  2313 I chatty  : uid=1000(system) InputReader expire 4 lines
02-18 08:52:00.496  2213  2239 I chatty  : uid=1000(system) PowerManagerSer expire 9 lines
02-18 08:52:00.575  2213  2236 I chatty  : uid=1000(system) android.display expire 4 lines
02-18 08:52:00.910  2213  2234 I chatty  : uid=1000(system) android.fg expire 1 line
02-18 08:52:09.328  1302  1507 E storaged: getDiskStats failed with result NOT_SUPPORTED and size 0
02-18 08:53:01.019 10810 10965 I Diag_Lib: ImsCmServiceImplRCS_IPC_ID_CONFIGURATION_CHANGE_INDStart
02-18 08:53:01.019 10810 10965 I Diag_Lib: ImsCmServiceImplRCS_IPC_ID_CONFIGURATION_CHANGE_INDEnd
02-18 08:53:01.020 10810 10965 I Diag_Lib: ImsCmServiceImplRCS_IPC_ID_CONFIGURATION_CHANGE_INDStart
02-18 08:53:01.020 10810 10965 I Diag_Lib: ImsCmServiceImplRCS_IPC_ID_CONFIGURATION_CHANGE_INDEnd
02-18 08:53:01.103  2687  2687 E ActivityThread: Failed to find provider info for com.roaming.android.gsimcontentprovider.GSimContentProvider
02-18 08:53:01.381  2213  3137 I chatty  : uid=1000(system) Binder:2213_A expire 5 lines
02-18 08:54:11.591  7852  7852 W ActivityThread: serviceCreate lasts for 4424 ms, CreateServiceData = CreateServiceData{token=android.os.BinderProxy@6f4e9ae className=com.google.android.apps.gmm.directions.commute.setup.service.CommuteSetupService packageName=com.google.android.apps.maps intent=null}
02-18 08:55:31.455  2213  2224 I chatty  : uid=1000(system) Binder:2213_2 expire 2 lines
02-18 08:55:31.456  2213  2228 I chatty  : uid=1000(system) ActivityManager expire 1 line
02-18 08:55:31.586  8003  8045 E ActivityThread: Failed to find provider info for com.facebook.appmanager.nekodirect
02-18 09:01:59.245  2213  2703 I chatty  : uid=1000(system) Binder:2213_5 expire 1 line
02-18 09:02:03.378  2213  6015 I chatty  : uid=1000(system) Binder:2213_12 expire 9 lines
02-18 09:02:03.938 10810 10965 I Diag_Lib: ImsCmServiceImplRCS_IPC_ID_CONFIGURATION_CHANGE_INDStart
02-18 09:02:03.938 10810 10965 I Diag_Lib: ImsCmServiceImplRCS_IPC_ID_CONFIGURATION_CHANGE_INDEnd
02-18 09:02:03.939 10810 10965 I Diag_Lib: ImsCmServiceImplRCS_IPC_ID_CONFIGURATION_CHANGE_INDStart
02-18 09:02:03.940 10810 10965 I Diag_Lib: ImsCmServiceImplRCS_IPC_ID_CONFIGURATION_CHANGE_INDEnd
02-18 09:02:03.987  2687  2687 E ActivityThread: Failed to find provider info for com.roaming.android.gsimcontentprovider.GSimContentProvider
02-18 09:02:04.107  2213 27113 I chatty  : uid=1000(system) Binder:2213_1F expire 2 lines
02-18 09:02:04.107  2213  2350 I chatty  : uid=1000(system) ConnectivitySer expire 2 lines
02-18 09:02:04.174  2213  3871 I chatty  : uid=1000(system) Binder:2213_C expire 6 lines
02-18 09:02:11.723  1302  1507 E storaged: getDiskStats failed with result NOT_SUPPORTED and size 0
02-18 09:02:12.923  2213  2293 I chatty  : uid=1000(system) UEventObserver expire 6 lines
02-18 09:03:09.994  2213  2227 I chatty  : uid=1000(system) android.bg expire 7 lines
02-18 09:03:16.039  2213  2213 I chatty  : uid=1000 system_server expire 11 lines
02-18 09:12:30.492  2213  2313 I chatty  : uid=1000(system) InputReader expire 8 lines
02-18 09:12:30.530  2213  2239 I chatty  : uid=1000(system) PowerManagerSer expire 10 lines
02-18 09:12:30.531  2213  2236 I chatty  : uid=1000(system) android.display expire 9 lines
02-18 09:12:31.041  2213  2224 I chatty  : uid=1000(system) Binder:2213_2 expire 5 lines
02-18 09:12:36.660  2213  2228 I chatty  : uid=1000(system) ActivityManager expire 12 lines
02-18 09:12:36.680  2213  2831 I chatty  : uid=1000(system) Binder:2213_7 expire 4 lines
02-18 09:13:06.132  1302  1507 E storaged: getDiskStats failed with result NOT_SUPPORTED and size 0
02-18 09:13:07.154  2213  2213 I chatty  : uid=1000 system_server expire 15 lines
02-18 09:13:08.002  2213  2234 I chatty  : uid=1000(system) android.fg expire 6 lines
02-18 09:13:44.364  2213  2422 I chatty  : uid=1000(system) Binder:2213_4 expire 3 lines
02-18 09:16:36.420 21607 21607 W ActivityThread: serviceStart lasts for 42303 ms, ServiceArgsData = ServiceArgsData{token=android.os.BinderProxy@799513 startId=4584 args=Intent { act=com.google.android.location.internal.action.AR_TRANSITION_RESULT pkg=com.google.android.gms cmp=com.google.android.gms/com.google.android.location.internal.PendingIntentCallbackService (has extras) }}
02-18 09:20:37.575 21607 21607 W ActivityThread: serviceStart lasts for 37341 ms, ServiceArgsData = ServiceArgsData{token=android.os.BinderProxy@799513 startId=4598 args=Intent { act=com.google.android.location.internal.action.AR_TRANSITION_RESULT pkg=com.google.android.gms cmp=com.google.android.gms/com.google.android.location.internal.PendingIntentCallbackService (has extras) }}
02-18 09:27:18.610  1302  1507 E storaged: getDiskStats failed with result NOT_SUPPORTED and size 0
02-18 09:28:04.748  2213  2213 I chatty  : uid=1000 system_server expire 16 lines
02-18 09:28:04.789  2213  2239 I chatty  : uid=1000(system) PowerManagerSer expire 9 lines
02-18 09:28:08.816  2213  2228 I chatty  : uid=1000(system) ActivityManager expire 14 lines
02-18 09:28:58.641  1302  1507 E storaged: getDiskStats failed with result NOT_SUPPORTED and size 0
02-18 09:29:06.765  2213  2213 I chatty  : uid=1000 system_server expire 16 lines
02-18 09:29:20.997  2213  6501 I chatty  : uid=1000(system) Binder:2213_14 expire 6 lines
02-18 09:30:07.156  1302  1507 E storaged: getDiskStats failed with result NOT_SUPPORTED and size 0
02-18 09:30:30.667  2213  2228 I chatty  : uid=1000(system) ActivityManager expire 12 lines
02-18 09:30:34.318  2213  2229 I chatty  : uid=1000(system) android.ui expire 1 line
02-18 09:30:40.471  2213  2213 I chatty  : uid=1000 system_server expire 8 lines
02-18 09:30:47.002  2213  2312 I chatty  : uid=1000(system) InputDispatcher expire 1 line
02-18 09:30:48.566  2213  2230 I chatty  : uid=1000(system) ActivityManager expire 3 lines
02-18 09:30:48.932  2213  2756 I chatty  : uid=1000(system) Binder:2213_6 expire 3 lines
02-18 09:30:49.051  2213 20400 I chatty  : uid=1000(system) Binder:2213_1C expire 1 line
02-18 09:30:58.544  2213  6750 I chatty  : uid=1000(system) Binder:2213_17 expire 1 line
02-18 09:31:01.716  2213  2848 I chatty  : uid=1000(system) Binder:2213_8 expire 1 line
02-18 09:31:07.159  1302  1507 E storaged: getDiskStats failed with result NOT_SUPPORTED and size 0
02-18 09:31:45.851  2213  2228 I chatty  : uid=1000(system) ActivityManager expire 15 lines
02-18 09:31:55.831  2213  2213 I chatty  : uid=1000 system_server expire 13 lines
02-18 09:31:56.278  2213  2239 I chatty  : uid=1000(system) PowerManagerSer expire 14 lines
02-18 09:31:56.353  2213  2236 I chatty  : uid=1000(system) android.display expire 12 lines
02-18 09:32:02.025  2213  6750 I chatty  : uid=1000(system) Binder:2213_17 expire 1 line
02-18 09:32:02.035  2213  2234 I chatty  : uid=1000(system) android.fg expire 2 lines
02-18 09:32:41.970  2213  2230 I chatty  : uid=1000(system) ActivityManager expire 11 lines
02-18 09:34:58.210  1302  1507 E storaged: getDiskStats failed with result NOT_SUPPORTED and size 0
02-18 09:34:59.221  2213  2227 I chatty  : uid=1000(system) android.bg expire 6 lines
02-18 09:39:00.134  2213  2293 I chatty  : uid=1000(system) UEventObserver expire 8 lines
02-18 09:41:56.782 21607 21607 W ActivityThread: serviceStart lasts for 52434 ms, ServiceArgsData = ServiceArgsData{token=android.os.BinderProxy@799513 startId=4642 args=Intent { act=com.google.android.location.internal.action.AR_TRANSITION_RESULT pkg=com.google.android.gms cmp=com.google.android.gms/com.google.android.location.internal.PendingIntentCallbackService (has extras) }}
02-18 09:44:05.023  2213  6501 I chatty  : uid=1000(system) Binder:2213_14 expire 2 lines
02-18 09:44:30.249  2213  2313 I chatty  : uid=1000(system) InputReader expire 5 lines
